Archive member included because of file (symbol)

c:/program files (x86)/atmel/studio/7.0/toolchain/arm/arm-gnu-toolchain/bin/../lib/gcc/arm-none-eabi/4.9.3/../../../../arm-none-eabi/lib/armv7-m\libstdc++_nano.a(pure.o)
                              src/Print.o (__cxa_pure_virtual)
c:/program files (x86)/atmel/studio/7.0/toolchain/arm/arm-gnu-toolchain/bin/../lib/gcc/arm-none-eabi/4.9.3/../../../../arm-none-eabi/lib/armv7-m\libstdc++_nano.a(eh_terminate.o)
                              c:/program files (x86)/atmel/studio/7.0/toolchain/arm/arm-gnu-toolchain/bin/../lib/gcc/arm-none-eabi/4.9.3/../../../../arm-none-eabi/lib/armv7-m\libstdc++_nano.a(pure.o) (std::terminate())
c:/program files (x86)/atmel/studio/7.0/toolchain/arm/arm-gnu-toolchain/bin/../lib/gcc/arm-none-eabi/4.9.3/../../../../arm-none-eabi/lib/armv7-m\libstdc++_nano.a(eh_unex_handler.o)
                              c:/program files (x86)/atmel/studio/7.0/toolchain/arm/arm-gnu-toolchain/bin/../lib/gcc/arm-none-eabi/4.9.3/../../../../arm-none-eabi/lib/armv7-m\libstdc++_nano.a(eh_terminate.o) (__cxxabiv1::__unexpected_handler)
c:/program files (x86)/atmel/studio/7.0/toolchain/arm/arm-gnu-toolchain/bin/../lib/gcc/arm-none-eabi/4.9.3/../../../../arm-none-eabi/lib/armv7-m\libstdc++_nano.a(eh_term_handler.o)
                              c:/program files (x86)/atmel/studio/7.0/toolchain/arm/arm-gnu-toolchain/bin/../lib/gcc/arm-none-eabi/4.9.3/../../../../arm-none-eabi/lib/armv7-m\libstdc++_nano.a(eh_terminate.o) (__cxxabiv1::__terminate_handler)
c:/program files (x86)/atmel/studio/7.0/toolchain/arm/arm-gnu-toolchain/bin/../lib/gcc/arm-none-eabi/4.9.3/../../../../arm-none-eabi/lib/armv7-m\libstdc++_nano.a(vterminate.o)
                              c:/program files (x86)/atmel/studio/7.0/toolchain/arm/arm-gnu-toolchain/bin/../lib/gcc/arm-none-eabi/4.9.3/../../../../arm-none-eabi/lib/armv7-m\libstdc++_nano.a(eh_term_handler.o) (__gnu_cxx::__verbose_terminate_handler())
c:/program files (x86)/atmel/studio/7.0/toolchain/arm/arm-gnu-toolchain/bin/../lib/gcc/arm-none-eabi/4.9.3/../../../../arm-none-eabi/lib/armv7-m\libstdc++_nano.a(cp-demangle.o)
                              c:/program files (x86)/atmel/studio/7.0/toolchain/arm/arm-gnu-toolchain/bin/../lib/gcc/arm-none-eabi/4.9.3/../../../../arm-none-eabi/lib/armv7-m\libstdc++_nano.a(vterminate.o) (__cxa_demangle)
c:/program files (x86)/atmel/studio/7.0/toolchain/arm/arm-gnu-toolchain/bin/../lib/gcc/arm-none-eabi/4.9.3/../../../../arm-none-eabi/lib/armv7-m\libstdc++_nano.a(eh_type.o)
                              c:/program files (x86)/atmel/studio/7.0/toolchain/arm/arm-gnu-toolchain/bin/../lib/gcc/arm-none-eabi/4.9.3/../../../../arm-none-eabi/lib/armv7-m\libstdc++_nano.a(vterminate.o) (__cxa_current_exception_type)
c:/program files (x86)/atmel/studio/7.0/toolchain/arm/arm-gnu-toolchain/bin/../lib/gcc/arm-none-eabi/4.9.3/../../../../arm-none-eabi/lib/armv7-m\libstdc++_nano.a(eh_globals.o)
                              c:/program files (x86)/atmel/studio/7.0/toolchain/arm/arm-gnu-toolchain/bin/../lib/gcc/arm-none-eabi/4.9.3/../../../../arm-none-eabi/lib/armv7-m\libstdc++_nano.a(eh_type.o) (__cxa_get_globals)
c:/program files (x86)/atmel/studio/7.0/toolchain/arm/arm-gnu-toolchain/bin/../lib/gcc/arm-none-eabi/4.9.3/armv7-m\libgcc.a(_arm_addsubdf3.o)
                              src/PanelDue.o (__aeabi_dsub)
c:/program files (x86)/atmel/studio/7.0/toolchain/arm/arm-gnu-toolchain/bin/../lib/gcc/arm-none-eabi/4.9.3/armv7-m\libgcc.a(_arm_muldivdf3.o)
                              src/PanelDue.o (__aeabi_dmul)
c:/program files (x86)/atmel/studio/7.0/toolchain/arm/arm-gnu-toolchain/bin/../lib/gcc/arm-none-eabi/4.9.3/armv7-m\libgcc.a(_arm_cmpdf2.o)
                              src/PanelDue.o (__aeabi_dcmplt)
c:/program files (x86)/atmel/studio/7.0/toolchain/arm/arm-gnu-toolchain/bin/../lib/gcc/arm-none-eabi/4.9.3/armv7-m\libgcc.a(_arm_unorddf2.o)
                              src/Print.o (__aeabi_dcmpun)
c:/program files (x86)/atmel/studio/7.0/toolchain/arm/arm-gnu-toolchain/bin/../lib/gcc/arm-none-eabi/4.9.3/armv7-m\libgcc.a(_arm_fixdfsi.o)
                              src/PanelDue.o (__aeabi_d2iz)
c:/program files (x86)/atmel/studio/7.0/toolchain/arm/arm-gnu-toolchain/bin/../lib/gcc/arm-none-eabi/4.9.3/armv7-m\libgcc.a(_arm_fixunsdfsi.o)
                              src/PanelDue.o (__aeabi_d2uiz)
c:/program files (x86)/atmel/studio/7.0/toolchain/arm/arm-gnu-toolchain/bin/../lib/gcc/arm-none-eabi/4.9.3/armv7-m\libgcc.a(_arm_truncdfsf2.o)
                              src/PanelDue.o (__aeabi_d2f)
c:/program files (x86)/atmel/studio/7.0/toolchain/arm/arm-gnu-toolchain/bin/../lib/gcc/arm-none-eabi/4.9.3/armv7-m\libgcc.a(_arm_addsubsf3.o)
                              src/PanelDue.o (__aeabi_fadd)
c:/program files (x86)/atmel/studio/7.0/toolchain/arm/arm-gnu-toolchain/bin/../lib/gcc/arm-none-eabi/4.9.3/armv7-m\libgcc.a(_arm_cmpsf2.o)
[...]
Memory Configuration

Name             Origin             Length             Attributes
rom              0x00400000         0x00020000         xr
ram              0x20000000         0x00008000         xrw
*default*        0x00000000         0xffffffff

Linker script and memory map

LOAD c:/program files (x86)/atmel/studio/7.0/toolchain/arm/arm-gnu-toolchain/bin/../lib/gcc/arm-none-eabi/4.9.3/armv7-m/crti.o
LOAD c:/program files (x86)/atmel/studio/7.0/toolchain/arm/arm-gnu-toolchain/bin/../lib/gcc/arm-none-eabi/4.9.3/armv7-m/crtbegin.o
LOAD c:/program files (x86)/atmel/studio/7.0/toolchain/arm/arm-gnu-toolchain/bin/../lib/gcc/arm-none-eabi/4.9.3/../../../../arm-none-eabi/lib/armv7-m/crt0.o
LOAD src/ASF/sam/drivers/efc/efc.o
LOAD src/Icons/HomeIcons.o
LOAD src/Icons/KeyIcons.o
LOAD src/Icons/MiscIcons.o
LOAD src/Icons/NozzleIcons.o
LOAD src/Library/Misc.o
LOAD src/MessageLog.o
LOAD src/RequestTimer.o
LOAD src/ASF/sam/drivers/matrix/matrix.o
LOAD src/ASF/sam/drivers/pwm/pwm.o
LOAD src/ASF/sam/drivers/rstc/rstc.o
LOAD src/ASF/sam/services/flash_efc/flash_efc.o
LOAD src/Fields.o
LOAD src/FileManager.o
LOAD src/Fonts/glcd19x21.o
LOAD src/Fonts/glcd28x32.o
LOAD src/Hardware/Buzzer.o
LOAD src/Hardware/FlashStorage.o
LOAD src/Hardware/Mem.o
LOAD src/Hardware/OneBitPort.o
LOAD src/Hardware/SerialIo.o
LOAD src/Hardware/SysTick.o
LOAD src/Hardware/UTFT.o
LOAD src/Hardware/UTouch.o
LOAD src/ASF/sam/drivers/uart/uart.o
LOAD src/Display.o
LOAD src/PanelDue.o
LOAD src/Print.o
LOAD src/ASF/common/services/clock/sam3s/sysclk.o
LOAD src/ASF/common/services/delay/sam/cycle_counter.o
LOAD src/ASF/sam/drivers/pio/pio.o
LOAD src/ASF/sam/drivers/pio/pio_handler.o
LOAD src/ASF/sam/drivers/pmc/pmc.o
LOAD src/ASF/sam/drivers/pmc/sleep.o
LOAD src/ASF/sam/drivers/wdt/wdt.o
LOAD src/ASF/common/boards/user_board/init.o
LOAD src/ASF/common/utils/interrupt/interrupt_sam_nvic.o
LOAD src/ASF/sam/utils/cmsis/sam3s/source/templates/exceptions.o
LOAD src/ASF/sam/utils/cmsis/sam3s/source/templates/gcc/startup_sam3s.o
LOAD src/ASF/sam/utils/cmsis/sam3s/source/templates/system_sam3s.o
LOAD src/ASF/sam/utils/syscalls/gcc/syscalls.o
START GROUP
LOAD ../src/ASF/thirdparty/CMSIS/Lib/GCC\libarm_cortexM3l_math.a
END GROUP
LOAD c:/program files (x86)/atmel/studio/7.0/toolchain/arm/arm-gnu-toolchain/bin/../lib/gcc/arm-none-eabi/4.9.3/../../../../arm-none-eabi/lib/armv7-m\libstdc++_nano.a
LOAD c:/program files (x86)/atmel/studio/7.0/toolchain/arm/arm-gnu-toolchain/bin/../lib/gcc/arm-none-eabi/4.9.3/../../../../arm-none-eabi/lib/armv7-m\libm.a
START GROUP
LOAD c:/program files (x86)/atmel/studio/7.0/toolchain/arm/arm-gnu-toolchain/bin/../lib/gcc/arm-none-eabi/4.9.3/armv7-m\libgcc.a
LOAD c:/program files (x86)/atmel/studio/7.0/toolchain/arm/arm-gnu-toolchain/bin/../lib/gcc/arm-none-eabi/4.9.3/../../../../arm-none-eabi/lib/armv7-m\libc_nano.a
END GROUP
START GROUP
LOAD c:/program files (x86)/atmel/studio/7.0/toolchain/arm/arm-gnu-toolchain/bin/../lib/gcc/arm-none-eabi/4.9.3/armv7-m\libgcc.a
LOAD c:/program files (x86)/atmel/studio/7.0/toolchain/arm/arm-gnu-toolchain/bin/../lib/gcc/arm-none-eabi/4.9.3/../../../../arm-none-eabi/lib/armv7-m\libc_nano.a
END GROUP
LOAD c:/program files (x86)/atmel/studio/7.0/toolchain/arm/arm-gnu-toolchain/bin/../lib/gcc/arm-none-eabi/4.9.3/armv7-m/crtend.o
LOAD c:/program files (x86)/atmel/studio/7.0/toolchain/arm/arm-gnu-toolchain/bin/../lib/gcc/arm-none-eabi/4.9.3/armv7-m/crtn.o
                0x00002000                __stack_size__ = DEFINED (__stack_size__)?__stack_size__:0x2000
                0x20007ffc                __ram_end__ = ((ORIGIN (ram) + 0x8000) - 0x4)
                0x00400000                __flash_start__ = ORIGIN (rom)
                0x00420000                __flash_end__ = (ORIGIN (rom) + 0x20000)

.text           0x00400000    0x19660
                0x00400000                . = ALIGN (0x4)
                0x00400000                _sfixed = .
 *(.vectors .vectors.*)
 .vectors       0x00400000       0xd0 src/ASF/sam/utils/cmsis/sam3s/source/templates/gcc/startup_sam3s.o
                0x00400000                exception_table
 *(.text .text.* .gnu.linkonce.t.*)
 .text          0x004000d0       0x5c c:/program files (x86)/atmel/studio/7.0/toolchain/arm/arm-gnu-toolchain/bin/../lib/gcc/arm-none-eabi/4.9.3/armv7-m/crtbegin.o
 .text.efc_get_wait_state
                0x0040012c        0x8 src/ASF/sam/drivers/efc/efc.o
                0x0040012c                efc_get_wait_state
 .text.efc_disable_frdy_interrupt
                0x00400134       0x14 src/ASF/sam/drivers/efc/efc.o
                0x00400134                efc_disable_frdy_interrupt
 .text.efc_set_wait_state
                0x00400148       0x1c src/ASF/sam/drivers/efc/efc.o
                0x00400148                efc_set_wait_state
 .text.efc_perform_command
                0x00400164       0x2c src/ASF/sam/drivers/efc/efc.o
                0x00400164                efc_perform_command
 .text._Z11safeStrncpyPcPKcj
                0x00400190       0x24 src/Library/Misc.o
                0x00400190                safeStrncpy(char*, char const*, unsigned int)
 .text._ZN10MessageLog14UpdateMessagesEb
                0x004001b4      0x160 src/MessageLog.o
                0x004001b4                MessageLog::UpdateMessages(bool)
 .text._ZN10MessageLog4InitEv
                0x00400314       0x24 src/MessageLog.o
                0x00400314                MessageLog::Init()
 .text._ZN10MessageLog17DisplayNewMessageEv
                0x00400338       0x20 src/MessageLog.o
                0x00400338                MessageLog::DisplayNewMessage()
 .text._ZN10MessageLog15BeginNewMessageEv
                0x00400358       0x10 src/MessageLog.o
                0x00400358                MessageLog::BeginNewMessage()
 .text._ZN10MessageLog14FindSplitPointEPKcjt
                0x00400368       0xd4 src/MessageLog.o
                0x00400368                MessageLog::FindSplitPoint(char const*, unsigned int, unsigned short)
 .text._ZN10MessageLog13AppendMessageEPKc
                0x0040043c      0x124 src/MessageLog.o
                0x0040043c                MessageLog::AppendMessage(char const*)
 .text.startup._GLOBAL__sub_I__ZN10MessageLog4InitEv
                0x00400560      0x134 src/MessageLog.o
 .text._ZN12RequestTimerC2EmPKcS1_
                0x00400694       0x10 src/RequestTimer.o
                0x00400694                RequestTimer::RequestTimer(unsigned long, char const*, char const*)
                0x00400694                RequestTimer::RequestTimer(unsigned long, char const*, char const*)
 .text._ZN12RequestTimer7ProcessEv
                0x004006a4       0x64 src/RequestTimer.o
                0x004006a4                RequestTimer::Process()
 .text.matrix_set_system_io
                0x00400708        0xc src/ASF/sam/drivers/matrix/matrix.o
                0x00400708                matrix_set_system_io
 .text.pwm_clocks_generate
                0x00400714       0x50 src/ASF/sam/drivers/pwm/pwm.o
 .text.pwm_init
                0x00400764       0x40 src/ASF/sam/drivers/pwm/pwm.o
                0x00400764                pwm_init
 .text.pwm_channel_init
                0x004007a4       0xdc src/ASF/sam/drivers/pwm/pwm.o
                0x004007a4                pwm_channel_init
 .text.pwm_channel_enable
                0x00400880        0x8 src/ASF/sam/drivers/pwm/pwm.o
                0x00400880                pwm_channel_enable
 .text.pwm_channel_disable
                0x00400888        0x8 src/ASF/sam/drivers/pwm/pwm.o
                0x00400888                pwm_channel_disable
 .text.rstc_start_software_reset
                0x00400890        0xc src/ASF/sam/drivers/rstc/rstc.o
                0x00400890                rstc_start_software_reset
 .text.flash_write
                0x0040089c       0xe4 src/ASF/sam/services/flash_efc/flash_efc.o
                0x0040089c                flash_write
 .text.flash_lock
                0x00400980       0x5c src/ASF/sam/services/flash_efc/flash_efc.o
                0x00400980                flash_lock
 .text.flash_unlock
                0x004009dc       0x5c src/ASF/sam/services/flash_efc/flash_efc.o
                0x004009dc                flash_unlock
 .text._ZN6Fields13AddTextButtonEtjjPKc5EventS1_
                0x00400a38       0x64 src/Fields.o
                0x00400a38                Fields::AddTextButton(unsigned short, unsigned int, unsigned int, char const*, Event, char const*)
 .text._ZN6Fields16AddIntegerButtonEtjjPKcS1_5Event
                0x00400a9c       0x70 src/Fields.o
                0x00400a9c                Fields::AddIntegerButton(unsigned short, unsigned int, unsigned int, char const*, char const*, Event)
 .text._ZN6Fields13AddIconButtonEtjjPKt5EventPKc
                0x00400b0c       0x64 src/Fields.o
                0x00400b0c                Fields::AddIconButton(unsigned short, unsigned int, unsigned int, unsigned short const*, Event, char const*)
 .text._ZN6Fields21CreateStringButtonRowEP6WindowttttjPKPKcS5_5Eventi
                0x00400b70       0xcc src/Fields.o
                0x00400b70                Fields::CreateStringButtonRow(Window*, unsigned short, unsigned short, unsigned short, unsigned short, unsigned int, char const* const*, char const* const*, Event, int)
 .text._ZN6Fields17CreateIntPopupBarEtjPKPKcPKi5EventS6_
                0x00400c3c       0xc4 src/Fields.o
                0x00400c3c                Fields::CreateIntPopupBar(unsigned short, unsigned int, char const* const*, int const*, Event, Event)
 .text._ZN6Fields21CreateTemperatureGridEv
                0x00400d00      0x1e0 src/Fields.o
                0x00400d00                Fields::CreateTemperatureGrid()
 .text._ZN6Fields22CreateControlTabFieldsEv
                0x00400ee0      0x1fc src/Fields.o
                0x00400ee0                Fields::CreateControlTabFields()
 .text._ZN6Fields23CreatePrintingTabFieldsEv
                0x004010dc      0x350 src/Fields.o
                0x004010dc                Fields::CreatePrintingTabFields()
 .text._ZN6Fields22CreateMessageTabFieldsEv
                0x0040142c      0x13c src/Fields.o
                0x0040142c                Fields::CreateMessageTabFields()
 .text._ZN6Fields20CreateSetupTabFieldsEm
                0x00401568      0x1f0 src/Fields.o
                0x00401568                Fields::CreateSetupTabFields(unsigned long)
 .text._ZN6Fields24CreateIntegerAdjustPopupEv
                0x00401758       0x34 src/Fields.o
                0x00401758                Fields::CreateIntegerAdjustPopup()
 .text._ZN6Fields15CreateMovePopupEv
                0x0040178c      0x23c src/Fields.o
                0x0040178c                Fields::CreateMovePopup()
 .text._ZN6Fields18CreateExtrudePopupEv
                0x004019c8      0x208 src/Fields.o
                0x004019c8                Fields::CreateExtrudePopup()
 .text._ZN6Fields19CreateFileListPopupEv
                0x00401bd0      0x1ec src/Fields.o
                0x00401bd0                Fields::CreateFileListPopup()
 .text._ZN6Fields21CreateFileActionPopupEv
                0x00401dbc      0x26c src/Fields.o
                0x00401dbc                Fields::CreateFileActionPopup()
 .text._ZN6Fields21CreateAreYouSurePopupEv
                0x00402028      0x134 src/Fields.o
                0x00402028                Fields::CreateAreYouSurePopup()
 .text._ZN6Fields19CreateBaudRatePopupEv
                0x0040215c       0x34 src/Fields.o
                0x0040215c                Fields::CreateBaudRatePopup()
 .text._ZN6Fields17CreateVolumePopupEv
                0x00402190       0x34 src/Fields.o
                0x00402190                Fields::CreateVolumePopup()
 .text._ZN6Fields19CreateLanguagePopupEv
                0x004021c4       0x34 src/Fields.o
                0x004021c4                Fields::CreateLanguagePopup()
 .text._ZN6Fields19CreateKeyboardPopupEm
                0x004021f8      0x250 src/Fields.o
                0x004021f8                Fields::CreateKeyboardPopup(unsigned long)
 .text._ZN6Fields12CreateFieldsEm
                0x00402448      0x340 src/Fields.o
                0x00402448                Fields::CreateFields(unsigned long)
 .text._ZN6Fields16SettingsAreSavedEb
                0x00402788       0x20 src/Fields.o
                0x00402788                Fields::SettingsAreSaved(bool)
 .text._ZN6Fields15ShowFilesButtonEv
                0x004027a8       0x40 src/Fields.o
                0x004027a8                Fields::ShowFilesButton()
 .text._ZN6Fields15ShowPauseButtonEv
                0x004027e8       0x40 src/Fields.o
                0x004027e8                Fields::ShowPauseButton()
 .text._ZN6Fields26ShowResumeAndCancelButtonsEv
                0x00402828       0x40 src/Fields.o
                0x00402828                Fields::ShowResumeAndCancelButtons()
 .text.startup._GLOBAL__sub_I_currentTemps
                0x00402868      0x170 src/Fields.o
 .text._ZN11FileManager7FileSetC2E5EventS1_PKcS3_
                0x004029d8       0x80 src/FileManager.o
                0x004029d8                FileManager::FileSet::FileSet(Event, Event, char const*, char const*)
                0x004029d8                FileManager::FileSet::FileSet(Event, Event, char const*, char const*)
 .text._ZNK11FileManager7FileSet10IsInSubdirEv
                0x00402a58       0x9c src/FileManager.o
                0x00402a58                FileManager::FileSet::IsInSubdir() const
 .text._ZN11FileManager7FileSet12RefreshPopupEv
                0x00402af4      0x1cc src/FileManager.o
                0x00402af4                FileManager::FileSet::RefreshPopup()
 .text._ZN11FileManager7FileSet7DisplayEv
                0x00402cc0       0x58 src/FileManager.o
                0x00402cc0                FileManager::FileSet::Display()
 .text._ZN11FileManager7FileSet6ReloadEiRK6StringILj100EE
                0x00402d18       0x54 src/FileManager.o
                0x00402d18                FileManager::FileSet::Reload(int, String<100u> const&)
 .text._ZN11FileManager7FileSet16RequestParentDirEv
                0x00402d6c       0x84 src/FileManager.o
                0x00402d6c                FileManager::FileSet::RequestParentDir()
 .text._ZN11FileManager7FileSet13RequestSubdirEPKc
                0x00402df0       0xac src/FileManager.o
                0x00402df0                FileManager::FileSet::RequestSubdir(char const*)
 .text._ZN11FileManager15BeginNewMessageEv
                0x00402e9c       0x20 src/FileManager.o
                0x00402e9c                FileManager::BeginNewMessage()
 .text._ZN11FileManager18EndReceivedMessageEb
                0x00402ebc      0x104 src/FileManager.o
                0x00402ebc                FileManager::EndReceivedMessage(bool)
 .text._ZN11FileManager19BeginReceivingFilesEv
                0x00402fc0       0x4c src/FileManager.o
                0x00402fc0                FileManager::BeginReceivingFiles()
 .text._ZN11FileManager11ReceiveFileEPKc
                0x0040300c       0xa4 src/FileManager.o
                0x0040300c                FileManager::ReceiveFile(char const*)
 .text._ZN11FileManager20ReceiveDirectoryNameEPKc
                0x004030b0       0x48 src/FileManager.o
                0x004030b0                FileManager::ReceiveDirectoryName(char const*)
 .text._ZN11FileManager16DisplayFilesListEv
                0x004030f8       0x14 src/FileManager.o
                0x004030f8                FileManager::DisplayFilesList()
 .text._ZN11FileManager17DisplayMacrosListEv
                0x0040310c       0x14 src/FileManager.o
                0x0040310c                FileManager::DisplayMacrosList()
 .text._ZN11FileManager6ScrollEi
                0x00403120       0x28 src/FileManager.o
                0x00403120                FileManager::Scroll(int)
 .text._ZN11FileManager18RequestFilesSubdirEPKc
                0x00403148       0x14 src/FileManager.o
                0x00403148                FileManager::RequestFilesSubdir(char const*)
 .text._ZN11FileManager19RequestMacrosSubdirEPKc
                0x0040315c       0x14 src/FileManager.o
                0x0040315c                FileManager::RequestMacrosSubdir(char const*)
 .text._ZN11FileManager21RequestFilesParentDirEv
                0x00403170       0x14 src/FileManager.o
                0x00403170                FileManager::RequestFilesParentDir()
 .text._ZN11FileManager22RequestMacrosParentDirEv
                0x00403184       0x14 src/FileManager.o
                0x00403184                FileManager::RequestMacrosParentDir()
 .text._ZN11FileManager11GetFilesDirEv
                0x00403198        0x8 src/FileManager.o
                0x00403198                FileManager::GetFilesDir()
 .text._ZN11FileManager12GetMacrosDirEv
                0x004031a0        0x8 src/FileManager.o
                0x004031a0                FileManager::GetMacrosDir()
 .text._ZN11FileManager16RefreshFilesListEv
                0x004031a8       0x10 src/FileManager.o
                0x004031a8                FileManager::RefreshFilesList()
 .text._ZN11FileManager13ProcessTimersEv
                0x004031b8       0x1c src/FileManager.o
                0x004031b8                FileManager::ProcessTimers()
 .text.startup._GLOBAL__sub_I__ZN11FileManager9filesRootE
                0x004031d4      0x1a8 src/FileManager.o
 .text._ZN6Buzzer4InitEv
                0x0040337c       0x70 src/Hardware/Buzzer.o
                0x0040337c                Buzzer::Init()
 .text._ZN6Buzzer4BeepEmmm
                0x004033ec       0xa8 src/Hardware/Buzzer.o
                0x004033ec                Buzzer::Beep(unsigned long, unsigned long, unsigned long)
 .text._ZN6Buzzer4TickEv
                0x00403494       0x30 src/Hardware/Buzzer.o
                0x00403494                Buzzer::Tick()
 .text._ZN6Buzzer5NoisyEv
                0x004034c4       0x10 src/Hardware/Buzzer.o
                0x004034c4                Buzzer::Noisy()
 .text._ZN12FlashStorage4readEmPvm
                0x004034d4       0x18 src/Hardware/FlashStorage.o
                0x004034d4                FlashStorage::read(unsigned long, void*, unsigned long)
 .text._ZN12FlashStorage5writeEmPKvm
                0x004034ec      0x104 src/Hardware/FlashStorage.o
                0x004034ec                FlashStorage::write(unsigned long, void const*, unsigned long)
 .text._Znwj    0x004035f0       0x1c src/Hardware/Mem.o
                0x004035f0                operator new(unsigned int)
 .text._Z13getFreeMemoryv
                0x0040360c       0x24 src/Hardware/Mem.o
                0x0040360c                getFreeMemory()
 .text._ZN10OneBitPortC2Ej
                0x00403630       0x28 src/Hardware/OneBitPort.o
                0x00403630                OneBitPort::OneBitPort(unsigned int)
                0x00403630                OneBitPort::OneBitPort(unsigned int)
 .text._ZN10OneBitPort7setModeENS_8PortModeE
                0x00403658       0x30 src/Hardware/OneBitPort.o
                0x00403658                OneBitPort::setMode(OneBitPort::PortMode)
 .text._ZN10OneBitPort5delayEh
                0x00403688       0x14 src/Hardware/OneBitPort.o
                0x00403688                OneBitPort::delay(unsigned char)
 .text._ZN8SerialIoL12ProcessFieldEv
                0x0040369c       0x28 src/Hardware/SerialIo.o
 .text._ZN8SerialIo4InitEm
                0x004036c4       0x74 src/Hardware/SerialIo.o
                0x004036c4                SerialIo::Init(unsigned long)
 .text._ZN8SerialIo19SendCharAndChecksumEc
                0x00403738       0x34 src/Hardware/SerialIo.o
                0x00403738                SerialIo::SendCharAndChecksum(char)
 .text._ZN8SerialIo7SendIntEi
                0x0040376c       0x44 src/Hardware/SerialIo.o
                0x0040376c                SerialIo::SendInt(int)
 .text._ZN8SerialIo8SendCharEc
                0x004037b0       0xdc src/Hardware/SerialIo.o
                0x004037b0                SerialIo::SendChar(char)
 .text._ZN8SerialIo10SendStringEPKc
                0x0040388c       0x1c src/Hardware/SerialIo.o
                0x0040388c                SerialIo::SendString(char const*)
 .text._ZN8SerialIo12SendFilenameEPKcS1_
                0x004038a8       0x48 src/Hardware/SerialIo.o
                0x004038a8                SerialIo::SendFilename(char const*, char const*)
 .text._ZN8SerialIo10CheckInputEv
                0x004038f0      0x574 src/Hardware/SerialIo.o
                0x004038f0                SerialIo::CheckInput()
 .text._ZN8SerialIo11receiveCharEc
                0x00403e64       0x44 src/Hardware/SerialIo.o
                0x00403e64                SerialIo::receiveChar(char)
 .text.UART1_Handler
                0x00403ea8       0x3c src/Hardware/SerialIo.o
                0x00403ea8                UART1_Handler
 .text.startup._GLOBAL__sub_I__ZN8SerialIo7trGraveE
                0x00403ee4       0x70 src/Hardware/SerialIo.o
 .text._ZN10SystemTick12GetTickCountEv
                0x00403f54        0xc src/Hardware/SysTick.o
                0x00403f54                SystemTick::GetTickCount()
 .text.SysTick_Handler
                0x00403f60       0x18 src/Hardware/SysTick.o
                0x00403f60                SysTick_Handler
 .text._ZN4UTFT13LCD_Write_BusEhh.part.2
                0x00403f78       0x30 src/Hardware/UTFT.o
 .text._ZN4UTFT24_set_direction_registersEv
                0x00403fa8       0x3c src/Hardware/UTFT.o
                0x00403fa8                UTFT::_set_direction_registers()
 .text._ZN4UTFTC2E11DisplayType12TransferModejjjjj
                0x00403fe4      0x124 src/Hardware/UTFT.o
                0x00403fe4                UTFT::UTFT(DisplayType, TransferMode, unsigned int, unsigned int, unsigned int, unsigned int, unsigned int)
                0x00403fe4                UTFT::UTFT(DisplayType, TransferMode, unsigned int, unsigned int, unsigned int, unsigned int, unsigned int)
 .text._ZN4UTFT13LCD_Write_COMEh
                0x00404108       0x28 src/Hardware/UTFT.o
                0x00404108                UTFT::LCD_Write_COM(unsigned char)
 .text._ZN4UTFT16LCD_Write_DATA16Et
                0x00404130       0x28 src/Hardware/UTFT.o
                0x00404130                UTFT::LCD_Write_DATA16(unsigned short)
 .text._ZN4UTFT25LCD_Write_Repeated_DATA16Ett
                0x00404158       0x4c src/Hardware/UTFT.o
                0x00404158                UTFT::LCD_Write_Repeated_DATA16(unsigned short, unsigned short)
 .text._ZN4UTFT15LCD_Write_DATA8Eh
                0x004041a4       0x28 src/Hardware/UTFT.o
                0x004041a4                UTFT::LCD_Write_DATA8(unsigned char)
 .text._ZN4UTFT5setXYEtttt
                0x004041cc      0x1d0 src/Hardware/UTFT.o
                0x004041cc                UTFT::setXY(unsigned short, unsigned short, unsigned short, unsigned short)
 .text._ZN4UTFT7InitLCDE18DisplayOrientationb
                0x0040439c      0x5d8 src/Hardware/UTFT.o
                0x0040439c                UTFT::InitLCD(DisplayOrientation, bool)
 .text._ZN4UTFT5clrXYEv
                0x00404974       0x34 src/Hardware/UTFT.o
                0x00404974                UTFT::clrXY()
 .text._ZN4UTFT10fillCircleEiii
                0x004049a8      0x1a0 src/Hardware/UTFT.o
                0x004049a8                UTFT::fillCircle(int, int, int)
 .text._ZN4UTFT7fromRGBEhhh
                0x00404b48       0x14 src/Hardware/UTFT.o
                0x00404b48                UTFT::fromRGB(unsigned char, unsigned char, unsigned char)
 .text._ZN4UTFT7fillScrEt
                0x00404b5c       0x54 src/Hardware/UTFT.o
                0x00404b5c                UTFT::fillScr(unsigned short)
 .text._ZN4UTFT9drawPixelEii
                0x00404bb0       0x50 src/Hardware/UTFT.o
                0x00404bb0                UTFT::drawPixel(int, int)
 .text._ZN4UTFT9drawHLineEiii
                0x00404c00       0x58 src/Hardware/UTFT.o
                0x00404c00                UTFT::drawHLine(int, int, int)
 .text._ZN4UTFT13fillRoundRectEiiiith
                0x00404c58      0x110 src/Hardware/UTFT.o
                0x00404c58                UTFT::fillRoundRect(int, int, int, int, unsigned short, unsigned char)
 .text._ZN4UTFT9drawVLineEiii
                0x00404d68       0x58 src/Hardware/UTFT.o
                0x00404d68                UTFT::drawVLine(int, int, int)
 .text._ZN4UTFT13drawRoundRectEiiii
                0x00404dc0       0xc8 src/Hardware/UTFT.o
                0x00404dc0                UTFT::drawRoundRect(int, int, int, int)
 .text._ZN4UTFT8fillRectEiiiit
                0x00404e88       0x88 src/Hardware/UTFT.o
                0x00404e88                UTFT::fillRect(int, int, int, int, unsigned short)
 .text._ZN4UTFT8drawLineEiiii
                0x00404f10      0x12c src/Hardware/UTFT.o
                0x00404f10                UTFT::drawLine(int, int, int, int)
 .text._ZN4UTFT10setTextPosEttt
                0x0040503c       0x2c src/Hardware/UTFT.o
                0x0040503c                UTFT::setTextPos(unsigned short, unsigned short, unsigned short)
 .text._ZN4UTFT13clearToMarginEv
                0x00405068       0xa4 src/Hardware/UTFT.o
                0x00405068                UTFT::clearToMargin()
 .text._ZN4UTFT11writeNativeEh
                0x0040510c      0x2bc src/Hardware/UTFT.o
                0x0040510c                UTFT::writeNative(unsigned char)
 .text._ZN4UTFT5writeEh
                0x004053c8       0xcc src/Hardware/UTFT.o
                0x004053c8                UTFT::write(unsigned char)
 .text._ZN4UTFT7setFontEPKh
                0x00405494       0x28 src/Hardware/UTFT.o
                0x00405494                UTFT::setFont(unsigned char const*)
 .text._ZN4UTFT10drawBitmapEiiiiPKtib
                0x004054bc      0x15c src/Hardware/UTFT.o
                0x004054bc                UTFT::drawBitmap(int, int, int, int, unsigned short const*, int, bool)
 .text._ZN6UTouchC2Ejjjjj
                0x00405618       0x34 src/Hardware/UTouch.o
                0x00405618                UTouch::UTouch(unsigned int, unsigned int, unsigned int, unsigned int, unsigned int)
                0x00405618                UTouch::UTouch(unsigned int, unsigned int, unsigned int, unsigned int, unsigned int)
 .text._ZN6UTouch4initEtt18DisplayOrientation
                0x0040564c       0x88 src/Hardware/UTouch.o
                0x0040564c                UTouch::init(unsigned short, unsigned short, DisplayOrientation)
 .text._ZN6UTouch18touch_WriteCommandEh
                0x004056d4       0x44 src/Hardware/UTouch.o
                0x004056d4                UTouch::touch_WriteCommand(unsigned char)
 .text._ZN6UTouch14touch_ReadDataEh
                0x00405718       0x74 src/Hardware/UTouch.o
                0x00405718                UTouch::touch_ReadData(unsigned char)
 .text._ZN6UTouch12getTouchDataEbRt
                0x0040578c       0xc8 src/Hardware/UTouch.o
                0x0040578c                UTouch::getTouchData(bool, unsigned short&)
 .text._ZN6UTouch4readERtS0_PtS1_
                0x00405854      0x114 src/Hardware/UTouch.o
                0x00405854                UTouch::read(unsigned short&, unsigned short&, unsigned short*, unsigned short*)
 .text._ZN6UTouch9calibrateEttttt
                0x00405968       0x4c src/Hardware/UTouch.o
                0x00405968                UTouch::calibrate(unsigned short, unsigned short, unsigned short, unsigned short, unsigned short)
 .text.uart_init
                0x004059b4       0x40 src/ASF/sam/drivers/uart/uart.o
                0x004059b4                uart_init
 .text.uart_enable_interrupt
                0x004059f4        0x4 src/ASF/sam/drivers/uart/uart.o
                0x004059f4                uart_enable_interrupt
 .text.uart_disable_interrupt
                0x004059f8        0x4 src/ASF/sam/drivers/uart/uart.o
                0x004059f8                uart_disable_interrupt
 .text.uart_write
                0x004059fc       0x10 src/ASF/sam/drivers/uart/uart.o
                0x004059fc                uart_write
 .text._ZNK12DisplayField9GetHeightEv
                0x00405a0c        0x4 src/Display.o
                0x00405a0c                DisplayField::GetHeight() const
 .text._ZNK12DisplayField8IsButtonEv
                0x00405a10        0x4 src/Display.o
                0x00405a10                DisplayField::IsButton() const
 .text._ZN12DisplayField7RefreshEbtt
                0x00405a14        0x4 src/Display.o
                0x00405a14                DisplayField::Refresh(bool, unsigned short, unsigned short)
 .text._ZNK12DisplayField8GetEventEv
                0x00405a18        0x4 src/Display.o
                0x00405a18                DisplayField::GetEvent() const
 .text._ZNK6Window4XposEv
                0x00405a1c        0x4 src/Display.o
                0x00405a1c                Window::Xpos() const
 .text._ZNK6Window4YposEv
                0x00405a20        0x4 src/Display.o
                0x00405a20                Window::Ypos() const
 .text._ZNK11PopupWindow4XposEv
                0x00405a24        0x4 src/Display.o
                0x00405a24                PopupWindow::Xpos() const
 .text._ZNK11PopupWindow4YposEv
                0x00405a28        0x4 src/Display.o
                0x00405a28                PopupWindow::Ypos() const
 .text._ZNK13FieldWithText9GetHeightEv
                0x00405a2c        0x8 src/Display.o
                0x00405a2c                FieldWithText::GetHeight() const
 .text._ZNK13FieldWithText9PrintTextEv
                0x00405a34        0x4 src/Display.o
                0x00405a34                FieldWithText::PrintText() const
 .text._ZNK10ButtonBase8GetEventEv
                0x00405a38        0x4 src/Display.o
                0x00405a38                ButtonBase::GetEvent() const
 .text._ZNK10ButtonBase9GetSParamEj
                0x00405a3c        0x4 src/Display.o
                0x00405a3c                ButtonBase::GetSParam(unsigned int) const
 .text._ZNK10ButtonBase9GetIParamEj
                0x00405a40        0x4 src/Display.o
                0x00405a40                ButtonBase::GetIParam(unsigned int) const
 .text._ZN10ButtonBase5PressEbi
                0x00405a44        0x4 src/Display.o
                0x00405a44                ButtonBase::Press(bool, int)
 .text._ZNK12SingleButton8IsButtonEv
                0x00405a48        0x4 src/Display.o
                0x00405a48                SingleButton::IsButton() const
 .text._ZNK12SingleButton9GetSParamEj
                0x00405a4c        0x4 src/Display.o
                0x00405a4c                SingleButton::GetSParam(unsigned int) const
 .text._ZNK12SingleButton9GetIParamEj
                0x00405a50        0x4 src/Display.o
                0x00405a50                SingleButton::GetIParam(unsigned int) const
 .text._ZN12SingleButton5PressEbi
                0x00405a54       0x10 src/Display.o
                0x00405a54                SingleButton::Press(bool, int)
 .text._ZNK14ButtonWithText9GetHeightEv
                0x00405a64       0x1c src/Display.o
                0x00405a64                ButtonWithText::GetHeight() const
 .text._ZNK14ButtonWithText9PrintTextEv
                0x00405a80        0x4 src/Display.o
                0x00405a80                ButtonWithText::PrintText() const
 .text._ZNK17ButtonRowWithText9PrintTextEj
                0x00405a84        0x4 src/Display.o
                0x00405a84                ButtonRowWithText::PrintText(unsigned int) const
 .text._ZNK10IconButton9GetHeightEv
                0x00405a88       0x18 src/Display.o
                0x00405a88                IconButton::GetHeight() const
 .text._ZNK11ProgressBar9GetHeightEv
                0x00405aa0        0x4 src/Display.o
                0x00405aa0                ProgressBar::GetHeight() const
 .text._ZN17ButtonRowWithText7RefreshEbtt
                0x00405aa4        0x4 src/Display.o
                0x00405aa4                ButtonRowWithText::Refresh(bool, unsigned short, unsigned short)
 .text._ZNK13CharButtonRow9PrintTextEj
                0x00405aa8        0x4 src/Display.o
                0x00405aa8                CharButtonRow::PrintText(unsigned int) const
 .text._ZNK9TextField9PrintTextEv
                0x00405aac       0x24 src/Display.o
                0x00405aac                TextField::PrintText() const
 .text._ZNK15StaticTextField9PrintTextEv
                0x00405ad0       0x18 src/Display.o
                0x00405ad0                StaticTextField::PrintText() const
 .text._ZNK10TextButton9PrintTextEv
                0x00405ae8       0x18 src/Display.o
                0x00405ae8                TextButton::PrintText() const
 .text._ZN13FieldWithText7RefreshEbtt
                0x00405b00       0xb8 src/Display.o
                0x00405b00                FieldWithText::Refresh(bool, unsigned short, unsigned short)
 .text._ZNK10FloatField9PrintTextEv
                0x00405bb8       0x44 src/Display.o
                0x00405bb8                FloatField::PrintText() const
 .text._ZNK11FloatButton9PrintTextEv
                0x00405bfc       0x3c src/Display.o
                0x00405bfc                FloatButton::PrintText() const
 .text._ZNK12IntegerField9PrintTextEv
                0x00405c38       0x30 src/Display.o
                0x00405c38                IntegerField::PrintText() const
 .text._ZNK13IntegerButton9PrintTextEv
                0x00405c68       0x30 src/Display.o
                0x00405c68                IntegerButton::PrintText() const
 .text._ZN11ProgressBar7RefreshEbtt
                0x00405c98      0x180 src/Display.o
                0x00405c98                ProgressBar::Refresh(bool, unsigned short, unsigned short)
 .text._ZN12DisplayFieldC2Ettt
                0x00405e18       0x38 src/Display.o
                0x00405e18                DisplayField::DisplayField(unsigned short, unsigned short, unsigned short)
                0x00405e18                DisplayField::DisplayField(unsigned short, unsigned short, unsigned short)
 .text._ZN12DisplayField17SetDefaultColoursEtttttt
                0x00405e50       0x28 src/Display.o
                0x00405e50                DisplayField::SetDefaultColours(unsigned short, unsigned short, unsigned short, unsigned short, unsigned short, unsigned short)
 .text._ZN12DisplayField12GetTextWidthEPKct
                0x00405e78       0x30 src/Display.o
                0x00405e78                DisplayField::GetTextWidth(char const*, unsigned short)
 .text._ZN12DisplayField4ShowEb
                0x00405ea8        0xc src/Display.o
                0x00405ea8                DisplayField::Show(bool)
 .text._ZN12DisplayField9FindEventEttPS_
                0x00405eb4       0xb8 src/Display.o
                0x00405eb4                DisplayField::FindEvent(unsigned short, unsigned short, DisplayField*)
 .text._ZN12DisplayField10SetColoursEtt
                0x00405f6c       0x18 src/Display.o
                0x00405f6c                DisplayField::SetColours(unsigned short, unsigned short)
 .text._ZN11ButtonPressC2Ev
                0x00405f84        0x8 src/Display.o
                0x00405f84                ButtonPress::ButtonPress()
                0x00405f84                ButtonPress::ButtonPress()
 .text._ZN11ButtonPressC2EP10ButtonBasej
                0x00405f8c        0x8 src/Display.o
                0x00405f8c                ButtonPress::ButtonPress(ButtonBase*, unsigned int)
                0x00405f8c                ButtonPress::ButtonPress(ButtonBase*, unsigned int)
 .text._ZN11ButtonPress5ClearEv
                0x00405f94        0x8 src/Display.o
                0x00405f94                ButtonPress::Clear()
 .text._ZNK11ButtonPress8GetEventEv
                0x00405f9c       0x18 src/Display.o
                0x00405f9c                ButtonPress::GetEvent() const
 .text._ZNK11ButtonPress9GetIParamEv
                0x00405fb4        0xc src/Display.o
                0x00405fb4                ButtonPress::GetIParam() const
 .text._ZNK11ButtonPress9GetSParamEv
                0x00405fc0        0xc src/Display.o
                0x00405fc0                ButtonPress::GetSParam() const
 .text._ZNK11ButtonPresseqERKS_
                0x00405fcc       0x1c src/Display.o
                0x00405fcc                ButtonPress::operator==(ButtonPress const&) const
 .text._ZN6Window8AddFieldEP12DisplayField
                0x00405fe8        0x8 src/Display.o
                0x00405fe8                Window::AddField(DisplayField*)
 .text._ZNK6Window15ObscuredByPopupEPK12DisplayField
                0x00405ff0       0xb8 src/Display.o
                0x00405ff0                Window::ObscuredByPopup(DisplayField const*) const
 .text._ZN6Window9FindEventEtt
                0x004060a8       0x68 src/Display.o
                0x004060a8                Window::FindEvent(unsigned short, unsigned short)
 .text._ZN6Window21FindEventOutsidePopupEtt
                0x00406110       0x48 src/Display.o
                0x00406110                Window::FindEventOutsidePopup(unsigned short, unsigned short)
 .text._ZN6Window10ClearPopupEb
                0x00406158       0xfc src/Display.o
                0x00406158                Window::ClearPopup(bool)
 .text._ZN6Window6RedrawEP12DisplayField
                0x00406254       0xd8 src/Display.o
                0x00406254                Window::Redraw(DisplayField*)
 .text._ZN6Window4ShowEP12DisplayFieldb
                0x0040632c       0xb0 src/Display.o
                0x0040632c                Window::Show(DisplayField*, bool)
 .text._ZN6Window5PressE11ButtonPressb
                0x004063dc       0x34 src/Display.o
                0x004063dc                Window::Press(ButtonPress, bool)
 .text._ZN10MainWindowC2Ev
                0x00406410       0x14 src/Display.o
                0x00406410                MainWindow::MainWindow()
                0x00406410                MainWindow::MainWindow()
 .text._ZN10MainWindow4InitEt
                0x00406424       0x14 src/Display.o
                0x00406424                MainWindow::Init(unsigned short)
 .text._ZN10MainWindow8ClearAllEv
                0x00406438       0x14 src/Display.o
                0x00406438                MainWindow::ClearAll()
 .text._ZN11PopupWindowC2Ettt
                0x0040644c       0x1c src/Display.o
                0x0040644c                PopupWindow::PopupWindow(unsigned short, unsigned short, unsigned short)
                0x0040644c                PopupWindow::PopupWindow(unsigned short, unsigned short, unsigned short)
 .text._ZN11PopupWindow7RefreshEb
                0x00406468       0xf4 src/Display.o
                0x00406468                PopupWindow::Refresh(bool)
 .text._ZN6Window8SetPopupEP11PopupWindowttb
                0x0040655c       0x30 src/Display.o
                0x0040655c                Window::SetPopup(PopupWindow*, unsigned short, unsigned short, bool)
 .text._ZN10MainWindow7RefreshEb
                0x0040658c       0x50 src/Display.o
                0x0040658c                MainWindow::Refresh(bool)
 .text._ZNK10ButtonBase11DrawOutlineEttb
                0x004065dc       0x9c src/Display.o
                0x004065dc                ButtonBase::DrawOutline(unsigned short, unsigned short, bool) const
 .text._ZN14ButtonWithText7RefreshEbtt
                0x00406678       0xb0 src/Display.o
                0x00406678                ButtonWithText::Refresh(bool, unsigned short, unsigned short)
 .text._ZN10IconButton7RefreshEbtt
                0x00406728       0x78 src/Display.o
                0x00406728                IconButton::Refresh(bool, unsigned short, unsigned short)
 .text._ZN12SingleButtonC2Ettt
                0x004067a0       0x64 src/Display.o
                0x004067a0                SingleButton::SingleButton(unsigned short, unsigned short, unsigned short)
                0x004067a0                SingleButton::SingleButton(unsigned short, unsigned short, unsigned short)
 .text._ZN10CharButtonC2Etttch
                0x00406804       0x70 src/Display.o
                0x00406804                CharButton::CharButton(unsigned short, unsigned short, unsigned short, char, unsigned char)
                0x00406804                CharButton::CharButton(unsigned short, unsigned short, unsigned short, char, unsigned char)
 .text._ZN10TextButtonC2EtttPKchi
                0x00406874       0x6c src/Display.o
                0x00406874                TextButton::TextButton(unsigned short, unsigned short, unsigned short, char const*, unsigned char, int)
                0x00406874                TextButton::TextButton(unsigned short, unsigned short, unsigned short, char const*, unsigned char, int)
 .text._ZN10TextButtonC2EtttPKchS1_
                0x004068e0       0x6c src/Display.o
                0x004068e0                TextButton::TextButton(unsigned short, unsigned short, unsigned short, char const*, unsigned char, char const*)
                0x004068e0                TextButton::TextButton(unsigned short, unsigned short, unsigned short, char const*, unsigned char, char const*)
 .text._ZN10IconButtonC2EtttPKthi
                0x0040694c       0x6c src/Display.o
                0x0040694c                IconButton::IconButton(unsigned short, unsigned short, unsigned short, unsigned short const*, unsigned char, int)
                0x0040694c                IconButton::IconButton(unsigned short, unsigned short, unsigned short, unsigned short const*, unsigned char, int)
 .text._ZN10IconButtonC2EtttPKthPKc
                0x004069b8       0x6c src/Display.o
                0x004069b8                IconButton::IconButton(unsigned short, unsigned short, unsigned short, unsigned short const*, unsigned char, char const*)
                0x004069b8                IconButton::IconButton(unsigned short, unsigned short, unsigned short, unsigned short const*, unsigned char, char const*)
 .text.startup._GLOBAL__sub_I__ZN12DisplayField11defaultFontE
                0x00406a24       0x5c src/Display.o
 .text._ZNK10CharButton9PrintTextEv
                0x00406a80       0x2c src/Display.o
                0x00406a80                CharButton::PrintText() const
 .text._Z10GetIntegerPKcRi.part.22
                0x00406aac       0x78 src/PanelDue.o
 .text._Z8GetFloatPKcRf.part.24
                0x00406b24       0x28 src/PanelDue.o
 .text._ZN9FlashDataeqERKS_
                0x00406b4c       0x40 src/PanelDue.o
                0x00406b4c                FlashData::operator==(FlashData const&)
 .text._Z7bsearchPK21ReceiveDataTableEntryjPKc
                0x00406b8c       0x64 src/PanelDue.o
                0x00406b8c                bsearch(ReceiveDataTableEntry const*, unsigned int, char const*)
 .text._Z8OkToSendv
                0x00406bf0       0x1c src/PanelDue.o
                0x00406bf0                OkToSend()
 .text._Z9ChangeTabP10ButtonBase
                0x00406c0c      0x27c src/PanelDue.o
                0x00406c0c                ChangeTab(ButtonBase*)
 .text._Z7InitLcd18DisplayOrientationbh
                0x00406e88       0x40 src/PanelDue.o
                0x00406e88                InitLcd(DisplayOrientation, bool, unsigned char)
 .text._Z9ErrorBeepv
                0x00406ec8       0x28 src/PanelDue.o
                0x00406ec8                ErrorBeep()
 .text._Z12DoTouchCalibttttbRt
                0x00406ef0       0xc8 src/PanelDue.o
                0x00406ef0                DoTouchCalib(unsigned short, unsigned short, unsigned short, unsigned short, bool, unsigned short&)
 .text._Z14CalibrateTouchv
                0x00406fb8      0x130 src/PanelDue.o
                0x00406fb8                CalibrateTouch()
 .text._Z21CheckSettingsAreSavedv
                0x004070e8       0x20 src/PanelDue.o
                0x004070e8                CheckSettingsAreSaved()
 .text._Z12FactoryResetv
                0x00407108       0x50 src/PanelDue.o
                0x00407108                FactoryReset()
 .text._Z12SaveSettingsv
                0x00407158       0x3c src/PanelDue.o
                0x00407158                SaveSettings()
 .text._Z15PopupAreYouSure5EventPKcS1_
                0x00407194       0x48 src/PanelDue.o
                0x00407194                PopupAreYouSure(Event, char const*, char const*)
 .text._Z9Adjusting11ButtonPress
                0x004071dc       0x38 src/PanelDue.o
                0x004071dc                Adjusting(ButtonPress)
 .text._Z13StopAdjustingv
                0x00407214       0x2c src/PanelDue.o
                0x00407214                StopAdjusting()
 .text._Z21CurrentButtonReleasedv
                0x00407240       0x2c src/PanelDue.o
                0x00407240                CurrentButtonReleased()
 .text._Z11StripPrefixPKc
                0x0040726c       0x70 src/PanelDue.o
                0x0040726c                StripPrefix(char const*)
 .text._Z12ProcessTouch11ButtonPress
                0x004072dc      0xb3c src/PanelDue.o
                0x004072dc                ProcessTouch(ButtonPress)
 .text._Z24ProcessTouchOutsidePopup11ButtonPress
                0x00407e18      0x284 src/PanelDue.o
                0x00407e18                ProcessTouchOutsidePopup(ButtonPress)
 .text._Z20UpdatePrintingFieldsv
                0x0040809c       0x98 src/PanelDue.o
                0x0040809c                UpdatePrintingFields()
 .text._Z9SetStatusc
                0x00408134      0x11c src/PanelDue.o
                0x00408134                SetStatus(char)
 .text._Z20StartReceivedMessagev
                0x00408250       0x24 src/PanelDue.o
                0x00408250                StartReceivedMessage()
 .text._Z18EndReceivedMessagev
                0x00408274       0x40 src/PanelDue.o
                0x00408274                EndReceivedMessage()
 .text._Z18ProcessArrayLengthPKci
                0x004082b4        0x4 src/PanelDue.o
                0x004082b4                ProcessArrayLength(char const*, int)
 .text._Z11SendRequestPKcb
                0x004082b8       0x3c src/PanelDue.o
                0x004082b8                SendRequest(char const*, bool)
 .text.startup.main
                0x004082f4      0x44c src/PanelDue.o
                0x004082f4                main
 .text._Z14PrintDebugTextPKc
                0x00408740       0x10 src/PanelDue.o
                0x00408740                PrintDebugText(char const*)
 .text._ZN6StringILj50EE5scatfEPKcz
                0x00408750       0x4c src/PanelDue.o
                0x00408750                String<50u>::scatf(char const*, ...)
 .text._Z14AppendTimeLefti
                0x0040879c       0xc4 src/PanelDue.o
                0x0040879c                AppendTimeLeft(int)
 .text._Z20ProcessReceivedValuePKcS0_i
                0x00408860      0x84c src/PanelDue.o
                0x00408860                ProcessReceivedValue(char const*, char const*, int)
 .text.startup._GLOBAL__sub_I__Z7Restartv
                0x004090ac      0x1e8 src/PanelDue.o
 .text._ZN5Print5writeEPKhj
                0x00409294       0x28 src/Print.o
                0x00409294                Print::write(unsigned char const*, unsigned int)
 .text._ZN5Print5printEPKc
                0x004092bc       0x28 src/Print.o
                0x004092bc                Print::print(char const*)
 .text._ZN5Print11printNumberEmh
                0x004092e4       0x5c src/Print.o
                0x004092e4                Print::printNumber(unsigned long, unsigned char)
 .text._ZN5Print5printEli
                0x00409340       0x48 src/Print.o
                0x00409340                Print::print(long, int)
 .text._ZN5Print5printEii
                0x00409388        0xc src/Print.o
                0x00409388                Print::print(int, int)
 .text._ZN5Print10printFloatEdh
                0x00409394      0x1ec src/Print.o
                0x00409394                Print::printFloat(double, unsigned char)
 .text._ZN5Print5printEdi
                0x00409580       0x18 src/Print.o
                0x00409580                Print::print(double, int)
 .text.pio_set  0x00409598        0x4 src/ASF/sam/drivers/pio/pio.o
                0x00409598                pio_set
 .text.pio_clear
                0x0040959c        0x4 src/ASF/sam/drivers/pio/pio.o
                0x0040959c                pio_clear
 .text.pio_set_peripheral
                0x004095a0       0x94 src/ASF/sam/drivers/pio/pio.o
                0x004095a0                pio_set_peripheral
 .text.pio_set_input
                0x00409634       0x30 src/ASF/sam/drivers/pio/pio.o
                0x00409634                pio_set_input
 .text.pio_configure
                0x00409664       0x88 src/ASF/sam/drivers/pio/pio.o
                0x00409664                pio_configure
 .text.pio_enable_output_write
                0x004096ec        0x8 src/ASF/sam/drivers/pio/pio.o
                0x004096ec                pio_enable_output_write
 .text.pio_sync_output_write
                0x004096f4        0x4 src/ASF/sam/drivers/pio/pio.o
                0x004096f4                pio_sync_output_write
 .text.pio_get_interrupt_status
                0x004096f8        0x4 src/ASF/sam/drivers/pio/pio.o
                0x004096f8                pio_get_interrupt_status
 .text.pio_get_interrupt_mask
                0x004096fc        0x4 src/ASF/sam/drivers/pio/pio.o
                0x004096fc                pio_get_interrupt_mask
 .text.pio_handler_process
                0x00409700       0x80 src/ASF/sam/drivers/pio/pio_handler.o
                0x00409700                pio_handler_process
 .text.PIOA_Handler
                0x00409780       0x14 src/ASF/sam/drivers/pio/pio_handler.o
                0x00409780                PIOA_Handler
 .text.PIOB_Handler
                0x00409794       0x14 src/ASF/sam/drivers/pio/pio_handler.o
                0x00409794                PIOB_Handler
 .text.pmc_enable_periph_clk
                0x004097a8       0x40 src/ASF/sam/drivers/pmc/pmc.o
                0x004097a8                pmc_enable_periph_clk
 .text.wdt_disable
                0x004097e8        0x8 src/ASF/sam/drivers/wdt/wdt.o
                0x004097e8                wdt_disable
 .text.Dummy_Handler
                0x004097f0        0x4 src/ASF/sam/utils/cmsis/sam3s/source/templates/exceptions.o
                0x004097f0                DACC_Handler
                0x004097f0                DebugMon_Handler
                0x004097f0                HardFault_Handler
                0x004097f0                TC2_Handler
                0x004097f0                SPI_Handler
                0x004097f0                TWI1_Handler
                0x004097f0                PendSV_Handler
                0x004097f0                NMI_Handler
                0x004097f0                ADC_Handler
                0x004097f0                CRCCU_Handler
                0x004097f0                USART0_Handler
                0x004097f0                RTT_Handler
                0x004097f0                RTC_Handler
                0x004097f0                UsageFault_Handler
                0x004097f0                WDT_Handler
                0x004097f0                TC1_Handler
                0x004097f0                HSMCI_Handler
                0x004097f0                Dummy_Handler
                0x004097f0                TWI0_Handler
                0x004097f0                USART1_Handler
                0x004097f0                SSC_Handler
                0x004097f0                ACC_Handler
                0x004097f0                PMC_Handler
                0x004097f0                PWM_Handler
                0x004097f0                MemManage_Handler
                0x004097f0                SUPC_Handler
                0x004097f0                SVC_Handler
                0x004097f0                EFC_Handler
                0x004097f0                UART0_Handler
                0x004097f0                UDP_Handler
                0x004097f0                BusFault_Handler
                0x004097f0                RSTC_Handler
                0x004097f0                TC0_Handler
 .text.Reset_Handler
                0x004097f4       0x98 src/ASF/sam/utils/cmsis/sam3s/source/templates/gcc/startup_sam3s.o
                0x004097f4                Reset_Handler
 .text.SystemInit
                0x0040988c       0x90 src/ASF/sam/utils/cmsis/sam3s/source/templates/system_sam3s.o
                0x0040988c                SystemInit
 .text._sbrk    0x0040991c       0x34 src/ASF/sam/utils/syscalls/gcc/syscalls.o
                0x0040991c                _sbrk
 .text          0x00409950      0x370 c:/program files (x86)/atmel/studio/7.0/toolchain/arm/arm-gnu-toolchain/bin/../lib/gcc/arm-none-eabi/4.9.3/armv7-m\libgcc.a(_arm_addsubdf3.o)
                0x00409950                __aeabi_drsub
                0x00409958                __aeabi_dsub
                0x00409958                __subdf3
                0x0040995c                __aeabi_dadd
                0x0040995c                __adddf3
                0x00409bd4                __floatunsidf
                0x00409bd4                __aeabi_ui2d
                0x00409bf4                __floatsidf
                0x00409bf4                __aeabi_i2d
                0x00409c18                __aeabi_f2d
                0x00409c18                __extendsfdf2
                0x00409c54                __floatundidf
                0x00409c54                __aeabi_ul2d
                0x00409c64                __floatdidf
                0x00409c64                __aeabi_l2d
 .text          0x00409cc0      0x424 c:/program files (x86)/atmel/studio/7.0/toolchain/arm/arm-gnu-toolchain/bin/../lib/gcc/arm-none-eabi/4.9.3/armv7-m\libgcc.a(_arm_muldivdf3.o)
                0x00409cc0                __aeabi_dmul
                0x00409cc0                __muldf3
                0x00409f14                __divdf3
                0x00409f14                __aeabi_ddiv
 .text          0x0040a0e4      0x110 c:/program files (x86)/atmel/studio/7.0/toolchain/arm/arm-gnu-toolchain/bin/../lib/gcc/arm-none-eabi/4.9.3/armv7-m\libgcc.a(_arm_cmpdf2.o)
                0x0040a0e4                __gtdf2
                0x0040a0e4                __gedf2
                0x0040a0ec                __ltdf2
                0x0040a0ec                __ledf2
                0x0040a0f4                __nedf2
                0x0040a0f4                __eqdf2
                0x0040a0f4                __cmpdf2
                0x0040a170                __aeabi_cdrcmple
                0x0040a180                __aeabi_cdcmpeq
                0x0040a180                __aeabi_cdcmple
                0x0040a190                __aeabi_dcmpeq
                0x0040a1a4                __aeabi_dcmplt
                0x0040a1b8                __aeabi_dcmple
                0x0040a1cc                __aeabi_dcmpge
                0x0040a1e0                __aeabi_dcmpgt
 .text          0x0040a1f4       0x2c c:/program files (x86)/atmel/studio/7.0/toolchain/arm/arm-gnu-toolchain/bin/../lib/gcc/arm-none-eabi/4.9.3/armv7-m\libgcc.a(_arm_unorddf2.o)
                0x0040a1f4                __unorddf2
                0x0040a1f4                __aeabi_dcmpun
 .text          0x0040a220       0x50 c:/program files (x86)/atmel/studio/7.0/toolchain/arm/arm-gnu-toolchain/bin/../lib/gcc/arm-none-eabi/4.9.3/armv7-m\libgcc.a(_arm_fixdfsi.o)
                0x0040a220                __aeabi_d2iz
                0x0040a220                __fixdfsi
 .text          0x0040a270       0x40 c:/program files (x86)/atmel/studio/7.0/toolchain/arm/arm-gnu-toolchain/bin/../lib/gcc/arm-none-eabi/4.9.3/armv7-m\libgcc.a(_arm_fixunsdfsi.o)
                0x0040a270                __aeabi_d2uiz
                0x0040a270                __fixunsdfsi
 .text          0x0040a2b0       0xa0 c:/program files (x86)/atmel/studio/7.0/toolchain/arm/arm-gnu-toolchain/bin/../lib/gcc/arm-none-eabi/4.9.3/armv7-m\libgcc.a(_arm_truncdfsf2.o)
                0x0040a2b0                __truncdfsf2
                0x0040a2b0                __aeabi_d2f
 .text          0x0040a350      0x21c c:/program files (x86)/atmel/studio/7.0/toolchain/arm/arm-gnu-toolchain/bin/../lib/gcc/arm-none-eabi/4.9.3/armv7-m\libgcc.a(_arm_addsubsf3.o)
                0x0040a350                __aeabi_frsub
                0x0040a358                __subsf3
                0x0040a358                __aeabi_fsub
                0x0040a35c                __aeabi_fadd
                0x0040a35c                __addsf3
                0x0040a4bc                __aeabi_ui2f
                0x0040a4bc                __floatunsisf
                0x0040a4c4                __aeabi_i2f
                0x0040a4c4                __floatsisf
                0x0040a4e0                __aeabi_ul2f
                0x0040a4e0                __floatundisf
                0x0040a4f0                __aeabi_l2f
                0x0040a4f0                __floatdisf
 .text          0x0040a56c       0xec c:/program files (x86)/atmel/studio/7.0/toolchain/arm/arm-gnu-toolchain/bin/../lib/gcc/arm-none-eabi/4.9.3/armv7-m\libgcc.a(_arm_cmpsf2.o)
                0x0040a56c                __gesf2
                0x0040a56c                __gtsf2
                0x0040a574                __lesf2
                0x0040a574                __ltsf2
                0x0040a57c                __nesf2
                0x0040a57c                __eqsf2
                0x0040a57c                __cmpsf2
                0x0040a5dc                __aeabi_cfrcmple
                0x0040a5e4                __aeabi_cfcmpeq
                0x0040a5e4                __aeabi_cfcmple
                0x0040a5f4                __aeabi_fcmpeq
                0x0040a608                __aeabi_fcmplt
                0x0040a61c                __aeabi_fcmple
                0x0040a630                __aeabi_fcmpge
                0x0040a644                __aeabi_fcmpgt
 .text          0x0040a658       0x4c c:/program files (x86)/atmel/studio/7.0/toolchain/arm/arm-gnu-toolchain/bin/../lib/gcc/arm-none-eabi/4.9.3/armv7-m\libgcc.a(_arm_fixsfsi.o)
                0x0040a658                __aeabi_f2iz
                0x0040a658                __fixsfsi
 .text.__libc_init_array
                0x0040a6a4       0x4c c:/program files (x86)/atmel/studio/7.0/toolchain/arm/arm-gnu-toolchain/bin/../lib/gcc/arm-none-eabi/4.9.3/../../../../arm-none-eabi/lib/armv7-m\libc_nano.a(lib_a-init.o)
                0x0040a6a4                __libc_init_array
 .text.malloc   0x0040a6f0       0x10 c:/program files (x86)/atmel/studio/7.0/toolchain/arm/arm-gnu-toolchain/bin/../lib/gcc/arm-none-eabi/4.9.3/../../../../arm-none-eabi/lib/armv7-m\libc_nano.a(lib_a-malloc.o)
                0x0040a6f0                malloc
 .text.memcmp   0x0040a700       0x20 c:/program files (x86)/atmel/studio/7.0/toolchain/arm/arm-gnu-toolchain/bin/../lib/gcc/arm-none-eabi/4.9.3/../../../../arm-none-eabi/lib/armv7-m\libc_nano.a(lib_a-memcmp.o)
                0x0040a700                memcmp
 .text.memcpy   0x0040a720       0x16 c:/program files (x86)/atmel/studio/7.0/toolchain/arm/arm-gnu-toolchain/bin/../lib/gcc/arm-none-eabi/4.9.3/../../../../arm-none-eabi/lib/armv7-m\libc_nano.a(lib_a-memcpy.o)
                0x0040a720                memcpy
 .text.memset   0x0040a736       0x10 c:/program files (x86)/atmel/studio/7.0/toolchain/arm/arm-gnu-toolchain/bin/../lib/gcc/arm-none-eabi/4.9.3/../../../../arm-none-eabi/lib/armv7-m\libc_nano.a(lib_a-memset.o)
                0x0040a736                memset
 *fill*         0x0040a746        0x2 
 .text._free_r  0x0040a748       0x88 c:/program files (x86)/atmel/studio/7.0/toolchain/arm/arm-gnu-toolchain/bin/../lib/gcc/arm-none-eabi/4.9.3/../../../../arm-none-eabi/lib/armv7-m\libc_nano.a(lib_a-nano-freer.o)
                0x0040a748                _free_r
 .text._malloc_r
                0x0040a7d0       0xac c:/program files (x86)/atmel/studio/7.0/toolchain/arm/arm-gnu-toolchain/bin/../lib/gcc/arm-none-eabi/4.9.3/../../../../arm-none-eabi/lib/armv7-m\libc_nano.a(lib_a-nano-mallocr.o)
                0x0040a7d0                _malloc_r
 .text._sbrk_r  0x0040a87c       0x20 c:/program files (x86)/atmel/studio/7.0/toolchain/arm/arm-gnu-toolchain/bin/../lib/gcc/arm-none-eabi/4.9.3/../../../../arm-none-eabi/lib/armv7-m\libc_nano.a(lib_a-sbrkr.o)
                0x0040a87c                _sbrk_r
 .text.snprintf
                0x0040a89c       0x64 c:/program files (x86)/atmel/studio/7.0/toolchain/arm/arm-gnu-toolchain/bin/../lib/gcc/arm-none-eabi/4.9.3/../../../../arm-none-eabi/lib/armv7-m\libc_nano.a(lib_a-snprintf.o)
                0x0040a89c                sniprintf
                0x0040a89c                snprintf
 .text.strcasecmp
                0x0040a900       0x3c c:/program files (x86)/atmel/studio/7.0/toolchain/arm/arm-gnu-toolchain/bin/../lib/gcc/arm-none-eabi/4.9.3/../../../../arm-none-eabi/lib/armv7-m\libc_nano.a(lib_a-strcasecmp.o)
                0x0040a900                strcasecmp
 .text.strchr   0x0040a93c       0x1c c:/program files (x86)/atmel/studio/7.0/toolchain/arm/arm-gnu-toolchain/bin/../lib/gcc/arm-none-eabi/4.9.3/../../../../arm-none-eabi/lib/armv7-m\libc_nano.a(lib_a-strchr.o)
                0x0040a93c                strchr
 .text          0x0040a958       0x14 c:/program files (x86)/atmel/studio/7.0/toolchain/arm/arm-gnu-toolchain/bin/../lib/gcc/arm-none-eabi/4.9.3/../../../../arm-none-eabi/lib/armv7-m\libc_nano.a(lib_a-strcmp.o)
                0x0040a958                strcmp
 .text.strlen   0x0040a96c       0x10 c:/program files (x86)/atmel/studio/7.0/toolchain/arm/arm-gnu-toolchain/bin/../lib/gcc/arm-none-eabi/4.9.3/../../../../arm-none-eabi/lib/armv7-m\libc_nano.a(lib_a-strlen.o)
                0x0040a96c                strlen
 .text.strncmp  0x0040a97c       0x32 c:/program files (x86)/atmel/studio/7.0/toolchain/arm/arm-gnu-toolchain/bin/../lib/gcc/arm-none-eabi/4.9.3/../../../../arm-none-eabi/lib/armv7-m\libc_nano.a(lib_a-strncmp.o)
                0x0040a97c                strncmp
 .text.match    0x0040a9ae       0x26 c:/program files (x86)/atmel/studio/7.0/toolchain/arm/arm-gnu-toolchain/bin/../lib/gcc/arm-none-eabi/4.9.3/../../../../arm-none-eabi/lib/armv7-m\libc_nano.a(lib_a-strtod.o)
 .text.sulp     0x0040a9d4       0x42 c:/program files (x86)/atmel/studio/7.0/toolchain/arm/arm-gnu-toolchain/bin/../lib/gcc/arm-none-eabi/4.9.3/../../../../arm-none-eabi/lib/armv7-m\libc_nano.a(lib_a-strtod.o)
 *fill*         0x0040aa16        0x2 
 .text._strtod_r
                0x0040aa18      0xc3c c:/program files (x86)/atmel/studio/7.0/toolchain/arm/arm-gnu-toolchain/bin/../lib/gcc/arm-none-eabi/4.9.3/../../../../arm-none-eabi/lib/armv7-m\libc_nano.a(lib_a-strtod.o)
                0x0040aa18                _strtod_r
 .text.strtod   0x0040b654       0x14 c:/program files (x86)/atmel/studio/7.0/toolchain/arm/arm-gnu-toolchain/bin/../lib/gcc/arm-none-eabi/4.9.3/../../../../arm-none-eabi/lib/armv7-m\libc_nano.a(lib_a-strtod.o)
                0x0040b654                strtod
 .text._strtol_r
                0x0040b668      0x10c c:/program files (x86)/atmel/studio/7.0/toolchain/arm/arm-gnu-toolchain/bin/../lib/gcc/arm-none-eabi/4.9.3/../../../../arm-none-eabi/lib/armv7-m\libc_nano.a(lib_a-strtol.o)
                0x0040b668                _strtol_r
 .text.strtol   0x0040b774       0x1c c:/program files (x86)/atmel/studio/7.0/toolchain/arm/arm-gnu-toolchain/bin/../lib/gcc/arm-none-eabi/4.9.3/../../../../arm-none-eabi/lib/armv7-m\libc_nano.a(lib_a-strtol.o)
                0x0040b774                strtol
 .text._strtoul_r
                0x0040b790       0xf8 c:/program files (x86)/atmel/studio/7.0/toolchain/arm/arm-gnu-toolchain/bin/../lib/gcc/arm-none-eabi/4.9.3/../../../../arm-none-eabi/lib/armv7-m\libc_nano.a(lib_a-strtoul.o)
                0x0040b790                _strtoul_r
 .text.strtoul  0x0040b888       0x1c c:/program files (x86)/atmel/studio/7.0/toolchain/arm/arm-gnu-toolchain/bin/../lib/gcc/arm-none-eabi/4.9.3/../../../../arm-none-eabi/lib/armv7-m\libc_nano.a(lib_a-strtoul.o)
                0x0040b888                strtoul
 .text._vsnprintf_r
                0x0040b8a4       0x52 c:/program files (x86)/atmel/studio/7.0/toolchain/arm/arm-gnu-toolchain/bin/../lib/gcc/arm-none-eabi/4.9.3/../../../../arm-none-eabi/lib/armv7-m\libc_nano.a(lib_a-vsnprintf.o)
                0x0040b8a4                _vsniprintf_r
                0x0040b8a4                _vsnprintf_r
 *fill*         0x0040b8f6        0x2 
 .text.vsnprintf
                0x0040b8f8       0x20 c:/program files (x86)/atmel/studio/7.0/toolchain/arm/arm-gnu-toolchain/bin/../lib/gcc/arm-none-eabi/4.9.3/../../../../arm-none-eabi/lib/armv7-m\libc_nano.a(lib_a-vsnprintf.o)
                0x0040b8f8                vsniprintf
                0x0040b8f8                vsnprintf
 .text.rshift   0x0040b918       0x6c c:/program files (x86)/atmel/studio/7.0/toolchain/arm/arm-gnu-toolchain/bin/../lib/gcc/arm-none-eabi/4.9.3/../../../../arm-none-eabi/lib/armv7-m\libc_nano.a(lib_a-gdtoa-gethex.o)
 .text.__hexdig_fun
                0x0040b984       0x2a c:/program files (x86)/atmel/studio/7.0/toolchain/arm/arm-gnu-toolchain/bin/../lib/gcc/arm-none-eabi/4.9.3/../../../../arm-none-eabi/lib/armv7-m\libc_nano.a(lib_a-gdtoa-gethex.o)
                0x0040b984                __hexdig_fun
 .text.__gethex
                0x0040b9ae      0x44a c:/program files (x86)/atmel/studio/7.0/toolchain/arm/arm-gnu-toolchain/bin/../lib/gcc/arm-none-eabi/4.9.3/../../../../arm-none-eabi/lib/armv7-m\libc_nano.a(lib_a-gdtoa-gethex.o)
                0x0040b9ae                __gethex
 .text.L_shift  0x0040bdf8       0x24 c:/program files (x86)/atmel/studio/7.0/toolchain/arm/arm-gnu-toolchain/bin/../lib/gcc/arm-none-eabi/4.9.3/../../../../arm-none-eabi/lib/armv7-m\libc_nano.a(lib_a-gdtoa-hexnan.o)
 .text.__hexnan
                0x0040be1c      0x114 c:/program files (x86)/atmel/studio/7.0/toolchain/arm/arm-gnu-toolchain/bin/../lib/gcc/arm-none-eabi/4.9.3/../../../../arm-none-eabi/lib/armv7-m\libc_nano.a(lib_a-gdtoa-hexnan.o)
                0x0040be1c                __hexnan
 .text._localeconv_r
                0x0040bf30        0x8 c:/program files (x86)/atmel/studio/7.0/toolchain/arm/arm-gnu-toolchain/bin/../lib/gcc/arm-none-eabi/4.9.3/../../../../arm-none-eabi/lib/armv7-m\libc_nano.a(lib_a-locale.o)
                0x0040bf30                _localeconv_r
 .text._Balloc  0x0040bf38       0x6a c:/program files (x86)/atmel/studio/7.0/toolchain/arm/arm-gnu-toolchain/bin/../lib/gcc/arm-none-eabi/4.9.3/../../../../arm-none-eabi/lib/armv7-m\libc_nano.a(lib_a-mprec.o)
                0x0040bf38                _Balloc
 .text._Bfree   0x0040bfa2       0x2e c:/program files (x86)/atmel/studio/7.0/toolchain/arm/arm-gnu-toolchain/bin/../lib/gcc/arm-none-eabi/4.9.3/../../../../arm-none-eabi/lib/armv7-m\libc_nano.a(lib_a-mprec.o)
                0x0040bfa2                _Bfree
 .text.__multadd
                0x0040bfd0       0x7c c:/program files (x86)/atmel/studio/7.0/toolchain/arm/arm-gnu-toolchain/bin/../lib/gcc/arm-none-eabi/4.9.3/../../../../arm-none-eabi/lib/armv7-m\libc_nano.a(lib_a-mprec.o)
                0x0040bfd0                __multadd
 .text.__s2b    0x0040c04c       0x80 c:/program files (x86)/atmel/studio/7.0/toolchain/arm/arm-gnu-toolchain/bin/../lib/gcc/arm-none-eabi/4.9.3/../../../../arm-none-eabi/lib/armv7-m\libc_nano.a(lib_a-mprec.o)
                0x0040c04c                __s2b
 .text.__hi0bits
                0x0040c0cc       0x40 c:/program files (x86)/atmel/studio/7.0/toolchain/arm/arm-gnu-toolchain/bin/../lib/gcc/arm-none-eabi/4.9.3/../../../../arm-none-eabi/lib/armv7-m\libc_nano.a(lib_a-mprec.o)
                0x0040c0cc                __hi0bits
 .text.__lo0bits
                0x0040c10c       0x5a c:/program files (x86)/atmel/studio/7.0/toolchain/arm/arm-gnu-toolchain/bin/../lib/gcc/arm-none-eabi/4.9.3/../../../../arm-none-eabi/lib/armv7-m\libc_nano.a(lib_a-mprec.o)
                0x0040c10c                __lo0bits
 .text.__i2b    0x0040c166       0x12 c:/program files (x86)/atmel/studio/7.0/toolchain/arm/arm-gnu-toolchain/bin/../lib/gcc/arm-none-eabi/4.9.3/../../../../arm-none-eabi/lib/armv7-m\libc_nano.a(lib_a-mprec.o)
                0x0040c166                __i2b
 .text.__multiply
                0x0040c178      0x120 c:/program files (x86)/atmel/studio/7.0/toolchain/arm/arm-gnu-toolchain/bin/../lib/gcc/arm-none-eabi/4.9.3/../../../../arm-none-eabi/lib/armv7-m\libc_nano.a(lib_a-mprec.o)
                0x0040c178                __multiply
 .text.__pow5mult
                0x0040c298       0x9c c:/program files (x86)/atmel/studio/7.0/toolchain/arm/arm-gnu-toolchain/bin/../lib/gcc/arm-none-eabi/4.9.3/../../../../arm-none-eabi/lib/armv7-m\libc_nano.a(lib_a-mprec.o)
                0x0040c298                __pow5mult
 .text.__lshift
                0x0040c334       0xa6 c:/program files (x86)/atmel/studio/7.0/toolchain/arm/arm-gnu-toolchain/bin/../lib/gcc/arm-none-eabi/4.9.3/../../../../arm-none-eabi/lib/armv7-m\libc_nano.a(lib_a-mprec.o)
                0x0040c334                __lshift
 .text.__mcmp   0x0040c3da       0x38 c:/program files (x86)/atmel/studio/7.0/toolchain/arm/arm-gnu-toolchain/bin/../lib/gcc/arm-none-eabi/4.9.3/../../../../arm-none-eabi/lib/armv7-m\libc_nano.a(lib_a-mprec.o)
                0x0040c3da                __mcmp
 .text.__mdiff  0x0040c412       0xbe c:/program files (x86)/atmel/studio/7.0/toolchain/arm/arm-gnu-toolchain/bin/../lib/gcc/arm-none-eabi/4.9.3/../../../../arm-none-eabi/lib/armv7-m\libc_nano.a(lib_a-mprec.o)
                0x0040c412                __mdiff
 .text.__ulp    0x0040c4d0       0x48 c:/program files (x86)/atmel/studio/7.0/toolchain/arm/arm-gnu-toolchain/bin/../lib/gcc/arm-none-eabi/4.9.3/../../../../arm-none-eabi/lib/armv7-m\libc_nano.a(lib_a-mprec.o)
                0x0040c4d0                __ulp
 .text.__b2d    0x0040c518       0x9e c:/program files (x86)/atmel/studio/7.0/toolchain/arm/arm-gnu-toolchain/bin/../lib/gcc/arm-none-eabi/4.9.3/../../../../arm-none-eabi/lib/armv7-m\libc_nano.a(lib_a-mprec.o)
                0x0040c518                __b2d
 .text.__d2b    0x0040c5b6       0xa4 c:/program files (x86)/atmel/studio/7.0/toolchain/arm/arm-gnu-toolchain/bin/../lib/gcc/arm-none-eabi/4.9.3/../../../../arm-none-eabi/lib/armv7-m\libc_nano.a(lib_a-mprec.o)
                0x0040c5b6                __d2b
 .text.__ratio  0x0040c65a       0x50 c:/program files (x86)/atmel/studio/7.0/toolchain/arm/arm-gnu-toolchain/bin/../lib/gcc/arm-none-eabi/4.9.3/../../../../arm-none-eabi/lib/armv7-m\libc_nano.a(lib_a-mprec.o)
                0x0040c65a                __ratio
 .text.__copybits
                0x0040c6aa       0x34 c:/program files (x86)/atmel/studio/7.0/toolchain/arm/arm-gnu-toolchain/bin/../lib/gcc/arm-none-eabi/4.9.3/../../../../arm-none-eabi/lib/armv7-m\libc_nano.a(lib_a-mprec.o)
                0x0040c6aa                __copybits
 .text.__any_on
                0x0040c6de       0x44 c:/program files (x86)/atmel/studio/7.0/toolchain/arm/arm-gnu-toolchain/bin/../lib/gcc/arm-none-eabi/4.9.3/../../../../arm-none-eabi/lib/armv7-m\libc_nano.a(lib_a-mprec.o)
                0x0040c6de                __any_on
 .text._calloc_r
                0x0040c722       0x1c c:/program files (x86)/atmel/studio/7.0/toolchain/arm/arm-gnu-toolchain/bin/../lib/gcc/arm-none-eabi/4.9.3/../../../../arm-none-eabi/lib/armv7-m\libc_nano.a(lib_a-nano-callocr.o)
                0x0040c722                _calloc_r
 .text._realloc_r
                0x0040c73e       0x4c c:/program files (x86)/atmel/studio/7.0/toolchain/arm/arm-gnu-toolchain/bin/../lib/gcc/arm-none-eabi/4.9.3/../../../../arm-none-eabi/lib/armv7-m\libc_nano.a(lib_a-nano-reallocr.o)
                0x0040c73e                _realloc_r
 .text.__ssputs_r
                0x0040c78a       0xb2 c:/program files (x86)/atmel/studio/7.0/toolchain/arm/arm-gnu-toolchain/bin/../lib/gcc/arm-none-eabi/4.9.3/../../../../arm-none-eabi/lib/armv7-m\libc_nano.a(lib_a-nano-svfprintf.o)
                0x0040c78a                __ssputs_r
 .text._svfprintf_r
                0x0040c83c      0x1e4 c:/program files (x86)/atmel/studio/7.0/toolchain/arm/arm-gnu-toolchain/bin/../lib/gcc/arm-none-eabi/4.9.3/../../../../arm-none-eabi/lib/armv7-m\libc_nano.a(lib_a-nano-svfprintf.o)
                0x0040c83c                _svfiprintf_r
                0x0040c83c                _svfprintf_r
 .text._printf_common
                0x0040ca20       0xea c:/program files (x86)/atmel/studio/7.0/toolchain/arm/arm-gnu-toolchain/bin/../lib/gcc/arm-none-eabi/4.9.3/../../../../arm-none-eabi/lib/armv7-m\libc_nano.a(lib_a-nano-vfprintf_i.o)
                0x0040ca20                _printf_common
 *fill*         0x0040cb0a        0x2 
 .text._printf_i
                0x0040cb0c      0x240 c:/program files (x86)/atmel/studio/7.0/toolchain/arm/arm-gnu-toolchain/bin/../lib/gcc/arm-none-eabi/4.9.3/../../../../arm-none-eabi/lib/armv7-m\libc_nano.a(lib_a-nano-vfprintf_i.o)
                0x0040cb0c                _printf_i
 .text.memchr   0x0040cd4c       0x1c c:/program files (x86)/atmel/studio/7.0/toolchain/arm/arm-gnu-toolchain/bin/../lib/gcc/arm-none-eabi/4.9.3/../../../../arm-none-eabi/lib/armv7-m\libc_nano.a(lib_a-memchr.o)
                0x0040cd4c                memchr
 .text.memmove  0x0040cd68       0x36 c:/program files (x86)/atmel/studio/7.0/toolchain/arm/arm-gnu-toolchain/bin/../lib/gcc/arm-none-eabi/4.9.3/../../../../arm-none-eabi/lib/armv7-m\libc_nano.a(lib_a-memmove.o)
                0x0040cd68                memmove
 .text._malloc_usable_size_r
                0x0040cd9e       0x14 c:/program files (x86)/atmel/studio/7.0/toolchain/arm/arm-gnu-toolchain/bin/../lib/gcc/arm-none-eabi/4.9.3/../../../../arm-none-eabi/lib/armv7-m\libc_nano.a(lib_a-nano-msizer.o)
                0x0040cd9e                _malloc_usable_size_r
 *(.glue_7t)
 .glue_7t       0x00000000        0x0 linker stubs
 *(.glue_7)
 .glue_7        0x00000000        0x0 linker stubs
 *(.rodata .rodata* .gnu.linkonce.r.*)
 *fill*         0x0040cdb2        0x2 
 .rodata        0x0040cdb4     0x149e src/Icons/HomeIcons.o
                0x0040cdb4                IconBedComp
                0x0040d1d4                IconHomeZ
                0x0040d5f4                IconHomeY
                0x0040da14                IconHomeX
                0x0040de34                IconHomeAll
 *fill*         0x0040e252        0x2 
 .rodata        0x0040e254      0xe84 src/Icons/KeyIcons.o
                0x0040e254                IconEnter
                0x0040e744                IconDown
                0x0040ea14                IconUp
                0x0040ece4                IconBackspace
 .rodata        0x0040f0d8     0x518c src/Icons/MiscIcons.o
                0x0040f0d8                FusionLogo
                0x00412dc8                IconTrash
                0x00413098                IconKeyboard
                0x0041372c                IconFiles
                0x00413bf4                IconCancel
                0x00413f6c                IconOk
 .rodata        0x00414264     0x112a src/Icons/NozzleIcons.o
                0x00414264                IconBed
                0x004145b0                IconNozzle4
                0x00414928                IconNozzle3
                0x00414ca0                IconNozzle2
                0x00415018                IconNozzle1
 *fill*         0x0041538e        0x2 
 .rodata.str1.4
                0x00415390       0x31 src/MessageLog.o
 *fill*         0x004153c1        0x3 
 .rodata        0x004153c4       0x2c src/ASF/sam/drivers/pwm/pwm.o
 .rodata        0x004153f0       0xec src/Fields.o
                0x004153fc                longLanguageNames
 .rodata.str1.4
                0x004154dc      0x3a7 src/Fields.o
                                0x3af (size before relaxing)
 *fill*         0x00415883        0x1 
 .rodata.str1.4
                0x00415884       0x48 src/FileManager.o
                                 0x4c (size before relaxing)
 .rodata        0x004158cc     0x32c5 src/Fonts/glcd19x21.o
                0x004158cc                glcd19x21
 *fill*         0x00418b91        0x3 
 .rodata        0x00418b94       0x14 src/Hardware/Buzzer.o
 .rodata.str1.4
                0x00418ba8       0xbe src/Hardware/FlashStorage.o
 *fill*         0x00418c66        0x2 
 .rodata.str1.4
                0x00418c68       0x79 src/Hardware/SerialIo.o
 *fill*         0x00418ce1        0x7 
 .rodata        0x00418ce8       0x10 src/Hardware/UTFT.o
                0x00418ce8                vtable for UTFT
 .rodata._ZTV12DisplayField
                0x00418cf8       0x18 src/Display.o
                0x00418cf8                vtable for DisplayField
 .rodata._ZTV10MainWindow
                0x00418d10       0x10 src/Display.o
                0x00418d10                vtable for MainWindow
 .rodata._ZTV11PopupWindow
                0x00418d20       0x10 src/Display.o
                0x00418d20                vtable for PopupWindow
 .rodata._ZTV12SingleButton
                0x00418d30       0x24 src/Display.o
                0x00418d30                vtable for SingleButton
 *fill*         0x00418d54        0x4 
 .rodata        0x00418d58      0x1f8 src/Display.o
                0x00418d58                vtable for CharButton
                0x00418d80                vtable for TextButton
                0x00418da8                vtable for IconButton
                0x00418dd0                vtable for ButtonRowWithText
                0x00418df8                vtable for CharButtonRow
                0x00418e20                vtable for FieldWithText
                0x00418e40                vtable for TextField
                0x00418e60                vtable for FloatField
                0x00418e80                vtable for IntegerField
                0x00418ea0                vtable for StaticTextField
                0x00418ec0                vtable for ButtonWithText
                0x00418ee8                vtable for IntegerButton
                0x00418f10                vtable for FloatButton
                0x00418f38                vtable for ProgressBar
 .rodata        0x00418f50       0xd8 src/PanelDue.o
 .rodata.str1.4
                0x00419028      0x2f2 src/PanelDue.o
                                0x2fe (size before relaxing)
 *fill*         0x0041931a        0x2 
 .rodata.str1.4
                0x0041931c       0x10 src/Print.o
                                  0xf (size before relaxing)
 .rodata.str1.1
                0x0041932c        0x2 c:/program files (x86)/atmel/studio/7.0/toolchain/arm/arm-gnu-toolchain/bin/../lib/gcc/arm-none-eabi/4.9.3/../../../../arm-none-eabi/lib/armv7-m\libc_nano.a(lib_a-impure.o)
 .rodata.str1.1
                0x0041932e        0xc c:/program files (x86)/atmel/studio/7.0/toolchain/arm/arm-gnu-toolchain/bin/../lib/gcc/arm-none-eabi/4.9.3/../../../../arm-none-eabi/lib/armv7-m\libc_nano.a(lib_a-strtod.o)
 *fill*         0x0041933a        0x2 
 .rodata.fpinan.5315
                0x0041933c       0x14 c:/program files (x86)/atmel/studio/7.0/toolchain/arm/arm-gnu-toolchain/bin/../lib/gcc/arm-none-eabi/4.9.3/../../../../arm-none-eabi/lib/armv7-m\libc_nano.a(lib_a-strtod.o)
 .rodata.tinytens
                0x00419350       0x28 c:/program files (x86)/atmel/studio/7.0/toolchain/arm/arm-gnu-toolchain/bin/../lib/gcc/arm-none-eabi/4.9.3/../../../../arm-none-eabi/lib/armv7-m\libc_nano.a(lib_a-strtod.o)
 .rodata.fpi.5279
                0x00419378       0x14 c:/program files (x86)/atmel/studio/7.0/toolchain/arm/arm-gnu-toolchain/bin/../lib/gcc/arm-none-eabi/4.9.3/../../../../arm-none-eabi/lib/armv7-m\libc_nano.a(lib_a-strtod.o)
 .rodata._ctype_
                0x0041938c      0x101 c:/program files (x86)/atmel/studio/7.0/toolchain/arm/arm-gnu-toolchain/bin/../lib/gcc/arm-none-eabi/4.9.3/../../../../arm-none-eabi/lib/armv7-m\libc_nano.a(lib_a-ctype_.o)
                0x0041938c                _ctype_
 *fill*         0x0041948d        0x3 
 .rodata.__sf_fake_stdin
                0x00419490       0x20 c:/program files (x86)/atmel/studio/7.0/toolchain/arm/arm-gnu-toolchain/bin/../lib/gcc/arm-none-eabi/4.9.3/../../../../arm-none-eabi/lib/armv7-m\libc_nano.a(lib_a-findfp.o)
                0x00419490                __sf_fake_stdin
 .rodata.__sf_fake_stdout
                0x004194b0       0x20 c:/program files (x86)/atmel/studio/7.0/toolchain/arm/arm-gnu-toolchain/bin/../lib/gcc/arm-none-eabi/4.9.3/../../../../arm-none-eabi/lib/armv7-m\libc_nano.a(lib_a-findfp.o)
                0x004194b0                __sf_fake_stdout
 .rodata.__sf_fake_stderr
                0x004194d0       0x20 c:/program files (x86)/atmel/studio/7.0/toolchain/arm/arm-gnu-toolchain/bin/../lib/gcc/arm-none-eabi/4.9.3/../../../../arm-none-eabi/lib/armv7-m\libc_nano.a(lib_a-findfp.o)
                0x004194d0                __sf_fake_stderr
 .rodata.str1.1
                0x004194f0        0x8 c:/program files (x86)/atmel/studio/7.0/toolchain/arm/arm-gnu-toolchain/bin/../lib/gcc/arm-none-eabi/4.9.3/../../../../arm-none-eabi/lib/armv7-m\libc_nano.a(lib_a-locale.o)
                                  0xb (size before relaxing)
 .rodata.__mprec_tens
                0x004194f8       0xc8 c:/program files (x86)/atmel/studio/7.0/toolchain/arm/arm-gnu-toolchain/bin/../lib/gcc/arm-none-eabi/4.9.3/../../../../arm-none-eabi/lib/armv7-m\libc_nano.a(lib_a-mprec.o)
                0x004194f8                __mprec_tens
 .rodata.__mprec_bigtens
                0x004195c0       0x28 c:/program files (x86)/atmel/studio/7.0/toolchain/arm/arm-gnu-toolchain/bin/../lib/gcc/arm-none-eabi/4.9.3/../../../../arm-none-eabi/lib/armv7-m\libc_nano.a(lib_a-mprec.o)
                0x004195c0                __mprec_bigtens
 .rodata.p05.5314
                0x004195e8        0xc c:/program files (x86)/atmel/studio/7.0/toolchain/arm/arm-gnu-toolchain/bin/../lib/gcc/arm-none-eabi/4.9.3/../../../../arm-none-eabi/lib/armv7-m\libc_nano.a(lib_a-mprec.o)
 .rodata.str1.1
                0x004195f4       0x11 c:/program files (x86)/atmel/studio/7.0/toolchain/arm/arm-gnu-toolchain/bin/../lib/gcc/arm-none-eabi/4.9.3/../../../../arm-none-eabi/lib/armv7-m\libc_nano.a(lib_a-nano-svfprintf.o)
 .rodata.str1.1
                0x00419605       0x22 c:/program files (x86)/atmel/studio/7.0/toolchain/arm/arm-gnu-toolchain/bin/../lib/gcc/arm-none-eabi/4.9.3/../../../../arm-none-eabi/lib/armv7-m\libc_nano.a(lib_a-nano-vfprintf_i.o)
 *(.ARM.extab* .gnu.linkonce.armextab.*)
                0x00419628                . = ALIGN (0x4)
 *fill*         0x00419627        0x1 
 *(.init)
 .init          0x00419628        0x4 c:/program files (x86)/atmel/studio/7.0/toolchain/arm/arm-gnu-toolchain/bin/../lib/gcc/arm-none-eabi/4.9.3/armv7-m/crti.o
                0x00419628                _init
 .init          0x0041962c        0x8 c:/program files (x86)/atmel/studio/7.0/toolchain/arm/arm-gnu-toolchain/bin/../lib/gcc/arm-none-eabi/4.9.3/armv7-m/crtn.o
                0x00419634                . = ALIGN (0x4)
                0x00419634                __preinit_array_start = .
 *(.preinit_array)
                0x00419634                __preinit_array_end = .
                0x00419634                . = ALIGN (0x4)
                0x00419634                __init_array_start = .
 *(SORT(.init_array.*))
 *(.init_array)
 .init_array    0x00419634        0x4 c:/program files (x86)/atmel/studio/7.0/toolchain/arm/arm-gnu-toolchain/bin/../lib/gcc/arm-none-eabi/4.9.3/armv7-m/crtbegin.o
 .init_array    0x00419638        0x4 src/MessageLog.o
 .init_array    0x0041963c        0x4 src/Fields.o
 .init_array    0x00419640        0x4 src/FileManager.o
 .init_array    0x00419644        0x4 src/Hardware/SerialIo.o
 .init_array    0x00419648        0x4 src/Display.o
 .init_array    0x0041964c        0x4 src/PanelDue.o
                0x00419650                __init_array_end = .
                0x00419650                . = ALIGN (0x4)
 *crtbegin.o(.ctors)
 *(EXCLUDE_FILE(*crtend.o) .ctors)
 *(SORT(.ctors.*))
 *crtend.o(.ctors)
                0x00419650                . = ALIGN (0x4)
 *(.fini)
 .fini          0x00419650        0x4 c:/program files (x86)/atmel/studio/7.0/toolchain/arm/arm-gnu-toolchain/bin/../lib/gcc/arm-none-eabi/4.9.3/armv7-m/crti.o
                0x00419650                _fini
 .fini          0x00419654        0x8 c:/program files (x86)/atmel/studio/7.0/toolchain/arm/arm-gnu-toolchain/bin/../lib/gcc/arm-none-eabi/4.9.3/armv7-m/crtn.o
                0x0041965c                . = ALIGN (0x4)
                0x0041965c                __fini_array_start = .
 *(.fini_array)
 .fini_array    0x0041965c        0x4 c:/program files (x86)/atmel/studio/7.0/toolchain/arm/arm-gnu-toolchain/bin/../lib/gcc/arm-none-eabi/4.9.3/armv7-m/crtbegin.o
 *(SORT(.fini_array.*))
                0x00419660                __fini_array_end = .
 *crtbegin.o(.dtors)
 *(EXCLUDE_FILE(*crtend.o) .dtors)
 *(SORT(.dtors.*))
 *crtend.o(.dtors)
                0x00419660                . = ALIGN (0x4)
                0x00419660                _efixed = .
                0x00419660                PROVIDE (__exidx_start, .)

.vfp11_veneer   0x00419660        0x0
 .vfp11_veneer  0x00000000        0x0 linker stubs

.v4_bx          0x00419660        0x0
 .v4_bx         0x00000000        0x0 linker stubs

.iplt           0x00419660        0x0
 .iplt          0x00000000        0x0 c:/program files (x86)/atmel/studio/7.0/toolchain/arm/arm-gnu-toolchain/bin/../lib/gcc/arm-none-eabi/4.9.3/armv7-m/crtbegin.o

.eh_frame       0x00419660        0x0
 .eh_frame      0x00419660        0x0 c:/program files (x86)/atmel/studio/7.0/toolchain/arm/arm-gnu-toolchain/bin/../lib/gcc/arm-none-eabi/4.9.3/armv7-m/crtbegin.o

.rel.dyn        0x00419660        0x0
 .rel.iplt      0x00000000        0x0 c:/program files (x86)/atmel/studio/7.0/toolchain/arm/arm-gnu-toolchain/bin/../lib/gcc/arm-none-eabi/4.9.3/armv7-m/crtbegin.o

.jcr            0x00419660        0x0
 .jcr           0x00419660        0x0 c:/program files (x86)/atmel/studio/7.0/toolchain/arm/arm-gnu-toolchain/bin/../lib/gcc/arm-none-eabi/4.9.3/armv7-m/crtbegin.o

.igot.plt       0x00419660        0x0
 .igot.plt      0x00000000        0x0 c:/program files (x86)/atmel/studio/7.0/toolchain/arm/arm-gnu-toolchain/bin/../lib/gcc/arm-none-eabi/4.9.3/armv7-m/crtbegin.o

.ARM.exidx
 *(.ARM.exidx* .gnu.linkonce.armexidx.*)
                0x00419660                PROVIDE (__exidx_end, .)
                0x00419660                . = ALIGN (0x4)
                0x00419660                _etext = .

.relocate       0x20000000      0x240 load address 0x00419660
                0x20000000                . = ALIGN (0x4)
                0x20000000                _srelocate = .
 *(.ramfunc .ramfunc.*)
 .ramfunc       0x20000000       0x84 src/ASF/sam/drivers/efc/efc.o
                0x20000000                efc_perform_read_sequence
                0x20000068                efc_write_fmr
                0x2000006c                efc_perform_fcr
 .ramfunc       0x20000084        0xc src/ASF/common/services/delay/sam/cycle_counter.o
                0x20000084                portable_delay_cycles
 *(.data .data.*)
 .data          0x20000090       0x80 src/Fields.o
 .data          0x20000110        0xc src/FileManager.o
                0x20000114                FileManager::filesRoot
                0x20000118                FileManager::macrosRoot
 .data          0x2000011c       0x2c src/Hardware/Buzzer.o
 .data          0x20000148       0x20 src/Hardware/SerialIo.o
                0x20000148                SerialIo::arrayElems
                0x2000014c                SerialIo::trCedilla
                0x20000150                SerialIo::trGrave
                0x20000154                SerialIo::trAcute
                0x20000158                SerialIo::trCircumflex
                0x2000015c                SerialIo::trTilde
                0x20000160                SerialIo::trUmlaut
                0x20000164                SerialIo::trCircle
 .data          0x20000168        0x6 src/Display.o
                0x20000168                ButtonBase::textMargin
                0x2000016a                ButtonBase::iconMargin
                0x2000016c                DisplayField::defaultFcolour
 *fill*         0x2000016e        0x2 
 .data          0x20000170       0x28 src/PanelDue.o
                0x20000170                statusText
 .data.g_interrupt_enabled
                0x20000198        0x1 src/ASF/common/utils/interrupt/interrupt_sam_nvic.o
                0x20000198                g_interrupt_enabled
 *fill*         0x20000199        0x3 
 .data.SystemCoreClock
                0x2000019c        0x4 src/ASF/sam/utils/cmsis/sam3s/source/templates/system_sam3s.o
                0x2000019c                SystemCoreClock
 .data.impure_data
                0x200001a0       0x60 c:/program files (x86)/atmel/studio/7.0/toolchain/arm/arm-gnu-toolchain/bin/../lib/gcc/arm-none-eabi/4.9.3/../../../../arm-none-eabi/lib/armv7-m\libc_nano.a(lib_a-impure.o)
 .data._impure_ptr
                0x20000200        0x4 c:/program files (x86)/atmel/studio/7.0/toolchain/arm/arm-gnu-toolchain/bin/../lib/gcc/arm-none-eabi/4.9.3/../../../../arm-none-eabi/lib/armv7-m\libc_nano.a(lib_a-impure.o)
                0x20000200                _impure_ptr
 .data.__ctype_ptr__
                0x20000204        0x4 c:/program files (x86)/atmel/studio/7.0/toolchain/arm/arm-gnu-toolchain/bin/../lib/gcc/arm-none-eabi/4.9.3/../../../../arm-none-eabi/lib/armv7-m\libc_nano.a(lib_a-ctype_.o)
                0x20000204                __ctype_ptr__
 .data.lconv    0x20000208       0x38 c:/program files (x86)/atmel/studio/7.0/toolchain/arm/arm-gnu-toolchain/bin/../lib/gcc/arm-none-eabi/4.9.3/../../../../arm-none-eabi/lib/armv7-m\libc_nano.a(lib_a-locale.o)
                0x20000240                . = ALIGN (0x4)
                0x20000240                _erelocate = .

.bss            0x20000240     0x344c load address 0x004198a0
                0x20000240                . = ALIGN (0x4)
                0x20000240                _sbss = .
                0x20000240                _szero = .
 *(.bss .bss.*)
 .bss           0x20000240       0x1c c:/program files (x86)/atmel/studio/7.0/toolchain/arm/arm-gnu-toolchain/bin/../lib/gcc/arm-none-eabi/4.9.3/armv7-m/crtbegin.o
 .bss           0x2000025c      0x438 src/MessageLog.o
 .bss.gs_ul_page_buffer
                0x20000694      0x100 src/ASF/sam/services/flash_efc/flash_efc.o
 .bss           0x20000794      0x2ec src/Fields.o
                0x20000798                iconTemps
                0x200007a4                currentTemps
                0x200007b0                activeTemps
                0x200007bc                standbyTemps
                0x200007c8                commonRoot
                0x200007d0                xPos
                0x200007d4                yPos
                0x200007d8                zPos
                0x200007e0                homeAllButton
                0x200007e4                homeButtons
                0x200007f0                moveButton
                0x200007f4                extrudeButton
                0x200007f8                macroButton
                0x200007fc                controlRoot
                0x20000800                extrusionFactors
                0x2000080c                spd
                0x20000810                fanSpeed
                0x20000814                filesButtonField
                0x2000081c                pauseButtonField
                0x20000824                resumeButtonField
                0x2000082c                resetButtonField
                0x20000834                printProgressBar
                0x20000838                timeLeftField
                0x2000083c                printRoot
                0x20000840                baseRoot
                0x20000844                messageTimeFields
                0x2000086c                messageTextFields
                0x20000894                messageRoot
                0x20000898                fwVersionField
                0x200008a0                settingsNotSavedField
                0x200008a4                volumeButton
                0x200008a8                languageButton
                0x200008ac                setupRoot
                0x200008b0                touchCalibInstruction
                0x200008b4                setTempPopup
                0x200008b8                movePopup
                0x200008bc                extrudePopup
                0x200008c0                currentExtrudeAmountPress
                0x200008c8                currentExtrudeRatePress
                0x200008d0                fileListPopup
                0x200008d4                filePopupTitleField
                0x200008d8                scrollFilesLeftButton
                0x200008dc                scrollFilesRightButton
                0x200008e0                filesUpButton
                0x200008e4                filenameButtons
                0x20000914                filePopup