Archive member included because of file (symbol)

c:/program files (x86)/atmel/studio/7.0/toolchain/arm/arm-gnu-toolchain/bin/../lib/gcc/arm-none-eabi/4.9.3/../../../../arm-none-eabi/lib/armv7-m\libstdc++_nano.a(pure.o)
                              src/Display.o (__cxa_pure_virtual)
c:/program files (x86)/atmel/studio/7.0/toolchain/arm/arm-gnu-toolchain/bin/../lib/gcc/arm-none-eabi/4.9.3/../../../../arm-none-eabi/lib/armv7-m\libstdc++_nano.a(eh_terminate.o)
                              c:/program files (x86)/atmel/studio/7.0/toolchain/arm/arm-gnu-toolchain/bin/../lib/gcc/arm-none-eabi/4.9.3/../../../../arm-none-eabi/lib/armv7-m\libstdc++_nano.a(pure.o) (std::terminate())
c:/program files (x86)/atmel/studio/7.0/toolchain/arm/arm-gnu-toolchain/bin/../lib/gcc/arm-none-eabi/4.9.3/../../../../arm-none-eabi/lib/armv7-m\libstdc++_nano.a(eh_unex_handler.o)
                              c:/program files (x86)/atmel/studio/7.0/toolchain/arm/arm-gnu-toolchain/bin/../lib/gcc/arm-none-eabi/4.9.3/../../../../arm-none-eabi/lib/armv7-m\libstdc++_nano.a(eh_terminate.o) (__cxxabiv1::__unexpected_handler)
c:/program files (x86)/atmel/studio/7.0/toolchain/arm/arm-gnu-toolchain/bin/../lib/gcc/arm-none-eabi/4.9.3/../../../../arm-none-eabi/lib/armv7-m\libstdc++_nano.a(eh_term_handler.o)
                              c:/program files (x86)/atmel/studio/7.0/toolchain/arm/arm-gnu-toolchain/bin/../lib/gcc/arm-none-eabi/4.9.3/../../../../arm-none-eabi/lib/armv7-m\libstdc++_nano.a(eh_terminate.o) (__cxxabiv1::__terminate_handler)
c:/program files (x86)/atmel/studio/7.0/toolchain/arm/arm-gnu-toolchain/bin/../lib/gcc/arm-none-eabi/4.9.3/../../../../arm-none-eabi/lib/armv7-m\libstdc++_nano.a(vterminate.o)
                              c:/program files (x86)/atmel/studio/7.0/toolchain/arm/arm-gnu-toolchain/bin/../lib/gcc/arm-none-eabi/4.9.3/../../../../arm-none-eabi/lib/armv7-m\libstdc++_nano.a(eh_term_handler.o) (__gnu_cxx::__verbose_terminate_handler())
c:/program files (x86)/atmel/studio/7.0/toolchain/arm/arm-gnu-toolchain/bin/../lib/gcc/arm-none-eabi/4.9.3/../../../../arm-none-eabi/lib/armv7-m\libstdc++_nano.a(cp-demangle.o)
                              c:/program files (x86)/atmel/studio/7.0/toolchain/arm/arm-gnu-toolchain/bin/../lib/gcc/arm-none-eabi/4.9.3/../../../../arm-none-eabi/lib/armv7-m\libstdc++_nano.a(vterminate.o) (__cxa_demangle)
c:/program files (x86)/atmel/studio/7.0/toolchain/arm/arm-gnu-toolchain/bin/../lib/gcc/arm-none-eabi/4.9.3/../../../../arm-none-eabi/lib/armv7-m\libstdc++_nano.a(eh_type.o)
                              c:/program files (x86)/atmel/studio/7.0/toolchain/arm/arm-gnu-toolchain/bin/../lib/gcc/arm-none-eabi/4.9.3/../../../../arm-none-eabi/lib/armv7-m\libstdc++_nano.a(vterminate.o) (__cxa_current_exception_type)
c:/program files (x86)/atmel/studio/7.0/toolchain/arm/arm-gnu-toolchain/bin/../lib/gcc/arm-none-eabi/4.9.3/../../../../arm-none-eabi/lib/armv7-m\libstdc++_nano.a(eh_globals.o)
                              c:/program files (x86)/atmel/studio/7.0/toolchain/arm/arm-gnu-toolchain/bin/../lib/gcc/arm-none-eabi/4.9.3/../../../../arm-none-eabi/lib/armv7-m\libstdc++_nano.a(eh_type.o) (__cxa_get_globals)
c:/program files (x86)/atmel/studio/7.0/toolchain/arm/arm-gnu-toolchain/bin/../lib/gcc/arm-none-eabi/4.9.3/armv7-m\libgcc.a(_arm_addsubdf3.o)
                              src/PanelDue.o (__aeabi_dsub)
c:/program files (x86)/atmel/studio/7.0/toolchain/arm/arm-gnu-toolchain/bin/../lib/gcc/arm-none-eabi/4.9.3/armv7-m\libgcc.a(_arm_muldivdf3.o)
                              src/PanelDue.o (__aeabi_dmul)
c:/program files (x86)/atmel/studio/7.0/toolchain/arm/arm-gnu-toolchain/bin/../lib/gcc/arm-none-eabi/4.9.3/armv7-m\libgcc.a(_arm_cmpdf2.o)
                              src/PanelDue.o (__aeabi_dcmplt)
c:/program files (x86)/atmel/studio/7.0/toolchain/arm/arm-gnu-toolchain/bin/../lib/gcc/arm-none-eabi/4.9.3/armv7-m\libgcc.a(_arm_unorddf2.o)
                              src/Print.o (__aeabi_dcmpun)
c:/program files (x86)/atmel/studio/7.0/toolchain/arm/arm-gnu-toolchain/bin/../lib/gcc/arm-none-eabi/4.9.3/armv7-m\libgcc.a(_arm_fixdfsi.o)
                              src/PanelDue.o (__aeabi_d2iz)
c:/program files (x86)/atmel/studio/7.0/toolchain/arm/arm-gnu-toolchain/bin/../lib/gcc/arm-none-eabi/4.9.3/armv7-m\libgcc.a(_arm_fixunsdfsi.o)
                              src/PanelDue.o (__aeabi_d2uiz)
c:/program files (x86)/atmel/studio/7.0/toolchain/arm/arm-gnu-toolchain/bin/../lib/gcc/arm-none-eabi/4.9.3/armv7-m\libgcc.a(_arm_truncdfsf2.o)
                              src/PanelDue.o (__aeabi_d2f)
c:/program files (x86)/atmel/studio/7.0/toolchain/arm/arm-gnu-toolchain/bin/../lib/gcc/arm-none-eabi/4.9.3/armv7-m\libgcc.a(_arm_addsubsf3.o)
                              src/PanelDue.o (__aeabi_fadd)
c:/program files (x86)/atmel/studio/7.0/toolchain/arm/arm-gnu-toolchain/bin/../lib/gcc/arm-none-eabi/4.9.3/armv7-m\libgcc.a(_arm_cmpsf2.o)
[...]
Memory Configuration

Name             Origin             Length             Attributes
rom              0x00400000         0x00020000         xr
ram              0x20000000         0x00008000         xrw
*default*        0x00000000         0xffffffff

Linker script and memory map

LOAD c:/program files (x86)/atmel/studio/7.0/toolchain/arm/arm-gnu-toolchain/bin/../lib/gcc/arm-none-eabi/4.9.3/armv7-m/crti.o
LOAD c:/program files (x86)/atmel/studio/7.0/toolchain/arm/arm-gnu-toolchain/bin/../lib/gcc/arm-none-eabi/4.9.3/armv7-m/crtbegin.o
LOAD c:/program files (x86)/atmel/studio/7.0/toolchain/arm/arm-gnu-toolchain/bin/../lib/gcc/arm-none-eabi/4.9.3/../../../../arm-none-eabi/lib/armv7-m/crt0.o
LOAD src/ASF/sam/drivers/efc/efc.o
LOAD src/Icons/HomeIcons.o
LOAD src/Icons/KeyIcons.o
LOAD src/Icons/MiscIcons.o
LOAD src/Icons/NozzleIcons.o
LOAD src/Library/Misc.o
LOAD src/MessageLog.o
LOAD src/RequestTimer.o
LOAD src/ASF/sam/drivers/matrix/matrix.o
LOAD src/ASF/sam/drivers/pwm/pwm.o
LOAD src/ASF/sam/drivers/rstc/rstc.o
LOAD src/ASF/sam/services/flash_efc/flash_efc.o
LOAD src/Fields.o
LOAD src/FileManager.o
LOAD src/Fonts/glcd19x21.o
LOAD src/Fonts/glcd28x32.o
LOAD src/Hardware/Buzzer.o
LOAD src/Hardware/FlashStorage.o
LOAD src/Hardware/Mem.o
LOAD src/Hardware/OneBitPort.o
LOAD src/Hardware/SerialIo.o
LOAD src/Hardware/SysTick.o
LOAD src/Hardware/UTFT.o
LOAD src/Hardware/UTouch.o
LOAD src/ASF/sam/drivers/uart/uart.o
LOAD src/Display.o
LOAD src/PanelDue.o
LOAD src/Print.o
LOAD src/ASF/common/services/clock/sam3s/sysclk.o
LOAD src/ASF/common/services/delay/sam/cycle_counter.o
LOAD src/ASF/sam/drivers/pio/pio.o
LOAD src/ASF/sam/drivers/pio/pio_handler.o
LOAD src/ASF/sam/drivers/pmc/pmc.o
LOAD src/ASF/sam/drivers/pmc/sleep.o
LOAD src/ASF/sam/drivers/wdt/wdt.o
LOAD src/ASF/common/boards/user_board/init.o
LOAD src/ASF/common/utils/interrupt/interrupt_sam_nvic.o
LOAD src/ASF/sam/utils/cmsis/sam3s/source/templates/exceptions.o
LOAD src/ASF/sam/utils/cmsis/sam3s/source/templates/gcc/startup_sam3s.o
LOAD src/ASF/sam/utils/cmsis/sam3s/source/templates/system_sam3s.o
LOAD src/ASF/sam/utils/syscalls/gcc/syscalls.o
START GROUP
LOAD ../src/ASF/thirdparty/CMSIS/Lib/GCC\libarm_cortexM3l_math.a
END GROUP
LOAD c:/program files (x86)/atmel/studio/7.0/toolchain/arm/arm-gnu-toolchain/bin/../lib/gcc/arm-none-eabi/4.9.3/../../../../arm-none-eabi/lib/armv7-m\libstdc++_nano.a
LOAD c:/program files (x86)/atmel/studio/7.0/toolchain/arm/arm-gnu-toolchain/bin/../lib/gcc/arm-none-eabi/4.9.3/../../../../arm-none-eabi/lib/armv7-m\libm.a
START GROUP
LOAD c:/program files (x86)/atmel/studio/7.0/toolchain/arm/arm-gnu-toolchain/bin/../lib/gcc/arm-none-eabi/4.9.3/armv7-m\libgcc.a
LOAD c:/program files (x86)/atmel/studio/7.0/toolchain/arm/arm-gnu-toolchain/bin/../lib/gcc/arm-none-eabi/4.9.3/../../../../arm-none-eabi/lib/armv7-m\libc_nano.a
END GROUP
START GROUP
LOAD c:/program files (x86)/atmel/studio/7.0/toolchain/arm/arm-gnu-toolchain/bin/../lib/gcc/arm-none-eabi/4.9.3/armv7-m\libgcc.a
LOAD c:/program files (x86)/atmel/studio/7.0/toolchain/arm/arm-gnu-toolchain/bin/../lib/gcc/arm-none-eabi/4.9.3/../../../../arm-none-eabi/lib/armv7-m\libc_nano.a
END GROUP
LOAD c:/program files (x86)/atmel/studio/7.0/toolchain/arm/arm-gnu-toolchain/bin/../lib/gcc/arm-none-eabi/4.9.3/armv7-m/crtend.o
LOAD c:/program files (x86)/atmel/studio/7.0/toolchain/arm/arm-gnu-toolchain/bin/../lib/gcc/arm-none-eabi/4.9.3/armv7-m/crtn.o
                0x00002000                __stack_size__ = DEFINED (__stack_size__)?__stack_size__:0x2000
                0x20007ffc                __ram_end__ = ((ORIGIN (ram) + 0x8000) - 0x4)
                0x00400000                __flash_start__ = ORIGIN (rom)
                0x00420000                __flash_end__ = (ORIGIN (rom) + 0x20000)

.text           0x00400000    0x194f8
                0x00400000                . = ALIGN (0x4)
                0x00400000                _sfixed = .
 *(.vectors .vectors.*)
 .vectors       0x00400000       0xd0 src/ASF/sam/utils/cmsis/sam3s/source/templates/gcc/startup_sam3s.o
                0x00400000                exception_table
 *(.text .text.* .gnu.linkonce.t.*)
 .text          0x004000d0       0x5c c:/program files (x86)/atmel/studio/7.0/toolchain/arm/arm-gnu-toolchain/bin/../lib/gcc/arm-none-eabi/4.9.3/armv7-m/crtbegin.o
 .text.efc_get_wait_state
                0x0040012c        0x8 src/ASF/sam/drivers/efc/efc.o
                0x0040012c                efc_get_wait_state
 .text.efc_disable_frdy_interrupt
                0x00400134       0x14 src/ASF/sam/drivers/efc/efc.o
                0x00400134                efc_disable_frdy_interrupt
 .text.efc_set_wait_state
                0x00400148       0x1c src/ASF/sam/drivers/efc/efc.o
                0x00400148                efc_set_wait_state
 .text.efc_perform_command
                0x00400164       0x2c src/ASF/sam/drivers/efc/efc.o
                0x00400164                efc_perform_command
 .text._Z11safeStrncpyPcPKcj
                0x00400190       0x24 src/Library/Misc.o
                0x00400190                safeStrncpy(char*, char const*, unsigned int)
 .text._ZN10MessageLog14UpdateMessagesEb
                0x004001b4      0x160 src/MessageLog.o
                0x004001b4                MessageLog::UpdateMessages(bool)
 .text._ZN10MessageLog4InitEv
                0x00400314       0x24 src/MessageLog.o
                0x00400314                MessageLog::Init()
 .text._ZN10MessageLog17DisplayNewMessageEv
                0x00400338       0x20 src/MessageLog.o
                0x00400338                MessageLog::DisplayNewMessage()
 .text._ZN10MessageLog15BeginNewMessageEv
                0x00400358       0x10 src/MessageLog.o
                0x00400358                MessageLog::BeginNewMessage()
 .text._ZN10MessageLog14FindSplitPointEPKcjt
                0x00400368       0xd4 src/MessageLog.o
                0x00400368                MessageLog::FindSplitPoint(char const*, unsigned int, unsigned short)
 .text._ZN10MessageLog13AppendMessageEPKc
                0x0040043c      0x124 src/MessageLog.o
                0x0040043c                MessageLog::AppendMessage(char const*)
 .text.startup._GLOBAL__sub_I__ZN10MessageLog4InitEv
                0x00400560      0x140 src/MessageLog.o
 .text._ZN12RequestTimerC2EmPKcS1_
                0x004006a0       0x10 src/RequestTimer.o
                0x004006a0                RequestTimer::RequestTimer(unsigned long, char const*, char const*)
                0x004006a0                RequestTimer::RequestTimer(unsigned long, char const*, char const*)
 .text._ZN12RequestTimer7ProcessEv
                0x004006b0       0x64 src/RequestTimer.o
                0x004006b0                RequestTimer::Process()
 .text.matrix_set_system_io
                0x00400714        0xc src/ASF/sam/drivers/matrix/matrix.o
                0x00400714                matrix_set_system_io
 .text.pwm_clocks_generate
                0x00400720       0x50 src/ASF/sam/drivers/pwm/pwm.o
 .text.pwm_init
                0x00400770       0x40 src/ASF/sam/drivers/pwm/pwm.o
                0x00400770                pwm_init
 .text.pwm_channel_init
                0x004007b0       0xdc src/ASF/sam/drivers/pwm/pwm.o
                0x004007b0                pwm_channel_init
 .text.pwm_channel_enable
                0x0040088c        0x8 src/ASF/sam/drivers/pwm/pwm.o
                0x0040088c                pwm_channel_enable
 .text.pwm_channel_disable
                0x00400894        0x8 src/ASF/sam/drivers/pwm/pwm.o
                0x00400894                pwm_channel_disable
 .text.rstc_start_software_reset
                0x0040089c        0xc src/ASF/sam/drivers/rstc/rstc.o
                0x0040089c                rstc_start_software_reset
 .text.flash_write
                0x004008a8       0xe4 src/ASF/sam/services/flash_efc/flash_efc.o
                0x004008a8                flash_write
 .text.flash_lock
                0x0040098c       0x5c src/ASF/sam/services/flash_efc/flash_efc.o
                0x0040098c                flash_lock
 .text.flash_unlock
                0x004009e8       0x5c src/ASF/sam/services/flash_efc/flash_efc.o
                0x004009e8                flash_unlock
 .text._ZN6Fields17CreatePopupWindowEttttPKc
                0x00400a44       0xd4 src/Fields.o
                0x00400a44                Fields::CreatePopupWindow(unsigned short, unsigned short, unsigned short, unsigned short, char const*)
 .text._ZN6Fields13AddTextButtonEtjjPKc5EventS1_
                0x00400b18       0x64 src/Fields.o
                0x00400b18                Fields::AddTextButton(unsigned short, unsigned int, unsigned int, char const*, Event, char const*)
 .text._ZN6Fields16AddIntegerButtonEtjjPKcS1_5Event
                0x00400b7c       0x70 src/Fields.o
                0x00400b7c                Fields::AddIntegerButton(unsigned short, unsigned int, unsigned int, char const*, char const*, Event)
 .text._ZN6Fields13AddIconButtonEtjjPKt5EventPKc
                0x00400bec       0x64 src/Fields.o
                0x00400bec                Fields::AddIconButton(unsigned short, unsigned int, unsigned int, unsigned short const*, Event, char const*)
 .text._ZN6Fields21CreateStringButtonRowEP6WindowttttjPKPKcS5_5Eventi
                0x00400c50       0xcc src/Fields.o
                0x00400c50                Fields::CreateStringButtonRow(Window*, unsigned short, unsigned short, unsigned short, unsigned short, unsigned int, char const* const*, char const* const*, Event, int)
 .text._ZN6Fields17CreateIntPopupBarEtjPKPKcPKi5EventS6_
                0x00400d1c       0xc4 src/Fields.o
                0x00400d1c                Fields::CreateIntPopupBar(unsigned short, unsigned int, char const* const*, int const*, Event, Event)
 .text._ZN6Fields21CreateTemperatureGridEv
                0x00400de0      0x1e0 src/Fields.o
                0x00400de0                Fields::CreateTemperatureGrid()
 .text._ZN6Fields22CreateControlTabFieldsEv
                0x00400fc0      0x1fc src/Fields.o
                0x00400fc0                Fields::CreateControlTabFields()
 .text._ZN6Fields23CreatePrintingTabFieldsEv
                0x004011bc      0x350 src/Fields.o
                0x004011bc                Fields::CreatePrintingTabFields()
 .text._ZN6Fields22CreateMessageTabFieldsEv
                0x0040150c      0x13c src/Fields.o
                0x0040150c                Fields::CreateMessageTabFields()
 .text._ZN6Fields20CreateSetupTabFieldsEm
                0x00401648      0x1f0 src/Fields.o
                0x00401648                Fields::CreateSetupTabFields(unsigned long)
 .text._ZN6Fields24CreateIntegerAdjustPopupEv
                0x00401838       0x34 src/Fields.o
                0x00401838                Fields::CreateIntegerAdjustPopup()
 .text._ZN6Fields15CreateMovePopupEv
                0x0040186c      0x1c4 src/Fields.o
                0x0040186c                Fields::CreateMovePopup()
 .text._ZN6Fields18CreateExtrudePopupEv
                0x00401a30      0x190 src/Fields.o
                0x00401a30                Fields::CreateExtrudePopup()
 .text._ZN6Fields19CreateFileListPopupEv
                0x00401bc0      0x1c4 src/Fields.o
                0x00401bc0                Fields::CreateFileListPopup()
 .text._ZN6Fields21CreateFileActionPopupEv
                0x00401d84      0x268 src/Fields.o
                0x00401d84                Fields::CreateFileActionPopup()
 .text._ZN6Fields21CreateAreYouSurePopupEv
                0x00401fec      0x134 src/Fields.o
                0x00401fec                Fields::CreateAreYouSurePopup()
 .text._ZN6Fields19CreateBaudRatePopupEv
                0x00402120       0x34 src/Fields.o
                0x00402120                Fields::CreateBaudRatePopup()
 .text._ZN6Fields17CreateVolumePopupEv
                0x00402154       0x34 src/Fields.o
                0x00402154                Fields::CreateVolumePopup()
 .text._ZN6Fields19CreateLanguagePopupEv
                0x00402188       0x34 src/Fields.o
                0x00402188                Fields::CreateLanguagePopup()
 .text._ZN6Fields19CreateKeyboardPopupEm
                0x004021bc      0x22c src/Fields.o
                0x004021bc                Fields::CreateKeyboardPopup(unsigned long)
 .text._ZN6Fields18CreateMessagePopupEv
                0x004023e8       0x78 src/Fields.o
                0x004023e8                Fields::CreateMessagePopup()
 .text._ZN6Fields12CreateFieldsEm
                0x00402460      0x348 src/Fields.o
                0x00402460                Fields::CreateFields(unsigned long)
 .text._ZN6Fields16SettingsAreSavedEb
                0x004027a8       0x20 src/Fields.o
                0x004027a8                Fields::SettingsAreSaved(bool)
 .text._ZN6Fields15ShowFilesButtonEv
                0x004027c8       0x40 src/Fields.o
                0x004027c8                Fields::ShowFilesButton()
 .text._ZN6Fields15ShowPauseButtonEv
                0x00402808       0x40 src/Fields.o
                0x00402808                Fields::ShowPauseButton()
 .text._ZN6Fields26ShowResumeAndCancelButtonsEv
                0x00402848       0x40 src/Fields.o
                0x00402848                Fields::ShowResumeAndCancelButtons()
 .text.startup._GLOBAL__sub_I_currentTemps
                0x00402888      0x184 src/Fields.o
 .text._ZN11FileManager7FileSetC2E5EventS1_PKcS3_
                0x00402a0c       0x80 src/FileManager.o
                0x00402a0c                FileManager::FileSet::FileSet(Event, Event, char const*, char const*)
                0x00402a0c                FileManager::FileSet::FileSet(Event, Event, char const*, char const*)
 .text._ZNK11FileManager7FileSet10IsInSubdirEv
                0x00402a8c       0x9c src/FileManager.o
                0x00402a8c                FileManager::FileSet::IsInSubdir() const
 .text._ZN11FileManager7FileSet12RefreshPopupEv
                0x00402b28      0x1cc src/FileManager.o
                0x00402b28                FileManager::FileSet::RefreshPopup()
 .text._ZN11FileManager7FileSet7DisplayEv
                0x00402cf4       0x58 src/FileManager.o
                0x00402cf4                FileManager::FileSet::Display()
 .text._ZN11FileManager7FileSet6ReloadEiRK6StringILj100EE
                0x00402d4c       0x54 src/FileManager.o
                0x00402d4c                FileManager::FileSet::Reload(int, String<100u> const&)
 .text._ZN11FileManager7FileSet16RequestParentDirEv
                0x00402da0       0x84 src/FileManager.o
                0x00402da0                FileManager::FileSet::RequestParentDir()
 .text._ZN11FileManager7FileSet13RequestSubdirEPKc
                0x00402e24       0xac src/FileManager.o
                0x00402e24                FileManager::FileSet::RequestSubdir(char const*)
 .text._ZN11FileManager15BeginNewMessageEv
                0x00402ed0       0x20 src/FileManager.o
                0x00402ed0                FileManager::BeginNewMessage()
 .text._ZN11FileManager18EndReceivedMessageEb
                0x00402ef0      0x104 src/FileManager.o
                0x00402ef0                FileManager::EndReceivedMessage(bool)
 .text._ZN11FileManager19BeginReceivingFilesEv
                0x00402ff4       0x4c src/FileManager.o
                0x00402ff4                FileManager::BeginReceivingFiles()
 .text._ZN11FileManager11ReceiveFileEPKc
                0x00403040       0xa4 src/FileManager.o
                0x00403040                FileManager::ReceiveFile(char const*)
 .text._ZN11FileManager20ReceiveDirectoryNameEPKc
                0x004030e4       0x48 src/FileManager.o
                0x004030e4                FileManager::ReceiveDirectoryName(char const*)
 .text._ZN11FileManager16DisplayFilesListEv
                0x0040312c       0x14 src/FileManager.o
                0x0040312c                FileManager::DisplayFilesList()
 .text._ZN11FileManager17DisplayMacrosListEv
                0x00403140       0x14 src/FileManager.o
                0x00403140                FileManager::DisplayMacrosList()
 .text._ZN11FileManager6ScrollEi
                0x00403154       0x28 src/FileManager.o
                0x00403154                FileManager::Scroll(int)
 .text._ZN11FileManager18RequestFilesSubdirEPKc
                0x0040317c       0x14 src/FileManager.o
                0x0040317c                FileManager::RequestFilesSubdir(char const*)
 .text._ZN11FileManager19RequestMacrosSubdirEPKc
                0x00403190       0x14 src/FileManager.o
                0x00403190                FileManager::RequestMacrosSubdir(char const*)
 .text._ZN11FileManager21RequestFilesParentDirEv
                0x004031a4       0x14 src/FileManager.o
                0x004031a4                FileManager::RequestFilesParentDir()
 .text._ZN11FileManager22RequestMacrosParentDirEv
                0x004031b8       0x14 src/FileManager.o
                0x004031b8                FileManager::RequestMacrosParentDir()
 .text._ZN11FileManager11GetFilesDirEv
                0x004031cc        0x8 src/FileManager.o
                0x004031cc                FileManager::GetFilesDir()
 .text._ZN11FileManager12GetMacrosDirEv
                0x004031d4        0x8 src/FileManager.o
                0x004031d4                FileManager::GetMacrosDir()
 .text._ZN11FileManager16RefreshFilesListEv
                0x004031dc       0x10 src/FileManager.o
                0x004031dc                FileManager::RefreshFilesList()
 .text._ZN11FileManager13ProcessTimersEv
                0x004031ec       0x1c src/FileManager.o
                0x004031ec                FileManager::ProcessTimers()
 .text.startup._GLOBAL__sub_I__ZN11FileManager9filesRootE
                0x00403208      0x1b4 src/FileManager.o
 .text._ZN6Buzzer4InitEv
                0x004033bc       0x70 src/Hardware/Buzzer.o
                0x004033bc                Buzzer::Init()
 .text._ZN6Buzzer4BeepEmmm
                0x0040342c       0xa8 src/Hardware/Buzzer.o
                0x0040342c                Buzzer::Beep(unsigned long, unsigned long, unsigned long)
 .text._ZN6Buzzer4TickEv
                0x004034d4       0x30 src/Hardware/Buzzer.o
                0x004034d4                Buzzer::Tick()
 .text._ZN6Buzzer5NoisyEv
                0x00403504       0x10 src/Hardware/Buzzer.o
                0x00403504                Buzzer::Noisy()
 .text._ZN12FlashStorage4readEmPvm
                0x00403514       0x18 src/Hardware/FlashStorage.o
                0x00403514                FlashStorage::read(unsigned long, void*, unsigned long)
 .text._ZN12FlashStorage5writeEmPKvm
                0x0040352c      0x104 src/Hardware/FlashStorage.o
                0x0040352c                FlashStorage::write(unsigned long, void const*, unsigned long)
 .text._Znwj    0x00403630       0x1c src/Hardware/Mem.o
                0x00403630                operator new(unsigned int)
 .text._Z13getFreeMemoryv
                0x0040364c       0x24 src/Hardware/Mem.o
                0x0040364c                getFreeMemory()
 .text._ZN10OneBitPortC2Ej
                0x00403670       0x28 src/Hardware/OneBitPort.o
                0x00403670                OneBitPort::OneBitPort(unsigned int)
                0x00403670                OneBitPort::OneBitPort(unsigned int)
 .text._ZN10OneBitPort7setModeENS_8PortModeE
                0x00403698       0x30 src/Hardware/OneBitPort.o
                0x00403698                OneBitPort::setMode(OneBitPort::PortMode)
 .text._ZN10OneBitPort5delayEh
                0x004036c8       0x14 src/Hardware/OneBitPort.o
                0x004036c8                OneBitPort::delay(unsigned char)
 .text._ZN8SerialIoL12ProcessFieldEv
                0x004036dc       0x28 src/Hardware/SerialIo.o
 .text._ZN8SerialIo4InitEm
                0x00403704       0x74 src/Hardware/SerialIo.o
                0x00403704                SerialIo::Init(unsigned long)
 .text._ZN8SerialIo19SendCharAndChecksumEc
                0x00403778       0x34 src/Hardware/SerialIo.o
                0x00403778                SerialIo::SendCharAndChecksum(char)
 .text._ZN8SerialIo7SendIntEi
                0x004037ac       0x44 src/Hardware/SerialIo.o
                0x004037ac                SerialIo::SendInt(int)
 .text._ZN8SerialIo8SendCharEc
                0x004037f0       0xdc src/Hardware/SerialIo.o
                0x004037f0                SerialIo::SendChar(char)
 .text._ZN8SerialIo10SendStringEPKc
                0x004038cc       0x1c src/Hardware/SerialIo.o
                0x004038cc                SerialIo::SendString(char const*)
 .text._ZN8SerialIo12SendFilenameEPKcS1_
                0x004038e8       0x48 src/Hardware/SerialIo.o
                0x004038e8                SerialIo::SendFilename(char const*, char const*)
 .text._ZN8SerialIo10CheckInputEv
                0x00403930      0x574 src/Hardware/SerialIo.o
                0x00403930                SerialIo::CheckInput()
 .text._ZN8SerialIo11receiveCharEc
                0x00403ea4       0x44 src/Hardware/SerialIo.o
                0x00403ea4                SerialIo::receiveChar(char)
 .text.UART1_Handler
                0x00403ee8       0x3c src/Hardware/SerialIo.o
                0x00403ee8                UART1_Handler
 .text.startup._GLOBAL__sub_I__ZN8SerialIo7trGraveE
                0x00403f24       0x70 src/Hardware/SerialIo.o
 .text._ZN10SystemTick12GetTickCountEv
                0x00403f94        0xc src/Hardware/SysTick.o
                0x00403f94                SystemTick::GetTickCount()
 .text.SysTick_Handler
                0x00403fa0       0x18 src/Hardware/SysTick.o
                0x00403fa0                SysTick_Handler
 .text._ZN4UTFT13LCD_Write_BusEhh.part.2
                0x00403fb8       0x30 src/Hardware/UTFT.o
 .text._ZN4UTFT24_set_direction_registersEv
                0x00403fe8       0x3c src/Hardware/UTFT.o
                0x00403fe8                UTFT::_set_direction_registers()
 .text._ZN4UTFTC2E11DisplayType12TransferModejjjjj
                0x00404024      0x124 src/Hardware/UTFT.o
                0x00404024                UTFT::UTFT(DisplayType, TransferMode, unsigned int, unsigned int, unsigned int, unsigned int, unsigned int)
                0x00404024                UTFT::UTFT(DisplayType, TransferMode, unsigned int, unsigned int, unsigned int, unsigned int, unsigned int)
 .text._ZN4UTFT13LCD_Write_COMEh
                0x00404148       0x28 src/Hardware/UTFT.o
                0x00404148                UTFT::LCD_Write_COM(unsigned char)
 .text._ZN4UTFT16LCD_Write_DATA16Et
                0x00404170       0x28 src/Hardware/UTFT.o
                0x00404170                UTFT::LCD_Write_DATA16(unsigned short)
 .text._ZN4UTFT25LCD_Write_Repeated_DATA16Ett
                0x00404198       0x4c src/Hardware/UTFT.o
                0x00404198                UTFT::LCD_Write_Repeated_DATA16(unsigned short, unsigned short)
 .text._ZN4UTFT15LCD_Write_DATA8Eh
                0x004041e4       0x28 src/Hardware/UTFT.o
                0x004041e4                UTFT::LCD_Write_DATA8(unsigned char)
 .text._ZN4UTFT5setXYEtttt
                0x0040420c      0x164 src/Hardware/UTFT.o
                0x0040420c                UTFT::setXY(unsigned short, unsigned short, unsigned short, unsigned short)
 .text._ZN4UTFT7InitLCDE18DisplayOrientationb
                0x00404370      0x384 src/Hardware/UTFT.o
                0x00404370                UTFT::InitLCD(DisplayOrientation, bool)
 .text._ZN4UTFT5clrXYEv
                0x004046f4       0x34 src/Hardware/UTFT.o
                0x004046f4                UTFT::clrXY()
 .text._ZN4UTFT10fillCircleEiii
                0x00404728      0x1a0 src/Hardware/UTFT.o
                0x00404728                UTFT::fillCircle(int, int, int)
 .text._ZN4UTFT7fromRGBEhhh
                0x004048c8       0x14 src/Hardware/UTFT.o
                0x004048c8                UTFT::fromRGB(unsigned char, unsigned char, unsigned char)
 .text._ZN4UTFT7fillScrEt
                0x004048dc       0x54 src/Hardware/UTFT.o
                0x004048dc                UTFT::fillScr(unsigned short)
 .text._ZN4UTFT9drawPixelEii
                0x00404930       0x50 src/Hardware/UTFT.o
                0x00404930                UTFT::drawPixel(int, int)
 .text._ZN4UTFT9drawHLineEiii
                0x00404980       0x58 src/Hardware/UTFT.o
                0x00404980                UTFT::drawHLine(int, int, int)
 .text._ZN4UTFT13fillRoundRectEiiiith
                0x004049d8      0x110 src/Hardware/UTFT.o
                0x004049d8                UTFT::fillRoundRect(int, int, int, int, unsigned short, unsigned char)
 .text._ZN4UTFT9drawVLineEiii
                0x00404ae8       0x58 src/Hardware/UTFT.o
                0x00404ae8                UTFT::drawVLine(int, int, int)
 .text._ZN4UTFT13drawRoundRectEiiii
                0x00404b40       0xc8 src/Hardware/UTFT.o
                0x00404b40                UTFT::drawRoundRect(int, int, int, int)
 .text._ZN4UTFT8fillRectEiiiit
                0x00404c08       0x88 src/Hardware/UTFT.o
                0x00404c08                UTFT::fillRect(int, int, int, int, unsigned short)
 .text._ZN4UTFT8drawLineEiiii
                0x00404c90      0x12c src/Hardware/UTFT.o
                0x00404c90                UTFT::drawLine(int, int, int, int)
 .text._ZN4UTFT10setTextPosEttt
                0x00404dbc       0x2c src/Hardware/UTFT.o
                0x00404dbc                UTFT::setTextPos(unsigned short, unsigned short, unsigned short)
 .text._ZN4UTFT13clearToMarginEv
                0x00404de8       0xa4 src/Hardware/UTFT.o
                0x00404de8                UTFT::clearToMargin()
 .text._ZN4UTFT11writeNativeEh
                0x00404e8c      0x2bc src/Hardware/UTFT.o
                0x00404e8c                UTFT::writeNative(unsigned char)
 .text._ZN4UTFT5writeEh
                0x00405148       0xcc src/Hardware/UTFT.o
                0x00405148                UTFT::write(unsigned char)
 .text._ZN4UTFT7setFontEPKh
                0x00405214       0x28 src/Hardware/UTFT.o
                0x00405214                UTFT::setFont(unsigned char const*)
 .text._ZN4UTFT10drawBitmapEiiiiPKtib
                0x0040523c      0x15c src/Hardware/UTFT.o
                0x0040523c                UTFT::drawBitmap(int, int, int, int, unsigned short const*, int, bool)
 .text._ZN6UTouchC2Ejjjjj
                0x00405398       0x34 src/Hardware/UTouch.o
                0x00405398                UTouch::UTouch(unsigned int, unsigned int, unsigned int, unsigned int, unsigned int)
                0x00405398                UTouch::UTouch(unsigned int, unsigned int, unsigned int, unsigned int, unsigned int)
 .text._ZN6UTouch4initEtt18DisplayOrientation
                0x004053cc       0x88 src/Hardware/UTouch.o
                0x004053cc                UTouch::init(unsigned short, unsigned short, DisplayOrientation)
 .text._ZN6UTouch18touch_WriteCommandEh
                0x00405454       0x44 src/Hardware/UTouch.o
                0x00405454                UTouch::touch_WriteCommand(unsigned char)
 .text._ZN6UTouch14touch_ReadDataEh
                0x00405498       0x74 src/Hardware/UTouch.o
                0x00405498                UTouch::touch_ReadData(unsigned char)
 .text._ZN6UTouch12getTouchDataEbRt
                0x0040550c       0xc8 src/Hardware/UTouch.o
                0x0040550c                UTouch::getTouchData(bool, unsigned short&)
 .text._ZN6UTouch4readERtS0_PtS1_
                0x004055d4      0x114 src/Hardware/UTouch.o
                0x004055d4                UTouch::read(unsigned short&, unsigned short&, unsigned short*, unsigned short*)
 .text._ZN6UTouch9calibrateEttttt
                0x004056e8       0x4c src/Hardware/UTouch.o
                0x004056e8                UTouch::calibrate(unsigned short, unsigned short, unsigned short, unsigned short, unsigned short)
 .text.uart_init
                0x00405734       0x40 src/ASF/sam/drivers/uart/uart.o
                0x00405734                uart_init
 .text.uart_enable_interrupt
                0x00405774        0x4 src/ASF/sam/drivers/uart/uart.o
                0x00405774                uart_enable_interrupt
 .text.uart_disable_interrupt
                0x00405778        0x4 src/ASF/sam/drivers/uart/uart.o
                0x00405778                uart_disable_interrupt
 .text.uart_write
                0x0040577c       0x10 src/ASF/sam/drivers/uart/uart.o
                0x0040577c                uart_write
 .text._ZNK12DisplayField9GetHeightEv
                0x0040578c        0x4 src/Display.o
                0x0040578c                DisplayField::GetHeight() const
 .text._ZNK12DisplayField8IsButtonEv
                0x00405790        0x4 src/Display.o
                0x00405790                DisplayField::IsButton() const
 .text._ZN12DisplayField7RefreshEbtt
                0x00405794        0x4 src/Display.o
                0x00405794                DisplayField::Refresh(bool, unsigned short, unsigned short)
 .text._ZNK12DisplayField8GetEventEv
                0x00405798        0x4 src/Display.o
                0x00405798                DisplayField::GetEvent() const
 .text._ZNK6Window4XposEv
                0x0040579c        0x4 src/Display.o
                0x0040579c                Window::Xpos() const
 .text._ZNK6Window4YposEv
                0x004057a0        0x4 src/Display.o
                0x004057a0                Window::Ypos() const
 .text._ZNK11PopupWindow4XposEv
                0x004057a4        0x4 src/Display.o
                0x004057a4                PopupWindow::Xpos() const
 .text._ZNK11PopupWindow4YposEv
                0x004057a8        0x4 src/Display.o
                0x004057a8                PopupWindow::Ypos() const
 .text._ZNK13FieldWithText9GetHeightEv
                0x004057ac        0x8 src/Display.o
                0x004057ac                FieldWithText::GetHeight() const
 .text._ZNK13FieldWithText9PrintTextEv
                0x004057b4        0x4 src/Display.o
                0x004057b4                FieldWithText::PrintText() const
 .text._ZNK10ButtonBase8GetEventEv
                0x004057b8        0x4 src/Display.o
                0x004057b8                ButtonBase::GetEvent() const
 .text._ZN10ButtonBase5PressEbi
                0x004057bc        0x4 src/Display.o
                0x004057bc                ButtonBase::Press(bool, int)
 .text._ZNK12SingleButton8IsButtonEv
                0x004057c0        0x4 src/Display.o
                0x004057c0                SingleButton::IsButton() const
 .text._ZNK12SingleButton9GetSParamEj
                0x004057c4        0x4 src/Display.o
                0x004057c4                SingleButton::GetSParam(unsigned int) const
 .text._ZNK12SingleButton9GetIParamEj
                0x004057c8        0x4 src/Display.o
                0x004057c8                SingleButton::GetIParam(unsigned int) const
 .text._ZN12SingleButton5PressEbi
                0x004057cc       0x10 src/Display.o
                0x004057cc                SingleButton::Press(bool, int)
 .text._ZNK14ButtonWithText9GetHeightEv
                0x004057dc       0x1c src/Display.o
                0x004057dc                ButtonWithText::GetHeight() const
 .text._ZNK14ButtonWithText9PrintTextEv
                0x004057f8        0x4 src/Display.o
                0x004057f8                ButtonWithText::PrintText() const
 .text._ZNK10IconButton9GetHeightEv
                0x004057fc       0x18 src/Display.o
                0x004057fc                IconButton::GetHeight() const
 .text._ZNK11ProgressBar9GetHeightEv
                0x00405814        0x4 src/Display.o
                0x00405814                ProgressBar::GetHeight() const
 .text._ZNK10MainWindow8ContainsEtttt
                0x00405818        0x4 src/Display.o
                0x00405818                MainWindow::Contains(unsigned short, unsigned short, unsigned short, unsigned short) const
 .text._ZNK11PopupWindow8ContainsEtttt
                0x0040581c       0x38 src/Display.o
                0x0040581c                PopupWindow::Contains(unsigned short, unsigned short, unsigned short, unsigned short) const
 .text._ZNK9TextField9PrintTextEv
                0x00405854       0x24 src/Display.o
                0x00405854                TextField::PrintText() const
 .text._ZNK15StaticTextField9PrintTextEv
                0x00405878       0x18 src/Display.o
                0x00405878                StaticTextField::PrintText() const
 .text._ZNK10TextButton9PrintTextEv
                0x00405890       0x18 src/Display.o
                0x00405890                TextButton::PrintText() const
 .text._ZN13FieldWithText7RefreshEbtt
                0x004058a8       0xe0 src/Display.o
                0x004058a8                FieldWithText::Refresh(bool, unsigned short, unsigned short)
 .text._ZNK10FloatField9PrintTextEv
                0x00405988       0x44 src/Display.o
                0x00405988                FloatField::PrintText() const
 .text._ZNK11FloatButton9PrintTextEv
                0x004059cc       0x3c src/Display.o
                0x004059cc                FloatButton::PrintText() const
 .text._ZNK12IntegerField9PrintTextEv
                0x00405a08       0x30 src/Display.o
                0x00405a08                IntegerField::PrintText() const
 .text._ZNK13IntegerButton9PrintTextEv
                0x00405a38       0x30 src/Display.o
                0x00405a38                IntegerButton::PrintText() const
 .text._ZN11ProgressBar7RefreshEbtt
                0x00405a68      0x180 src/Display.o
                0x00405a68                ProgressBar::Refresh(bool, unsigned short, unsigned short)
 .text._ZN12DisplayFieldC2Ettt
                0x00405be8       0x38 src/Display.o
                0x00405be8                DisplayField::DisplayField(unsigned short, unsigned short, unsigned short)
                0x00405be8                DisplayField::DisplayField(unsigned short, unsigned short, unsigned short)
 .text._ZN12DisplayField17SetDefaultColoursEtttttt
                0x00405c20       0x28 src/Display.o
                0x00405c20                DisplayField::SetDefaultColours(unsigned short, unsigned short, unsigned short, unsigned short, unsigned short, unsigned short)
 .text._ZN12DisplayField12GetTextWidthEPKct
                0x00405c48       0x30 src/Display.o
                0x00405c48                DisplayField::GetTextWidth(char const*, unsigned short)
 .text._ZN12DisplayField4ShowEb
                0x00405c78        0xc src/Display.o
                0x00405c78                DisplayField::Show(bool)
 .text._ZN12DisplayField9FindEventEttPS_
                0x00405c84       0xb8 src/Display.o
                0x00405c84                DisplayField::FindEvent(unsigned short, unsigned short, DisplayField*)
 .text._ZN12DisplayField10SetColoursEtt
                0x00405d3c       0x18 src/Display.o
                0x00405d3c                DisplayField::SetColours(unsigned short, unsigned short)
 .text._ZN11ButtonPressC2Ev
                0x00405d54        0x8 src/Display.o
                0x00405d54                ButtonPress::ButtonPress()
                0x00405d54                ButtonPress::ButtonPress()
 .text._ZN11ButtonPressC2EP10ButtonBasej
                0x00405d5c        0x8 src/Display.o
                0x00405d5c                ButtonPress::ButtonPress(ButtonBase*, unsigned int)
                0x00405d5c                ButtonPress::ButtonPress(ButtonBase*, unsigned int)
 .text._ZN11ButtonPress5ClearEv
                0x00405d64        0x8 src/Display.o
                0x00405d64                ButtonPress::Clear()
 .text._ZNK11ButtonPress8GetEventEv
                0x00405d6c       0x18 src/Display.o
                0x00405d6c                ButtonPress::GetEvent() const
 .text._ZNK11ButtonPress9GetIParamEv
                0x00405d84        0xc src/Display.o
                0x00405d84                ButtonPress::GetIParam() const
 .text._ZNK11ButtonPress9GetSParamEv
                0x00405d90        0xc src/Display.o
                0x00405d90                ButtonPress::GetSParam() const
 .text._ZNK11ButtonPresseqERKS_
                0x00405d9c       0x1c src/Display.o
                0x00405d9c                ButtonPress::operator==(ButtonPress const&) const
 .text._ZN6Window8AddFieldEP12DisplayField
                0x00405db8        0x8 src/Display.o
                0x00405db8                Window::AddField(DisplayField*)
 .text._ZNK6Window15ObscuredByPopupEPK12DisplayField
                0x00405dc0       0xb8 src/Display.o
                0x00405dc0                Window::ObscuredByPopup(DisplayField const*) const
 .text._ZN11PopupWindow7RefreshEb
                0x00405e78      0x104 src/Display.o
                0x00405e78                PopupWindow::Refresh(bool)
 .text._ZN10MainWindow7RefreshEb
                0x00405f7c       0x68 src/Display.o
                0x00405f7c                MainWindow::Refresh(bool)
 .text._ZN6Window9FindEventEtt
                0x00405fe4       0x68 src/Display.o
                0x00405fe4                Window::FindEvent(unsigned short, unsigned short)
 .text._ZN6Window21FindEventOutsidePopupEtt
                0x0040604c       0x48 src/Display.o
                0x0040604c                Window::FindEventOutsidePopup(unsigned short, unsigned short)
 .text._ZN6Window8SetPopupEP11PopupWindowttb
                0x00406094       0x28 src/Display.o
                0x00406094                Window::SetPopup(PopupWindow*, unsigned short, unsigned short, bool)
 .text._ZN6Window10ClearPopupEbP11PopupWindow
                0x004060bc      0x10c src/Display.o
                0x004060bc                Window::ClearPopup(bool, PopupWindow*)
 .text._ZN6Window6RedrawEP12DisplayField
                0x004061c8       0xd8 src/Display.o
                0x004061c8                Window::Redraw(DisplayField*)
 .text._ZN6Window4ShowEP12DisplayFieldb
                0x004062a0       0xb0 src/Display.o
                0x004062a0                Window::Show(DisplayField*, bool)
 .text._ZN6Window5PressE11ButtonPressb
                0x00406350       0x34 src/Display.o
                0x00406350                Window::Press(ButtonPress, bool)
 .text._ZN10MainWindowC2Ev
                0x00406384       0x14 src/Display.o
                0x00406384                MainWindow::MainWindow()
                0x00406384                MainWindow::MainWindow()
 .text._ZN10MainWindow4InitEt
                0x00406398       0x14 src/Display.o
                0x00406398                MainWindow::Init(unsigned short)
 .text._ZN10MainWindow8ClearAllEv
                0x004063ac       0x14 src/Display.o
                0x004063ac                MainWindow::ClearAll()
 .text._ZN10MainWindow14ClearAllPopupsEv
                0x004063c0       0x20 src/Display.o
                0x004063c0                MainWindow::ClearAllPopups()
 .text._ZN11PopupWindowC2Ettt
                0x004063e0       0x1c src/Display.o
                0x004063e0                PopupWindow::PopupWindow(unsigned short, unsigned short, unsigned short)
                0x004063e0                PopupWindow::PopupWindow(unsigned short, unsigned short, unsigned short)
 .text._ZNK10ButtonBase11DrawOutlineEttb
                0x004063fc       0x9c src/Display.o
                0x004063fc                ButtonBase::DrawOutline(unsigned short, unsigned short, bool) const
 .text._ZN14ButtonWithText7RefreshEbtt
                0x00406498       0xb0 src/Display.o
                0x00406498                ButtonWithText::Refresh(bool, unsigned short, unsigned short)
 .text._ZN10IconButton7RefreshEbtt
                0x00406548       0x78 src/Display.o
                0x00406548                IconButton::Refresh(bool, unsigned short, unsigned short)
 .text._ZN12SingleButtonC2Ettt
                0x004065c0       0x64 src/Display.o
                0x004065c0                SingleButton::SingleButton(unsigned short, unsigned short, unsigned short)
                0x004065c0                SingleButton::SingleButton(unsigned short, unsigned short, unsigned short)
 .text._ZN10CharButtonC2Etttch
                0x00406624       0x70 src/Display.o
                0x00406624                CharButton::CharButton(unsigned short, unsigned short, unsigned short, char, unsigned char)
                0x00406624                CharButton::CharButton(unsigned short, unsigned short, unsigned short, char, unsigned char)
 .text._ZN10TextButtonC2EtttPKchi
                0x00406694       0x6c src/Display.o
                0x00406694                TextButton::TextButton(unsigned short, unsigned short, unsigned short, char const*, unsigned char, int)
                0x00406694                TextButton::TextButton(unsigned short, unsigned short, unsigned short, char const*, unsigned char, int)
 .text._ZN10TextButtonC2EtttPKchS1_
                0x00406700       0x6c src/Display.o
                0x00406700                TextButton::TextButton(unsigned short, unsigned short, unsigned short, char const*, unsigned char, char const*)
                0x00406700                TextButton::TextButton(unsigned short, unsigned short, unsigned short, char const*, unsigned char, char const*)
 .text._ZN10IconButtonC2EtttPKthi
                0x0040676c       0x6c src/Display.o
                0x0040676c                IconButton::IconButton(unsigned short, unsigned short, unsigned short, unsigned short const*, unsigned char, int)
                0x0040676c                IconButton::IconButton(unsigned short, unsigned short, unsigned short, unsigned short const*, unsigned char, int)
 .text._ZN10IconButtonC2EtttPKthPKc
                0x004067d8       0x6c src/Display.o
                0x004067d8                IconButton::IconButton(unsigned short, unsigned short, unsigned short, unsigned short const*, unsigned char, char const*)
                0x004067d8                IconButton::IconButton(unsigned short, unsigned short, unsigned short, unsigned short const*, unsigned char, char const*)
 .text.startup._GLOBAL__sub_I__ZN12DisplayField11defaultFontE
                0x00406844       0x5c src/Display.o
 .text._ZNK10CharButton9PrintTextEv
                0x004068a0       0x2c src/Display.o
                0x004068a0                CharButton::PrintText() const
 .text._Z10GetIntegerPKcRi.part.22
                0x004068cc       0x78 src/PanelDue.o
 .text._Z8GetFloatPKcRf.part.24
                0x00406944       0x28 src/PanelDue.o
 .text._ZN9FlashDataeqERKS_
                0x0040696c       0x40 src/PanelDue.o
                0x0040696c                FlashData::operator==(FlashData const&)
 .text._Z7bsearchPK21ReceiveDataTableEntryjPKc
                0x004069ac       0x64 src/PanelDue.o
                0x004069ac                bsearch(ReceiveDataTableEntry const*, unsigned int, char const*)
 .text._Z8OkToSendv
                0x00406a10       0x1c src/PanelDue.o
                0x00406a10                OkToSend()
 .text._Z9ErrorBeepv
                0x00406a2c       0x28 src/PanelDue.o
                0x00406a2c                ErrorBeep()
 .text._Z12DoTouchCalibttttbRt
                0x00406a54       0xc8 src/PanelDue.o
                0x00406a54                DoTouchCalib(unsigned short, unsigned short, unsigned short, unsigned short, bool, unsigned short&)
 .text._Z21CheckSettingsAreSavedv
                0x00406b1c       0x20 src/PanelDue.o
                0x00406b1c                CheckSettingsAreSaved()
 .text._Z12FactoryResetv
                0x00406b3c       0x50 src/PanelDue.o
                0x00406b3c                FactoryReset()
 .text._Z12SaveSettingsv
                0x00406b8c       0x3c src/PanelDue.o
                0x00406b8c                SaveSettings()
 .text._Z15PopupAreYouSure5EventPKcS1_
                0x00406bc8       0x48 src/PanelDue.o
                0x00406bc8                PopupAreYouSure(Event, char const*, char const*)
 .text._Z9Adjusting11ButtonPress
                0x00406c10       0x38 src/PanelDue.o
                0x00406c10                Adjusting(ButtonPress)
 .text._Z13StopAdjustingv
                0x00406c48       0x2c src/PanelDue.o
                0x00406c48                StopAdjusting()
 .text._Z21CurrentButtonReleasedv
                0x00406c74       0x2c src/PanelDue.o
                0x00406c74                CurrentButtonReleased()
 .text._Z11StripPrefixPKc
                0x00406ca0       0x70 src/PanelDue.o
                0x00406ca0                StripPrefix(char const*)
 .text._Z20UpdatePrintingFieldsv
                0x00406d10       0x98 src/PanelDue.o
                0x00406d10                UpdatePrintingFields()
 .text._Z20StartReceivedMessagev
                0x00406da8       0x24 src/PanelDue.o
                0x00406da8                StartReceivedMessage()
 .text._Z18EndReceivedMessagev
                0x00406dcc       0x40 src/PanelDue.o
                0x00406dcc                EndReceivedMessage()
 .text._Z18ProcessArrayLengthPKci
                0x00406e0c        0x4 src/PanelDue.o
                0x00406e0c                ProcessArrayLength(char const*, int)
 .text._Z11SendRequestPKcb
                0x00406e10       0x3c src/PanelDue.o
                0x00406e10                SendRequest(char const*, bool)
 .text._Z14PrintDebugTextPKc
                0x00406e4c       0x10 src/PanelDue.o
                0x00406e4c                PrintDebugText(char const*)
 .text._ZN6StringILj50EE5scatfEPKcz
                0x00406e5c       0x4c src/PanelDue.o
                0x00406e5c                String<50u>::scatf(char const*, ...)
 .text._Z14AppendTimeLefti
                0x00406ea8       0xc4 src/PanelDue.o
                0x00406ea8                AppendTimeLeft(int)
 .text.startup._GLOBAL__sub_I__Z7Restartv
                0x00406f6c      0x1f4 src/PanelDue.o
 .text._Z9ChangeTabP10ButtonBase
                0x00407160      0x278 src/PanelDue.o
                0x00407160                ChangeTab(ButtonBase*)
 .text._Z9SetStatusc
                0x004073d8      0x124 src/PanelDue.o
                0x004073d8                SetStatus(char)
 .text._Z20ProcessReceivedValuePKcS0_i
                0x004074fc      0x8c0 src/PanelDue.o
                0x004074fc                ProcessReceivedValue(char const*, char const*, int)
 .text._Z7InitLcd18DisplayOrientationbh
                0x00407dbc       0x40 src/PanelDue.o
                0x00407dbc                InitLcd(DisplayOrientation, bool, unsigned char)
 .text._Z14CalibrateTouchv
                0x00407dfc      0x130 src/PanelDue.o
                0x00407dfc                CalibrateTouch()
 .text._Z12ProcessTouch11ButtonPress
                0x00407f2c      0xb58 src/PanelDue.o
                0x00407f2c                ProcessTouch(ButtonPress)
 .text._Z24ProcessTouchOutsidePopup11ButtonPress
                0x00408a84      0x274 src/PanelDue.o
                0x00408a84                ProcessTouchOutsidePopup(ButtonPress)
 .text.startup.main
                0x00408cf8      0x448 src/PanelDue.o
                0x00408cf8                main
 .text._ZN5Print5writeEPKhj
                0x00409140       0x28 src/Print.o
                0x00409140                Print::write(unsigned char const*, unsigned int)
 .text._ZN5Print5printEPKc
                0x00409168       0x28 src/Print.o
                0x00409168                Print::print(char const*)
 .text._ZN5Print11printNumberEmh
                0x00409190       0x5c src/Print.o
                0x00409190                Print::printNumber(unsigned long, unsigned char)
 .text._ZN5Print5printEli
                0x004091ec       0x48 src/Print.o
                0x004091ec                Print::print(long, int)
 .text._ZN5Print5printEii
                0x00409234        0xc src/Print.o
                0x00409234                Print::print(int, int)
 .text._ZN5Print10printFloatEdh
                0x00409240      0x1ec src/Print.o
                0x00409240                Print::printFloat(double, unsigned char)
 .text._ZN5Print5printEdi
                0x0040942c       0x18 src/Print.o
                0x0040942c                Print::print(double, int)
 .text.pio_set  0x00409444        0x4 src/ASF/sam/drivers/pio/pio.o
                0x00409444                pio_set
 .text.pio_clear
                0x00409448        0x4 src/ASF/sam/drivers/pio/pio.o
                0x00409448                pio_clear
 .text.pio_set_peripheral
                0x0040944c       0x94 src/ASF/sam/drivers/pio/pio.o
                0x0040944c                pio_set_peripheral
 .text.pio_set_input
                0x004094e0       0x30 src/ASF/sam/drivers/pio/pio.o
                0x004094e0                pio_set_input
 .text.pio_configure
                0x00409510       0x88 src/ASF/sam/drivers/pio/pio.o
                0x00409510                pio_configure
 .text.pio_enable_output_write
                0x00409598        0x8 src/ASF/sam/drivers/pio/pio.o
                0x00409598                pio_enable_output_write
 .text.pio_sync_output_write
                0x004095a0        0x4 src/ASF/sam/drivers/pio/pio.o
                0x004095a0                pio_sync_output_write
 .text.pio_get_interrupt_status
                0x004095a4        0x4 src/ASF/sam/drivers/pio/pio.o
                0x004095a4                pio_get_interrupt_status
 .text.pio_get_interrupt_mask
                0x004095a8        0x4 src/ASF/sam/drivers/pio/pio.o
                0x004095a8                pio_get_interrupt_mask
 .text.pio_handler_process
                0x004095ac       0x80 src/ASF/sam/drivers/pio/pio_handler.o
                0x004095ac                pio_handler_process
 .text.PIOA_Handler
                0x0040962c       0x14 src/ASF/sam/drivers/pio/pio_handler.o
                0x0040962c                PIOA_Handler
 .text.PIOB_Handler
                0x00409640       0x14 src/ASF/sam/drivers/pio/pio_handler.o
                0x00409640                PIOB_Handler
 .text.pmc_enable_periph_clk
                0x00409654       0x40 src/ASF/sam/drivers/pmc/pmc.o
                0x00409654                pmc_enable_periph_clk
 .text.wdt_disable
                0x00409694        0x8 src/ASF/sam/drivers/wdt/wdt.o
                0x00409694                wdt_disable
 .text.Dummy_Handler
                0x0040969c        0x4 src/ASF/sam/utils/cmsis/sam3s/source/templates/exceptions.o
                0x0040969c                DACC_Handler
                0x0040969c                DebugMon_Handler
                0x0040969c                HardFault_Handler
                0x0040969c                TC2_Handler
                0x0040969c                SPI_Handler
                0x0040969c                TWI1_Handler
                0x0040969c                PendSV_Handler
                0x0040969c                NMI_Handler
                0x0040969c                ADC_Handler
                0x0040969c                CRCCU_Handler
                0x0040969c                USART0_Handler
                0x0040969c                RTT_Handler
                0x0040969c                RTC_Handler
                0x0040969c                UsageFault_Handler
                0x0040969c                WDT_Handler
                0x0040969c                TC1_Handler
                0x0040969c                HSMCI_Handler
                0x0040969c                Dummy_Handler
                0x0040969c                TWI0_Handler
                0x0040969c                USART1_Handler
                0x0040969c                SSC_Handler
                0x0040969c                ACC_Handler
                0x0040969c                PMC_Handler
                0x0040969c                PWM_Handler
                0x0040969c                MemManage_Handler
                0x0040969c                SUPC_Handler
                0x0040969c                SVC_Handler
                0x0040969c                EFC_Handler
                0x0040969c                UART0_Handler
                0x0040969c                UDP_Handler
                0x0040969c                BusFault_Handler
                0x0040969c                RSTC_Handler
                0x0040969c                TC0_Handler
 .text.Reset_Handler
                0x004096a0       0x98 src/ASF/sam/utils/cmsis/sam3s/source/templates/gcc/startup_sam3s.o
                0x004096a0                Reset_Handler
 .text.SystemInit
                0x00409738       0x90 src/ASF/sam/utils/cmsis/sam3s/source/templates/system_sam3s.o
                0x00409738                SystemInit
 .text._sbrk    0x004097c8       0x34 src/ASF/sam/utils/syscalls/gcc/syscalls.o
                0x004097c8                _sbrk
 .text          0x004097fc      0x370 c:/program files (x86)/atmel/studio/7.0/toolchain/arm/arm-gnu-toolchain/bin/../lib/gcc/arm-none-eabi/4.9.3/armv7-m\libgcc.a(_arm_addsubdf3.o)
                0x004097fc                __aeabi_drsub
                0x00409804                __aeabi_dsub
                0x00409804                __subdf3
                0x00409808                __aeabi_dadd
                0x00409808                __adddf3
                0x00409a80                __floatunsidf
                0x00409a80                __aeabi_ui2d
                0x00409aa0                __floatsidf
                0x00409aa0                __aeabi_i2d
                0x00409ac4                __aeabi_f2d
                0x00409ac4                __extendsfdf2
                0x00409b00                __floatundidf
                0x00409b00                __aeabi_ul2d
                0x00409b10                __floatdidf
                0x00409b10                __aeabi_l2d
 .text          0x00409b6c      0x424 c:/program files (x86)/atmel/studio/7.0/toolchain/arm/arm-gnu-toolchain/bin/../lib/gcc/arm-none-eabi/4.9.3/armv7-m\libgcc.a(_arm_muldivdf3.o)
                0x00409b6c                __aeabi_dmul
                0x00409b6c                __muldf3
                0x00409dc0                __divdf3
                0x00409dc0                __aeabi_ddiv
 .text          0x00409f90      0x110 c:/program files (x86)/atmel/studio/7.0/toolchain/arm/arm-gnu-toolchain/bin/../lib/gcc/arm-none-eabi/4.9.3/armv7-m\libgcc.a(_arm_cmpdf2.o)
                0x00409f90                __gtdf2
                0x00409f90                __gedf2
                0x00409f98                __ltdf2
                0x00409f98                __ledf2
                0x00409fa0                __nedf2
                0x00409fa0                __eqdf2
                0x00409fa0                __cmpdf2
                0x0040a01c                __aeabi_cdrcmple
                0x0040a02c                __aeabi_cdcmpeq
                0x0040a02c                __aeabi_cdcmple
                0x0040a03c                __aeabi_dcmpeq
                0x0040a050                __aeabi_dcmplt
                0x0040a064                __aeabi_dcmple
                0x0040a078                __aeabi_dcmpge
                0x0040a08c                __aeabi_dcmpgt
 .text          0x0040a0a0       0x2c c:/program files (x86)/atmel/studio/7.0/toolchain/arm/arm-gnu-toolchain/bin/../lib/gcc/arm-none-eabi/4.9.3/armv7-m\libgcc.a(_arm_unorddf2.o)
                0x0040a0a0                __unorddf2
                0x0040a0a0                __aeabi_dcmpun
 .text          0x0040a0cc       0x50 c:/program files (x86)/atmel/studio/7.0/toolchain/arm/arm-gnu-toolchain/bin/../lib/gcc/arm-none-eabi/4.9.3/armv7-m\libgcc.a(_arm_fixdfsi.o)
                0x0040a0cc                __aeabi_d2iz
                0x0040a0cc                __fixdfsi
 .text          0x0040a11c       0x40 c:/program files (x86)/atmel/studio/7.0/toolchain/arm/arm-gnu-toolchain/bin/../lib/gcc/arm-none-eabi/4.9.3/armv7-m\libgcc.a(_arm_fixunsdfsi.o)
                0x0040a11c                __aeabi_d2uiz
                0x0040a11c                __fixunsdfsi
 .text          0x0040a15c       0xa0 c:/program files (x86)/atmel/studio/7.0/toolchain/arm/arm-gnu-toolchain/bin/../lib/gcc/arm-none-eabi/4.9.3/armv7-m\libgcc.a(_arm_truncdfsf2.o)
                0x0040a15c                __truncdfsf2
                0x0040a15c                __aeabi_d2f
 .text          0x0040a1fc      0x21c c:/program files (x86)/atmel/studio/7.0/toolchain/arm/arm-gnu-toolchain/bin/../lib/gcc/arm-none-eabi/4.9.3/armv7-m\libgcc.a(_arm_addsubsf3.o)
                0x0040a1fc                __aeabi_frsub
                0x0040a204                __subsf3
                0x0040a204                __aeabi_fsub
                0x0040a208                __aeabi_fadd
                0x0040a208                __addsf3
                0x0040a368                __aeabi_ui2f
                0x0040a368                __floatunsisf
                0x0040a370                __aeabi_i2f
                0x0040a370                __floatsisf
                0x0040a38c                __aeabi_ul2f
                0x0040a38c                __floatundisf
                0x0040a39c                __aeabi_l2f
                0x0040a39c                __floatdisf
 .text          0x0040a418       0xec c:/program files (x86)/atmel/studio/7.0/toolchain/arm/arm-gnu-toolchain/bin/../lib/gcc/arm-none-eabi/4.9.3/armv7-m\libgcc.a(_arm_cmpsf2.o)
                0x0040a418                __gesf2
                0x0040a418                __gtsf2
                0x0040a420                __lesf2
                0x0040a420                __ltsf2
                0x0040a428                __nesf2
                0x0040a428                __eqsf2
                0x0040a428                __cmpsf2
                0x0040a488                __aeabi_cfrcmple
                0x0040a490                __aeabi_cfcmpeq
                0x0040a490                __aeabi_cfcmple
                0x0040a4a0                __aeabi_fcmpeq
                0x0040a4b4                __aeabi_fcmplt
                0x0040a4c8                __aeabi_fcmple
                0x0040a4dc                __aeabi_fcmpge
                0x0040a4f0                __aeabi_fcmpgt
 .text          0x0040a504       0x4c c:/program files (x86)/atmel/studio/7.0/toolchain/arm/arm-gnu-toolchain/bin/../lib/gcc/arm-none-eabi/4.9.3/armv7-m\libgcc.a(_arm_fixsfsi.o)
                0x0040a504                __aeabi_f2iz
                0x0040a504                __fixsfsi
 .text.__libc_init_array
                0x0040a550       0x4c c:/program files (x86)/atmel/studio/7.0/toolchain/arm/arm-gnu-toolchain/bin/../lib/gcc/arm-none-eabi/4.9.3/../../../../arm-none-eabi/lib/armv7-m\libc_nano.a(lib_a-init.o)
                0x0040a550                __libc_init_array
 .text.malloc   0x0040a59c       0x10 c:/program files (x86)/atmel/studio/7.0/toolchain/arm/arm-gnu-toolchain/bin/../lib/gcc/arm-none-eabi/4.9.3/../../../../arm-none-eabi/lib/armv7-m\libc_nano.a(lib_a-malloc.o)
                0x0040a59c                malloc
 .text.memcmp   0x0040a5ac       0x20 c:/program files (x86)/atmel/studio/7.0/toolchain/arm/arm-gnu-toolchain/bin/../lib/gcc/arm-none-eabi/4.9.3/../../../../arm-none-eabi/lib/armv7-m\libc_nano.a(lib_a-memcmp.o)
                0x0040a5ac                memcmp
 .text.memcpy   0x0040a5cc       0x16 c:/program files (x86)/atmel/studio/7.0/toolchain/arm/arm-gnu-toolchain/bin/../lib/gcc/arm-none-eabi/4.9.3/../../../../arm-none-eabi/lib/armv7-m\libc_nano.a(lib_a-memcpy.o)
                0x0040a5cc                memcpy
 .text.memset   0x0040a5e2       0x10 c:/program files (x86)/atmel/studio/7.0/toolchain/arm/arm-gnu-toolchain/bin/../lib/gcc/arm-none-eabi/4.9.3/../../../../arm-none-eabi/lib/armv7-m\libc_nano.a(lib_a-memset.o)
                0x0040a5e2                memset
 *fill*         0x0040a5f2        0x2 
 .text._free_r  0x0040a5f4       0x88 c:/program files (x86)/atmel/studio/7.0/toolchain/arm/arm-gnu-toolchain/bin/../lib/gcc/arm-none-eabi/4.9.3/../../../../arm-none-eabi/lib/armv7-m\libc_nano.a(lib_a-nano-freer.o)
                0x0040a5f4                _free_r
 .text._malloc_r
                0x0040a67c       0xac c:/program files (x86)/atmel/studio/7.0/toolchain/arm/arm-gnu-toolchain/bin/../lib/gcc/arm-none-eabi/4.9.3/../../../../arm-none-eabi/lib/armv7-m\libc_nano.a(lib_a-nano-mallocr.o)
                0x0040a67c                _malloc_r
 .text._sbrk_r  0x0040a728       0x20 c:/program files (x86)/atmel/studio/7.0/toolchain/arm/arm-gnu-toolchain/bin/../lib/gcc/arm-none-eabi/4.9.3/../../../../arm-none-eabi/lib/armv7-m\libc_nano.a(lib_a-sbrkr.o)
                0x0040a728                _sbrk_r
 .text.snprintf
                0x0040a748       0x64 c:/program files (x86)/atmel/studio/7.0/toolchain/arm/arm-gnu-toolchain/bin/../lib/gcc/arm-none-eabi/4.9.3/../../../../arm-none-eabi/lib/armv7-m\libc_nano.a(lib_a-snprintf.o)
                0x0040a748                sniprintf
                0x0040a748                snprintf
 .text.strcasecmp
                0x0040a7ac       0x3c c:/program files (x86)/atmel/studio/7.0/toolchain/arm/arm-gnu-toolchain/bin/../lib/gcc/arm-none-eabi/4.9.3/../../../../arm-none-eabi/lib/armv7-m\libc_nano.a(lib_a-strcasecmp.o)
                0x0040a7ac                strcasecmp
 .text.strchr   0x0040a7e8       0x1c c:/program files (x86)/atmel/studio/7.0/toolchain/arm/arm-gnu-toolchain/bin/../lib/gcc/arm-none-eabi/4.9.3/../../../../arm-none-eabi/lib/armv7-m\libc_nano.a(lib_a-strchr.o)
                0x0040a7e8                strchr
 .text          0x0040a804       0x14 c:/program files (x86)/atmel/studio/7.0/toolchain/arm/arm-gnu-toolchain/bin/../lib/gcc/arm-none-eabi/4.9.3/../../../../arm-none-eabi/lib/armv7-m\libc_nano.a(lib_a-strcmp.o)
                0x0040a804                strcmp
 .text.strlen   0x0040a818       0x10 c:/program files (x86)/atmel/studio/7.0/toolchain/arm/arm-gnu-toolchain/bin/../lib/gcc/arm-none-eabi/4.9.3/../../../../arm-none-eabi/lib/armv7-m\libc_nano.a(lib_a-strlen.o)
                0x0040a818                strlen
 .text.strncmp  0x0040a828       0x32 c:/program files (x86)/atmel/studio/7.0/toolchain/arm/arm-gnu-toolchain/bin/../lib/gcc/arm-none-eabi/4.9.3/../../../../arm-none-eabi/lib/armv7-m\libc_nano.a(lib_a-strncmp.o)
                0x0040a828                strncmp
 .text.match    0x0040a85a       0x26 c:/program files (x86)/atmel/studio/7.0/toolchain/arm/arm-gnu-toolchain/bin/../lib/gcc/arm-none-eabi/4.9.3/../../../../arm-none-eabi/lib/armv7-m\libc_nano.a(lib_a-strtod.o)
 .text.sulp     0x0040a880       0x42 c:/program files (x86)/atmel/studio/7.0/toolchain/arm/arm-gnu-toolchain/bin/../lib/gcc/arm-none-eabi/4.9.3/../../../../arm-none-eabi/lib/armv7-m\libc_nano.a(lib_a-strtod.o)
 *fill*         0x0040a8c2        0x6 
 .text._strtod_r
                0x0040a8c8      0xc3c c:/program files (x86)/atmel/studio/7.0/toolchain/arm/arm-gnu-toolchain/bin/../lib/gcc/arm-none-eabi/4.9.3/../../../../arm-none-eabi/lib/armv7-m\libc_nano.a(lib_a-strtod.o)
                0x0040a8c8                _strtod_r
 .text.strtod   0x0040b504       0x14 c:/program files (x86)/atmel/studio/7.0/toolchain/arm/arm-gnu-toolchain/bin/../lib/gcc/arm-none-eabi/4.9.3/../../../../arm-none-eabi/lib/armv7-m\libc_nano.a(lib_a-strtod.o)
                0x0040b504                strtod
 .text._strtol_r
                0x0040b518      0x10c c:/program files (x86)/atmel/studio/7.0/toolchain/arm/arm-gnu-toolchain/bin/../lib/gcc/arm-none-eabi/4.9.3/../../../../arm-none-eabi/lib/armv7-m\libc_nano.a(lib_a-strtol.o)
                0x0040b518                _strtol_r
 .text.strtol   0x0040b624       0x1c c:/program files (x86)/atmel/studio/7.0/toolchain/arm/arm-gnu-toolchain/bin/../lib/gcc/arm-none-eabi/4.9.3/../../../../arm-none-eabi/lib/armv7-m\libc_nano.a(lib_a-strtol.o)
                0x0040b624                strtol
 .text._strtoul_r
                0x0040b640       0xf8 c:/program files (x86)/atmel/studio/7.0/toolchain/arm/arm-gnu-toolchain/bin/../lib/gcc/arm-none-eabi/4.9.3/../../../../arm-none-eabi/lib/armv7-m\libc_nano.a(lib_a-strtoul.o)
                0x0040b640                _strtoul_r
 .text.strtoul  0x0040b738       0x1c c:/program files (x86)/atmel/studio/7.0/toolchain/arm/arm-gnu-toolchain/bin/../lib/gcc/arm-none-eabi/4.9.3/../../../../arm-none-eabi/lib/armv7-m\libc_nano.a(lib_a-strtoul.o)
                0x0040b738                strtoul
 .text._vsnprintf_r
                0x0040b754       0x52 c:/program files (x86)/atmel/studio/7.0/toolchain/arm/arm-gnu-toolchain/bin/../lib/gcc/arm-none-eabi/4.9.3/../../../../arm-none-eabi/lib/armv7-m\libc_nano.a(lib_a-vsnprintf.o)
                0x0040b754                _vsniprintf_r
                0x0040b754                _vsnprintf_r
 *fill*         0x0040b7a6        0x2 
 .text.vsnprintf
                0x0040b7a8       0x20 c:/program files (x86)/atmel/studio/7.0/toolchain/arm/arm-gnu-toolchain/bin/../lib/gcc/arm-none-eabi/4.9.3/../../../../arm-none-eabi/lib/armv7-m\libc_nano.a(lib_a-vsnprintf.o)
                0x0040b7a8                vsniprintf
                0x0040b7a8                vsnprintf
 .text.rshift   0x0040b7c8       0x6c c:/program files (x86)/atmel/studio/7.0/toolchain/arm/arm-gnu-toolchain/bin/../lib/gcc/arm-none-eabi/4.9.3/../../../../arm-none-eabi/lib/armv7-m\libc_nano.a(lib_a-gdtoa-gethex.o)
 .text.__hexdig_fun
                0x0040b834       0x2a c:/program files (x86)/atmel/studio/7.0/toolchain/arm/arm-gnu-toolchain/bin/../lib/gcc/arm-none-eabi/4.9.3/../../../../arm-none-eabi/lib/armv7-m\libc_nano.a(lib_a-gdtoa-gethex.o)
                0x0040b834                __hexdig_fun
 .text.__gethex
                0x0040b85e      0x44a c:/program files (x86)/atmel/studio/7.0/toolchain/arm/arm-gnu-toolchain/bin/../lib/gcc/arm-none-eabi/4.9.3/../../../../arm-none-eabi/lib/armv7-m\libc_nano.a(lib_a-gdtoa-gethex.o)
                0x0040b85e                __gethex
 .text.L_shift  0x0040bca8       0x24 c:/program files (x86)/atmel/studio/7.0/toolchain/arm/arm-gnu-toolchain/bin/../lib/gcc/arm-none-eabi/4.9.3/../../../../arm-none-eabi/lib/armv7-m\libc_nano.a(lib_a-gdtoa-hexnan.o)
 .text.__hexnan
                0x0040bccc      0x114 c:/program files (x86)/atmel/studio/7.0/toolchain/arm/arm-gnu-toolchain/bin/../lib/gcc/arm-none-eabi/4.9.3/../../../../arm-none-eabi/lib/armv7-m\libc_nano.a(lib_a-gdtoa-hexnan.o)
                0x0040bccc                __hexnan
 .text._localeconv_r
                0x0040bde0        0x8 c:/program files (x86)/atmel/studio/7.0/toolchain/arm/arm-gnu-toolchain/bin/../lib/gcc/arm-none-eabi/4.9.3/../../../../arm-none-eabi/lib/armv7-m\libc_nano.a(lib_a-locale.o)
                0x0040bde0                _localeconv_r
 .text._Balloc  0x0040bde8       0x6a c:/program files (x86)/atmel/studio/7.0/toolchain/arm/arm-gnu-toolchain/bin/../lib/gcc/arm-none-eabi/4.9.3/../../../../arm-none-eabi/lib/armv7-m\libc_nano.a(lib_a-mprec.o)
                0x0040bde8                _Balloc
 .text._Bfree   0x0040be52       0x2e c:/program files (x86)/atmel/studio/7.0/toolchain/arm/arm-gnu-toolchain/bin/../lib/gcc/arm-none-eabi/4.9.3/../../../../arm-none-eabi/lib/armv7-m\libc_nano.a(lib_a-mprec.o)
                0x0040be52                _Bfree
 .text.__multadd
                0x0040be80       0x7c c:/program files (x86)/atmel/studio/7.0/toolchain/arm/arm-gnu-toolchain/bin/../lib/gcc/arm-none-eabi/4.9.3/../../../../arm-none-eabi/lib/armv7-m\libc_nano.a(lib_a-mprec.o)
                0x0040be80                __multadd
 .text.__s2b    0x0040befc       0x80 c:/program files (x86)/atmel/studio/7.0/toolchain/arm/arm-gnu-toolchain/bin/../lib/gcc/arm-none-eabi/4.9.3/../../../../arm-none-eabi/lib/armv7-m\libc_nano.a(lib_a-mprec.o)
                0x0040befc                __s2b
 .text.__hi0bits
                0x0040bf7c       0x40 c:/program files (x86)/atmel/studio/7.0/toolchain/arm/arm-gnu-toolchain/bin/../lib/gcc/arm-none-eabi/4.9.3/../../../../arm-none-eabi/lib/armv7-m\libc_nano.a(lib_a-mprec.o)
                0x0040bf7c                __hi0bits
 .text.__lo0bits
                0x0040bfbc       0x5a c:/program files (x86)/atmel/studio/7.0/toolchain/arm/arm-gnu-toolchain/bin/../lib/gcc/arm-none-eabi/4.9.3/../../../../arm-none-eabi/lib/armv7-m\libc_nano.a(lib_a-mprec.o)
                0x0040bfbc                __lo0bits
 .text.__i2b    0x0040c016       0x12 c:/program files (x86)/atmel/studio/7.0/toolchain/arm/arm-gnu-toolchain/bin/../lib/gcc/arm-none-eabi/4.9.3/../../../../arm-none-eabi/lib/armv7-m\libc_nano.a(lib_a-mprec.o)
                0x0040c016                __i2b
 .text.__multiply
                0x0040c028      0x120 c:/program files (x86)/atmel/studio/7.0/toolchain/arm/arm-gnu-toolchain/bin/../lib/gcc/arm-none-eabi/4.9.3/../../../../arm-none-eabi/lib/armv7-m\libc_nano.a(lib_a-mprec.o)
                0x0040c028                __multiply
 .text.__pow5mult
                0x0040c148       0x9c c:/program files (x86)/atmel/studio/7.0/toolchain/arm/arm-gnu-toolchain/bin/../lib/gcc/arm-none-eabi/4.9.3/../../../../arm-none-eabi/lib/armv7-m\libc_nano.a(lib_a-mprec.o)
                0x0040c148                __pow5mult
 .text.__lshift
                0x0040c1e4       0xa6 c:/program files (x86)/atmel/studio/7.0/toolchain/arm/arm-gnu-toolchain/bin/../lib/gcc/arm-none-eabi/4.9.3/../../../../arm-none-eabi/lib/armv7-m\libc_nano.a(lib_a-mprec.o)
                0x0040c1e4                __lshift
 .text.__mcmp   0x0040c28a       0x38 c:/program files (x86)/atmel/studio/7.0/toolchain/arm/arm-gnu-toolchain/bin/../lib/gcc/arm-none-eabi/4.9.3/../../../../arm-none-eabi/lib/armv7-m\libc_nano.a(lib_a-mprec.o)
                0x0040c28a                __mcmp
 .text.__mdiff  0x0040c2c2       0xbe c:/program files (x86)/atmel/studio/7.0/toolchain/arm/arm-gnu-toolchain/bin/../lib/gcc/arm-none-eabi/4.9.3/../../../../arm-none-eabi/lib/armv7-m\libc_nano.a(lib_a-mprec.o)
                0x0040c2c2                __mdiff
 .text.__ulp    0x0040c380       0x48 c:/program files (x86)/atmel/studio/7.0/toolchain/arm/arm-gnu-toolchain/bin/../lib/gcc/arm-none-eabi/4.9.3/../../../../arm-none-eabi/lib/armv7-m\libc_nano.a(lib_a-mprec.o)
                0x0040c380                __ulp
 .text.__b2d    0x0040c3c8       0x9e c:/program files (x86)/atmel/studio/7.0/toolchain/arm/arm-gnu-toolchain/bin/../lib/gcc/arm-none-eabi/4.9.3/../../../../arm-none-eabi/lib/armv7-m\libc_nano.a(lib_a-mprec.o)
                0x0040c3c8                __b2d
 .text.__d2b    0x0040c466       0xa4 c:/program files (x86)/atmel/studio/7.0/toolchain/arm/arm-gnu-toolchain/bin/../lib/gcc/arm-none-eabi/4.9.3/../../../../arm-none-eabi/lib/armv7-m\libc_nano.a(lib_a-mprec.o)
                0x0040c466                __d2b
 .text.__ratio  0x0040c50a       0x50 c:/program files (x86)/atmel/studio/7.0/toolchain/arm/arm-gnu-toolchain/bin/../lib/gcc/arm-none-eabi/4.9.3/../../../../arm-none-eabi/lib/armv7-m\libc_nano.a(lib_a-mprec.o)
                0x0040c50a                __ratio
 .text.__copybits
                0x0040c55a       0x34 c:/program files (x86)/atmel/studio/7.0/toolchain/arm/arm-gnu-toolchain/bin/../lib/gcc/arm-none-eabi/4.9.3/../../../../arm-none-eabi/lib/armv7-m\libc_nano.a(lib_a-mprec.o)
                0x0040c55a                __copybits
 .text.__any_on
                0x0040c58e       0x44 c:/program files (x86)/atmel/studio/7.0/toolchain/arm/arm-gnu-toolchain/bin/../lib/gcc/arm-none-eabi/4.9.3/../../../../arm-none-eabi/lib/armv7-m\libc_nano.a(lib_a-mprec.o)
                0x0040c58e                __any_on
 .text._calloc_r
                0x0040c5d2       0x1c c:/program files (x86)/atmel/studio/7.0/toolchain/arm/arm-gnu-toolchain/bin/../lib/gcc/arm-none-eabi/4.9.3/../../../../arm-none-eabi/lib/armv7-m\libc_nano.a(lib_a-nano-callocr.o)
                0x0040c5d2                _calloc_r
 .text._realloc_r
                0x0040c5ee       0x4c c:/program files (x86)/atmel/studio/7.0/toolchain/arm/arm-gnu-toolchain/bin/../lib/gcc/arm-none-eabi/4.9.3/../../../../arm-none-eabi/lib/armv7-m\libc_nano.a(lib_a-nano-reallocr.o)
                0x0040c5ee                _realloc_r
 .text.__ssputs_r
                0x0040c63a       0xb2 c:/program files (x86)/atmel/studio/7.0/toolchain/arm/arm-gnu-toolchain/bin/../lib/gcc/arm-none-eabi/4.9.3/../../../../arm-none-eabi/lib/armv7-m\libc_nano.a(lib_a-nano-svfprintf.o)
                0x0040c63a                __ssputs_r
 .text._svfprintf_r
                0x0040c6ec      0x1e4 c:/program files (x86)/atmel/studio/7.0/toolchain/arm/arm-gnu-toolchain/bin/../lib/gcc/arm-none-eabi/4.9.3/../../../../arm-none-eabi/lib/armv7-m\libc_nano.a(lib_a-nano-svfprintf.o)
                0x0040c6ec                _svfiprintf_r
                0x0040c6ec                _svfprintf_r
 .text._printf_common
                0x0040c8d0       0xea c:/program files (x86)/atmel/studio/7.0/toolchain/arm/arm-gnu-toolchain/bin/../lib/gcc/arm-none-eabi/4.9.3/../../../../arm-none-eabi/lib/armv7-m\libc_nano.a(lib_a-nano-vfprintf_i.o)
                0x0040c8d0                _printf_common
 *fill*         0x0040c9ba        0x2 
 .text._printf_i
                0x0040c9bc      0x240 c:/program files (x86)/atmel/studio/7.0/toolchain/arm/arm-gnu-toolchain/bin/../lib/gcc/arm-none-eabi/4.9.3/../../../../arm-none-eabi/lib/armv7-m\libc_nano.a(lib_a-nano-vfprintf_i.o)
                0x0040c9bc                _printf_i
 .text.memchr   0x0040cbfc       0x1c c:/program files (x86)/atmel/studio/7.0/toolchain/arm/arm-gnu-toolchain/bin/../lib/gcc/arm-none-eabi/4.9.3/../../../../arm-none-eabi/lib/armv7-m\libc_nano.a(lib_a-memchr.o)
                0x0040cbfc                memchr
 .text.memmove  0x0040cc18       0x36 c:/program files (x86)/atmel/studio/7.0/toolchain/arm/arm-gnu-toolchain/bin/../lib/gcc/arm-none-eabi/4.9.3/../../../../arm-none-eabi/lib/armv7-m\libc_nano.a(lib_a-memmove.o)
                0x0040cc18                memmove
 .text._malloc_usable_size_r
                0x0040cc4e       0x14 c:/program files (x86)/atmel/studio/7.0/toolchain/arm/arm-gnu-toolchain/bin/../lib/gcc/arm-none-eabi/4.9.3/../../../../arm-none-eabi/lib/armv7-m\libc_nano.a(lib_a-nano-msizer.o)
                0x0040cc4e                _malloc_usable_size_r
 *(.glue_7t)
 .glue_7t       0x00000000        0x0 linker stubs
 *(.glue_7)
 .glue_7        0x00000000        0x0 linker stubs
 *(.rodata .rodata* .gnu.linkonce.r.*)
 *fill*         0x0040cc62        0x2 
 .rodata        0x0040cc64     0x149e src/Icons/HomeIcons.o
                0x0040cc64                IconBedComp
                0x0040d084                IconHomeZ
                0x0040d4a4                IconHomeY
                0x0040d8c4                IconHomeX
                0x0040dce4                IconHomeAll
 *fill*         0x0040e102        0x2 
 .rodata        0x0040e104      0xe84 src/Icons/KeyIcons.o
                0x0040e104                IconEnter
                0x0040e5f4                IconDown
                0x0040e8c4                IconUp
                0x0040eb94                IconBackspace
 .rodata        0x0040ef88     0x518c src/Icons/MiscIcons.o
                0x0040ef88                FusionLogo
                0x00412c78                IconTrash
                0x00412f48                IconKeyboard
                0x004135dc                IconFiles
                0x00413aa4                IconCancel
                0x00413e1c                IconOk
 .rodata        0x00414114     0x112a src/Icons/NozzleIcons.o
                0x00414114                IconBed
                0x00414460                IconNozzle4
                0x004147d8                IconNozzle3
                0x00414b50                IconNozzle2
                0x00414ec8                IconNozzle1
 *fill*         0x0041523e        0x2 
 .rodata.str1.4
                0x00415240       0x31 src/MessageLog.o
 *fill*         0x00415271        0x3 
 .rodata        0x00415274       0x2c src/ASF/sam/drivers/pwm/pwm.o
 .rodata        0x004152a0       0xec src/Fields.o
                0x004152ac                longLanguageNames
 .rodata.str1.4
                0x0041538c      0x3c3 src/Fields.o
                                0x3cb (size before relaxing)
 *fill*         0x0041574f        0x1 
 .rodata.str1.4
                0x00415750       0x48 src/FileManager.o
                                 0x4c (size before relaxing)
 .rodata        0x00415798     0x32c5 src/Fonts/glcd19x21.o
                0x00415798                glcd19x21
 *fill*         0x00418a5d        0x3 
 .rodata        0x00418a60       0x14 src/Hardware/Buzzer.o
 .rodata.str1.4
                0x00418a74       0xbe src/Hardware/FlashStorage.o
 *fill*         0x00418b32        0x2 
 .rodata.str1.4
                0x00418b34       0x79 src/Hardware/SerialIo.o
 *fill*         0x00418bad        0x3 
 .rodata        0x00418bb0       0x10 src/Hardware/UTFT.o
                0x00418bb0                vtable for UTFT
 .rodata._ZTV12DisplayField
                0x00418bc0       0x18 src/Display.o
                0x00418bc0                vtable for DisplayField
 .rodata._ZTV12SingleButton
                0x00418bd8       0x24 src/Display.o
                0x00418bd8                vtable for SingleButton
 *fill*         0x00418bfc        0x4 
 .rodata        0x00418c00      0x1d8 src/Display.o
                0x00418c00                vtable for MainWindow
                0x00418c18                vtable for PopupWindow
                0x00418c30                vtable for CharButton
                0x00418c58                vtable for TextButton
                0x00418c80                vtable for IconButton
                0x00418ca8                vtable for FieldWithText
                0x00418cc8                vtable for TextField
                0x00418ce8                vtable for FloatField
                0x00418d08                vtable for IntegerField
                0x00418d28                vtable for StaticTextField
                0x00418d48                vtable for ButtonWithText
                0x00418d70                vtable for IntegerButton
                0x00418d98                vtable for FloatButton
                0x00418dc0                vtable for ProgressBar
 .rodata        0x00418dd8       0xe0 src/PanelDue.o
 .rodata.str1.4
                0x00418eb8      0x2fc src/PanelDue.o
                                0x308 (size before relaxing)
 .rodata.str1.4
                0x004191b4       0x10 src/Print.o
                                  0xf (size before relaxing)
 .rodata.str1.1
                0x004191c4        0x2 c:/program files (x86)/atmel/studio/7.0/toolchain/arm/arm-gnu-toolchain/bin/../lib/gcc/arm-none-eabi/4.9.3/../../../../arm-none-eabi/lib/armv7-m\libc_nano.a(lib_a-impure.o)
 .rodata.str1.1
                0x004191c6        0xc c:/program files (x86)/atmel/studio/7.0/toolchain/arm/arm-gnu-toolchain/bin/../lib/gcc/arm-none-eabi/4.9.3/../../../../arm-none-eabi/lib/armv7-m\libc_nano.a(lib_a-strtod.o)
 *fill*         0x004191d2        0x2 
 .rodata.fpinan.5315
                0x004191d4       0x14 c:/program files (x86)/atmel/studio/7.0/toolchain/arm/arm-gnu-toolchain/bin/../lib/gcc/arm-none-eabi/4.9.3/../../../../arm-none-eabi/lib/armv7-m\libc_nano.a(lib_a-strtod.o)
 .rodata.tinytens
                0x004191e8       0x28 c:/program files (x86)/atmel/studio/7.0/toolchain/arm/arm-gnu-toolchain/bin/../lib/gcc/arm-none-eabi/4.9.3/../../../../arm-none-eabi/lib/armv7-m\libc_nano.a(lib_a-strtod.o)
 .rodata.fpi.5279
                0x00419210       0x14 c:/program files (x86)/atmel/studio/7.0/toolchain/arm/arm-gnu-toolchain/bin/../lib/gcc/arm-none-eabi/4.9.3/../../../../arm-none-eabi/lib/armv7-m\libc_nano.a(lib_a-strtod.o)
 .rodata._ctype_
                0x00419224      0x101 c:/program files (x86)/atmel/studio/7.0/toolchain/arm/arm-gnu-toolchain/bin/../lib/gcc/arm-none-eabi/4.9.3/../../../../arm-none-eabi/lib/armv7-m\libc_nano.a(lib_a-ctype_.o)
                0x00419224                _ctype_
 *fill*         0x00419325        0x3 
 .rodata.__sf_fake_stdin
                0x00419328       0x20 c:/program files (x86)/atmel/studio/7.0/toolchain/arm/arm-gnu-toolchain/bin/../lib/gcc/arm-none-eabi/4.9.3/../../../../arm-none-eabi/lib/armv7-m\libc_nano.a(lib_a-findfp.o)
                0x00419328                __sf_fake_stdin
 .rodata.__sf_fake_stdout
                0x00419348       0x20 c:/program files (x86)/atmel/studio/7.0/toolchain/arm/arm-gnu-toolchain/bin/../lib/gcc/arm-none-eabi/4.9.3/../../../../arm-none-eabi/lib/armv7-m\libc_nano.a(lib_a-findfp.o)
                0x00419348                __sf_fake_stdout
 .rodata.__sf_fake_stderr
                0x00419368       0x20 c:/program files (x86)/atmel/studio/7.0/toolchain/arm/arm-gnu-toolchain/bin/../lib/gcc/arm-none-eabi/4.9.3/../../../../arm-none-eabi/lib/armv7-m\libc_nano.a(lib_a-findfp.o)
                0x00419368                __sf_fake_stderr
 .rodata.str1.1
                0x00419388        0x8 c:/program files (x86)/atmel/studio/7.0/toolchain/arm/arm-gnu-toolchain/bin/../lib/gcc/arm-none-eabi/4.9.3/../../../../arm-none-eabi/lib/armv7-m\libc_nano.a(lib_a-locale.o)
                                  0xb (size before relaxing)
 .rodata.__mprec_tens
                0x00419390       0xc8 c:/program files (x86)/atmel/studio/7.0/toolchain/arm/arm-gnu-toolchain/bin/../lib/gcc/arm-none-eabi/4.9.3/../../../../arm-none-eabi/lib/armv7-m\libc_nano.a(lib_a-mprec.o)
                0x00419390                __mprec_tens
 .rodata.__mprec_bigtens
                0x00419458       0x28 c:/program files (x86)/atmel/studio/7.0/toolchain/arm/arm-gnu-toolchain/bin/../lib/gcc/arm-none-eabi/4.9.3/../../../../arm-none-eabi/lib/armv7-m\libc_nano.a(lib_a-mprec.o)
                0x00419458                __mprec_bigtens
 .rodata.p05.5314
                0x00419480        0xc c:/program files (x86)/atmel/studio/7.0/toolchain/arm/arm-gnu-toolchain/bin/../lib/gcc/arm-none-eabi/4.9.3/../../../../arm-none-eabi/lib/armv7-m\libc_nano.a(lib_a-mprec.o)
 .rodata.str1.1
                0x0041948c       0x11 c:/program files (x86)/atmel/studio/7.0/toolchain/arm/arm-gnu-toolchain/bin/../lib/gcc/arm-none-eabi/4.9.3/../../../../arm-none-eabi/lib/armv7-m\libc_nano.a(lib_a-nano-svfprintf.o)
 .rodata.str1.1
                0x0041949d       0x22 c:/program files (x86)/atmel/studio/7.0/toolchain/arm/arm-gnu-toolchain/bin/../lib/gcc/arm-none-eabi/4.9.3/../../../../arm-none-eabi/lib/armv7-m\libc_nano.a(lib_a-nano-vfprintf_i.o)
 *(.ARM.extab* .gnu.linkonce.armextab.*)
                0x004194c0                . = ALIGN (0x4)
 *fill*         0x004194bf        0x1 
 *(.init)
 .init          0x004194c0        0x4 c:/program files (x86)/atmel/studio/7.0/toolchain/arm/arm-gnu-toolchain/bin/../lib/gcc/arm-none-eabi/4.9.3/armv7-m/crti.o
                0x004194c0                _init
 .init          0x004194c4        0x8 c:/program files (x86)/atmel/studio/7.0/toolchain/arm/arm-gnu-toolchain/bin/../lib/gcc/arm-none-eabi/4.9.3/armv7-m/crtn.o
                0x004194cc                . = ALIGN (0x4)
                0x004194cc                __preinit_array_start = .
 *(.preinit_array)
                0x004194cc                __preinit_array_end = .
                0x004194cc                . = ALIGN (0x4)
                0x004194cc                __init_array_start = .
 *(SORT(.init_array.*))
 *(.init_array)
 .init_array    0x004194cc        0x4 c:/program files (x86)/atmel/studio/7.0/toolchain/arm/arm-gnu-toolchain/bin/../lib/gcc/arm-none-eabi/4.9.3/armv7-m/crtbegin.o
 .init_array    0x004194d0        0x4 src/MessageLog.o
 .init_array    0x004194d4        0x4 src/Fields.o
 .init_array    0x004194d8        0x4 src/FileManager.o
 .init_array    0x004194dc        0x4 src/Hardware/SerialIo.o
 .init_array    0x004194e0        0x4 src/Display.o
 .init_array    0x004194e4        0x4 src/PanelDue.o
                0x004194e8                __init_array_end = .
                0x004194e8                . = ALIGN (0x4)
 *crtbegin.o(.ctors)
 *(EXCLUDE_FILE(*crtend.o) .ctors)
 *(SORT(.ctors.*))
 *crtend.o(.ctors)
                0x004194e8                . = ALIGN (0x4)
 *(.fini)
 .fini          0x004194e8        0x4 c:/program files (x86)/atmel/studio/7.0/toolchain/arm/arm-gnu-toolchain/bin/../lib/gcc/arm-none-eabi/4.9.3/armv7-m/crti.o
                0x004194e8                _fini
 .fini          0x004194ec        0x8 c:/program files (x86)/atmel/studio/7.0/toolchain/arm/arm-gnu-toolchain/bin/../lib/gcc/arm-none-eabi/4.9.3/armv7-m/crtn.o
                0x004194f4                . = ALIGN (0x4)
                0x004194f4                __fini_array_start = .
 *(.fini_array)
 .fini_array    0x004194f4        0x4 c:/program files (x86)/atmel/studio/7.0/toolchain/arm/arm-gnu-toolchain/bin/../lib/gcc/arm-none-eabi/4.9.3/armv7-m/crtbegin.o
 *(SORT(.fini_array.*))
                0x004194f8                __fini_array_end = .
 *crtbegin.o(.dtors)
 *(EXCLUDE_FILE(*crtend.o) .dtors)
 *(SORT(.dtors.*))
 *crtend.o(.dtors)
                0x004194f8                . = ALIGN (0x4)
                0x004194f8                _efixed = .
                0x004194f8                PROVIDE (__exidx_start, .)

.vfp11_veneer   0x004194f8        0x0
 .vfp11_veneer  0x00000000        0x0 linker stubs

.v4_bx          0x004194f8        0x0
 .v4_bx         0x00000000        0x0 linker stubs

.iplt           0x004194f8        0x0
 .iplt          0x00000000        0x0 c:/program files (x86)/atmel/studio/7.0/toolchain/arm/arm-gnu-toolchain/bin/../lib/gcc/arm-none-eabi/4.9.3/armv7-m/crtbegin.o

.eh_frame       0x004194f8        0x0
 .eh_frame      0x004194f8        0x0 c:/program files (x86)/atmel/studio/7.0/toolchain/arm/arm-gnu-toolchain/bin/../lib/gcc/arm-none-eabi/4.9.3/armv7-m/crtbegin.o

.rel.dyn        0x004194f8        0x0
 .rel.iplt      0x00000000        0x0 c:/program files (x86)/atmel/studio/7.0/toolchain/arm/arm-gnu-toolchain/bin/../lib/gcc/arm-none-eabi/4.9.3/armv7-m/crtbegin.o

.jcr            0x004194f8        0x0
 .jcr           0x004194f8        0x0 c:/program files (x86)/atmel/studio/7.0/toolchain/arm/arm-gnu-toolchain/bin/../lib/gcc/arm-none-eabi/4.9.3/armv7-m/crtbegin.o

.igot.plt       0x004194f8        0x0
 .igot.plt      0x00000000        0x0 c:/program files (x86)/atmel/studio/7.0/toolchain/arm/arm-gnu-toolchain/bin/../lib/gcc/arm-none-eabi/4.9.3/armv7-m/crtbegin.o

.ARM.exidx
 *(.ARM.exidx* .gnu.linkonce.armexidx.*)
                0x004194f8                PROVIDE (__exidx_end, .)
                0x004194f8                . = ALIGN (0x4)
                0x004194f8                _etext = .

.relocate       0x20000000      0x244 load address 0x004194f8
                0x20000000                . = ALIGN (0x4)
                0x20000000                _srelocate = .
 *(.ramfunc .ramfunc.*)
 .ramfunc       0x20000000       0x84 src/ASF/sam/drivers/efc/efc.o
                0x20000000                efc_perform_read_sequence
                0x20000068                efc_write_fmr
                0x2000006c                efc_perform_fcr
 .ramfunc       0x20000084        0xc src/ASF/common/services/delay/sam/cycle_counter.o
                0x20000084                portable_delay_cycles
 *(.data .data.*)
 .data          0x20000090       0x80 src/Fields.o
 .data          0x20000110        0xc src/FileManager.o
                0x20000114                FileManager::filesRoot
                0x20000118                FileManager::macrosRoot
 .data          0x2000011c       0x2c src/Hardware/Buzzer.o
 .data          0x20000148       0x20 src/Hardware/SerialIo.o
                0x20000148                SerialIo::arrayElems
                0x2000014c                SerialIo::trCedilla
                0x20000150                SerialIo::trGrave
                0x20000154                SerialIo::trAcute
                0x20000158                SerialIo::trCircumflex
                0x2000015c                SerialIo::trTilde
                0x20000160                SerialIo::trUmlaut
                0x20000164                SerialIo::trCircle
 .data          0x20000168        0x6 src/Display.o
                0x20000168                ButtonBase::textMargin
                0x2000016a                ButtonBase::iconMargin
                0x2000016c                DisplayField::defaultFcolour
 *fill*         0x2000016e        0x2 
 .data          0x20000170       0x2c src/PanelDue.o
                0x20000170                statusText
 .data.g_interrupt_enabled
                0x2000019c        0x1 src/ASF/common/utils/interrupt/interrupt_sam_nvic.o
                0x2000019c                g_interrupt_enabled
 *fill*         0x2000019d        0x3 
 .data.SystemCoreClock
                0x200001a0        0x4 src/ASF/sam/utils/cmsis/sam3s/source/templates/system_sam3s.o
                0x200001a0                SystemCoreClock
 .data.impure_data
                0x200001a4       0x60 c:/program files (x86)/atmel/studio/7.0/toolchain/arm/arm-gnu-toolchain/bin/../lib/gcc/arm-none-eabi/4.9.3/../../../../arm-none-eabi/lib/armv7-m\libc_nano.a(lib_a-impure.o)
 .data._impure_ptr
                0x20000204        0x4 c:/program files (x86)/atmel/studio/7.0/toolchain/arm/arm-gnu-toolchain/bin/../lib/gcc/arm-none-eabi/4.9.3/../../../../arm-none-eabi/lib/armv7-m\libc_nano.a(lib_a-impure.o)
                0x20000204                _impure_ptr
 .data.__ctype_ptr__
                0x20000208        0x4 c:/program files (x86)/atmel/studio/7.0/toolchain/arm/arm-gnu-toolchain/bin/../lib/gcc/arm-none-eabi/4.9.3/../../../../arm-none-eabi/lib/armv7-m\libc_nano.a(lib_a-ctype_.o)
                0x20000208                __ctype_ptr__
 .data.lconv    0x2000020c       0x38 c:/program files (x86)/atmel/studio/7.0/toolchain/arm/arm-gnu-toolchain/bin/../lib/gcc/arm-none-eabi/4.9.3/../../../../arm-none-eabi/lib/armv7-m\libc_nano.a(lib_a-locale.o)
                0x20000244                . = ALIGN (0x4)
                0x20000244                _erelocate = .

.bss            0x20000244     0x34b4 load address 0x0041973c
                0x20000244                . = ALIGN (0x4)
                0x20000244                _sbss = .
                0x20000244                _szero = .
 *(.bss .bss.*)
 .bss           0x20000244       0x1c c:/program files (x86)/atmel/studio/7.0/toolchain/arm/arm-gnu-toolchain/bin/../lib/gcc/arm-none-eabi/4.9.3/armv7-m/crtbegin.o
 .bss           0x20000260      0x438 src/MessageLog.o
 .bss.gs_ul_page_buffer
                0x20000698      0x100 src/ASF/sam/services/flash_efc/flash_efc.o
 .bss           0x20000798      0x34c src/Fields.o
                0x2000079c                iconTemps
                0x200007a8                currentTemps
                0x200007b4                activeTemps
                0x200007c0                standbyTemps
                0x200007cc                commonRoot
                0x200007d4                xPos
                0x200007d8                yPos
                0x200007dc                zPos
                0x200007e4                homeAllButton
                0x200007e8                homeButtons
                0x200007f4                moveButton
                0x200007f8                extrudeButton
                0x200007fc                macroButton
                0x20000800                controlRoot
                0x20000804                extrusionFactors
                0x20000810                spd
                0x20000814                fanSpeed
                0x20000818                filesButtonField
                0x20000820                pauseButtonField
                0x20000828                resumeButtonField
                0x20000830                resetButtonField
                0x20000838                printProgressBar
                0x2000083c                timeLeftField
                0x20000840                printRoot
                0x20000844                baseRoot
                0x20000848                messageTimeFields
                0x20000870                messageTextFields
                0x20000898                messageRoot
                0x2000089c                fwVersionField
                0x200008a4                settingsNotSavedField
                0x200008a8                volumeButton
                0x200008ac                languageButton
                0x200008b0                setupRoot
                0x200008b4                touchCalibInstruction
                0x200008b8                setTempPopup
                0x200008bc                movePopup
                0x200008c0                extrudePopup
                0x200008c4                currentExtrudeAmountPress
                0x200008cc                currentExtrudeRatePress
                0x200008d4                fileListPopup
                0x200008d8                filePopupTitleField
                0x200008dc                scrollFilesLeftButton
                0x200008e0                scrollFilesRightButton
                0x200008e4                filesUpButton
                0x200008e8                filenameButtons
                0x20000918                filePopup
                0x2000091c                fpNameField
                0x20000920                fpSizeField
                0x20000924                fpLayerHeightField